Resource Usage Report for SF2_MSS_sys 

Mapping to part: m2s025vf256std
Cell usage:
CCC             1 use
CLKINT          4 uses
MSS_025         1 use
OR2             1 use
OR3             2 uses
RCOSC_25_50MHZ  1 use
SYSRESET        1 use
CFG1           8 uses
CFG2           292 uses
CFG3           438 uses
CFG4           747 uses

Carry cells:
ARI1            202 uses - used for arithmetic functions
ARI1            98 uses - used for Wide-Mux implementation
Total ARI1      300 uses


Sequential Cells: 
SLE            970 uses

DSP Blocks:    0 of 34 (0%)

I/O ports: 54
I/O primitives: 53
BIBUF          2 uses
INBUF          18 uses
OUTBUF         33 uses


Global Clock Buffers: 4 of 8 (50%)


Total LUTs:    1785

Extra resources required for RAM and MACC interface logic during P&R:

RAM64x18 Interface Logic : SLEs = 324; LUTs = 324;
RAM1K18  Interface Logic : SLEs = 0; LUTs = 0;
MACC     Interface Logic : SLEs = 0; LUTs = 0;

Total number of SLEs after P&R:  970 + 324 + 0 + 0 = 1294;
Total number of LUTs after P&R:  1785 + 324 + 0 + 0 = 2109;

