Archive member included to satisfy reference by file (symbol)

c:/microsemi/softconsole_v5.1/arm-none-eabi-gcc/bin/../lib/gcc/arm-none-eabi/6.3.1/thumb/v7-m\libgcc.a(_arm_addsubdf3.o)
                              ./src/MCP3909.o (__aeabi_ui2d)
c:/microsemi/softconsole_v5.1/arm-none-eabi-gcc/bin/../lib/gcc/arm-none-eabi/6.3.1/thumb/v7-m\libgcc.a(_arm_muldivdf3.o)
                              ./src/MCP3909.o (__aeabi_ddiv)
c:/microsemi/softconsole_v5.1/arm-none-eabi-gcc/bin/../lib/gcc/arm-none-eabi/6.3.1/../../../../arm-none-eabi/lib/thumb/v7-m\libg.a(lib_a-exit.o)
                              c:/microsemi/softconsole_v5.1/arm-none-eabi-gcc/bin/../lib/gcc/arm-none-eabi/6.3.1/../../../../arm-none-eabi/lib/thumb/v7-m/rdimon-crt0.o (exit)
c:/microsemi/softconsole_v5.1/arm-none-eabi-gcc/bin/../lib/gcc/arm-none-eabi/6.3.1/../../../../arm-none-eabi/lib/thumb/v7-m\libg.a(lib_a-impure.o)
                              c:/microsemi/softconsole_v5.1/arm-none-eabi-gcc/bin/../lib/gcc/arm-none-eabi/6.3.1/../../../../arm-none-eabi/lib/thumb/v7-m\libg.a(lib_a-exit.o) (_global_impure_ptr)
c:/microsemi/softconsole_v5.1/arm-none-eabi-gcc/bin/../lib/gcc/arm-none-eabi/6.3.1/../../../../arm-none-eabi/lib/thumb/v7-m\libg.a(lib_a-init.o)
                              c:/microsemi/softconsole_v5.1/arm-none-eabi-gcc/bin/../lib/gcc/arm-none-eabi/6.3.1/../../../../arm-none-eabi/lib/thumb/v7-m/rdimon-crt0.o (__libc_init_array)
c:/microsemi/softconsole_v5.1/arm-none-eabi-gcc/bin/../lib/gcc/arm-none-eabi/6.3.1/../../../../arm-none-eabi/lib/thumb/v7-m\libg.a(lib_a-memcpy.o)
                              ./drivers/mss_sys_services/mss_sys_services.o (memcpy)
c:/microsemi/softconsole_v5.1/arm-none-eabi-gcc/bin/../lib/gcc/arm-none-eabi/6.3.1/../../../../arm-none-eabi/lib/thumb/v7-m\libg.a(lib_a-memset.o)
                              c:/microsemi/softconsole_v5.1/arm-none-eabi-gcc/bin/../lib/gcc/arm-none-eabi/6.3.1/../../../../arm-none-eabi/lib/thumb/v7-m/rdimon-crt0.o (memset)
c:/microsemi/softconsole_v5.1/arm-none-eabi-gcc/bin/../lib/gcc/arm-none-eabi/6.3.1/../../../../arm-none-eabi/lib/thumb/v7-m\libg.a(lib_a-__call_atexit.o)
                              c:/microsemi/softconsole_v5.1/arm-none-eabi-gcc/bin/../lib/gcc/arm-none-eabi/6.3.1/../../../../arm-none-eabi/lib/thumb/v7-m\libg.a(lib_a-exit.o) (__call_exitprocs)
c:/microsemi/softconsole_v5.1/arm-none-eabi-gcc/bin/../lib/gcc/arm-none-eabi/6.3.1/../../../../arm-none-eabi/lib/thumb/v7-m\libg.a(lib_a-atexit.o)
                              c:/microsemi/softconsole_v5.1/arm-none-eabi-gcc/bin/../lib/gcc/arm-none-eabi/6.3.1/../../../../arm-none-eabi/lib/thumb/v7-m\libg.a(lib_a-__call_atexit.o) (atexit)
c:/microsemi/softconsole_v5.1/arm-none-eabi-gcc/bin/../lib/gcc/arm-none-eabi/6.3.1/../../../../arm-none-eabi/lib/thumb/v7-m\libg.a(lib_a-fini.o)
                              c:/microsemi/softconsole_v5.1/arm-none-eabi-gcc/bin/../lib/gcc/arm-none-eabi/6.3.1/../../../../arm-none-eabi/lib/thumb/v7-m\libg.a(lib_a-__call_atexit.o) (__libc_fini_array)
c:/microsemi/softconsole_v5.1/arm-none-eabi-gcc/bin/../lib/gcc/arm-none-eabi/6.3.1/../../../../arm-none-eabi/lib/thumb/v7-m\libg.a(lib_a-lock.o)
                              c:/microsemi/softconsole_v5.1/arm-none-eabi-gcc/bin/../lib/gcc/arm-none-eabi/6.3.1/../../../../arm-none-eabi/lib/thumb/v7-m\libg.a(lib_a-__call_atexit.o) (__retarget_lock_acquire_recursive)
c:/microsemi/softconsole_v5.1/arm-none-eabi-gcc/bin/../lib/gcc/arm-none-eabi/6.3.1/../../../../arm-none-eabi/lib/thumb/v7-m\libg.a(lib_a-__atexit.o)
                              c:/microsemi/softconsole_v5.1/arm-none-eabi-gcc/bin/../lib/gcc/arm-none-eabi/6.3.1/../../../../arm-none-eabi/lib/thumb/v7-m\libg.a(lib_a-atexit.o) (__register_exitproc)
c:/microsemi/softconsole_v5.1/arm-none-eabi-gcc/bin/../lib/gcc/arm-none-eabi/6.3.1/../../../../arm-none-eabi/lib/thumb/v7-m\librdimon.a(rdimon-syscalls.o)
                              c:/microsemi/softconsole_v5.1/arm-none-eabi-gcc/bin/../lib/gcc/arm-none-eabi/6.3.1/../../../../arm-none-eabi/lib/thumb/v7-m/rdimon-crt0.o (initialise_monitor_handles)
c:/microsemi/softconsole_v5.1/arm-none-eabi-gcc/bin/../lib/gcc/arm-none-eabi/6.3.1/../../../../arm-none-eabi/lib/thumb/v7-m\librdimon.a(rdimon-_exit.o)
                              c:/microsemi/softconsole_v5.1/arm-none-eabi-gcc/bin/../lib/gcc/arm-none-eabi/6.3.1/../../../../arm-none-eabi/lib/thumb/v7-m\libg.a(lib_a-exit.o) (_exit)
c:/microsemi/softconsole_v5.1/arm-none-eabi-gcc/bin/../lib/gcc/arm-none-eabi/6.3.1/../../../../arm-none-eabi/lib/thumb/v7-m\librdimon.a(rdimon-_kill.o)
                              c:/microsemi/softconsole_v5.1/arm-none-eabi-gcc/bin/../lib/gcc/arm-none-eabi/6.3.1/../../../../arm-none-eabi/lib/thumb/v7-m\librdimon.a(rdimon-_exit.o) (_kill)
c:/microsemi/softconsole_v5.1/arm-none-eabi-gcc/bin/../lib/gcc/arm-none-eabi/6.3.1/../../../../arm-none-eabi/lib/thumb/v7-m\libc.a(lib_a-errno.o)
[...]
Memory Configuration

Name             Origin             Length             Attributes
ram              0x20000000         0x00010000         xrw
*default*        0x00000000         0xffffffff

Linker script and memory map

LOAD c:/microsemi/softconsole_v5.1/arm-none-eabi-gcc/bin/../lib/gcc/arm-none-eabi/6.3.1/thumb/v7-m/crti.o
LOAD c:/microsemi/softconsole_v5.1/arm-none-eabi-gcc/bin/../lib/gcc/arm-none-eabi/6.3.1/thumb/v7-m/crtbegin.o
LOAD c:/microsemi/softconsole_v5.1/arm-none-eabi-gcc/bin/../lib/gcc/arm-none-eabi/6.3.1/../../../../arm-none-eabi/lib/thumb/v7-m/rdimon-crt0.o
LOAD ./src/MCP3909.o
LOAD ./src/demo.o
LOAD ./hal/CortexM3/GNU/hal.o
LOAD ./hal/CortexM3/GNU/hw_reg_access.o
LOAD ./hal/CortexM3/cortex_nvic.o
LOAD ./drivers_config/sys_config/sys_config.o
LOAD ./drivers/mss_sys_services/mss_comblk.o
LOAD ./drivers/mss_sys_services/mss_sys_services.o
LOAD ./drivers/mss_spi/mss_spi.o
LOAD ./drivers/mss_rtc/mss_rtc.o
LOAD ./drivers/mss_nvm/mss_nvm.o
LOAD ./drivers/mss_hpdma/mss_hpdma.o
LOAD ./drivers/CoreUARTapb/core_uart_apb.o
LOAD ./drivers/CoreSPI/core_spi.o
LOAD ./drivers/CorePWM/core_pwm.o
LOAD ./drivers/CoreI2C/core_i2c.o
LOAD ./drivers/CoreI2C/i2c_interrupt.o
LOAD ./drivers/CoreGPIO/core_gpio.o
LOAD ./CMSIS/startup_gcc/startup_m2sxxx.o
LOAD ./CMSIS/system_m2sxxx.o
LOAD ./.metadata/.plugins/org.eclipse.cdt.make.core/specs.o
LOAD ./main.o
START GROUP
LOAD c:/microsemi/softconsole_v5.1/arm-none-eabi-gcc/bin/../lib/gcc/arm-none-eabi/6.3.1/thumb/v7-m\libgcc.a
LOAD c:/microsemi/softconsole_v5.1/arm-none-eabi-gcc/bin/../lib/gcc/arm-none-eabi/6.3.1/../../../../arm-none-eabi/lib/thumb/v7-m\libg.a
LOAD c:/microsemi/softconsole_v5.1/arm-none-eabi-gcc/bin/../lib/gcc/arm-none-eabi/6.3.1/../../../../arm-none-eabi/lib/thumb/v7-m\libc.a
END GROUP
START GROUP
LOAD c:/microsemi/softconsole_v5.1/arm-none-eabi-gcc/bin/../lib/gcc/arm-none-eabi/6.3.1/thumb/v7-m\libgcc.a
LOAD c:/microsemi/softconsole_v5.1/arm-none-eabi-gcc/bin/../lib/gcc/arm-none-eabi/6.3.1/../../../../arm-none-eabi/lib/thumb/v7-m\libc.a
LOAD c:/microsemi/softconsole_v5.1/arm-none-eabi-gcc/bin/../lib/gcc/arm-none-eabi/6.3.1/../../../../arm-none-eabi/lib/thumb/v7-m\librdimon.a
END GROUP
LOAD c:/microsemi/softconsole_v5.1/arm-none-eabi-gcc/bin/../lib/gcc/arm-none-eabi/6.3.1/thumb/v7-m/crtend.o
LOAD c:/microsemi/softconsole_v5.1/arm-none-eabi-gcc/bin/../lib/gcc/arm-none-eabi/6.3.1/thumb/v7-m/crtn.o
START GROUP
LOAD c:/microsemi/softconsole_v5.1/arm-none-eabi-gcc/bin/../lib/gcc/arm-none-eabi/6.3.1/../../../../arm-none-eabi/lib/thumb/v7-m\libc.a
LOAD c:/microsemi/softconsole_v5.1/arm-none-eabi-gcc/bin/../lib/gcc/arm-none-eabi/6.3.1/thumb/v7-m\libgcc.a
LOAD c:/microsemi/softconsole_v5.1/arm-none-eabi-gcc/bin/../lib/gcc/arm-none-eabi/6.3.1/../../../../arm-none-eabi/lib/thumb/v7-m\libm.a
END GROUP
                0x00000000                __DYNAMIC = 0x0
                0x20000000                RAM_START_ADDRESS = 0x20000000
                0x00010000                RAM_SIZE = 0x10000
                0x00001000                MAIN_STACK_SIZE = 0x1000
                0x00001000                MIN_SIZE_HEAP = 0x1000
                0x20010000                PROVIDE (__main_stack_start, (RAM_START_ADDRESS + RAM_SIZE))
                [!provide]                PROVIDE (_estack, __main_stack_start)
                0x00000000                PROVIDE (__mirrored_nvm, 0x0)
                0x00000000                PROVIDE (__smartfusion2_memory_remap, 0x0)

.vector_table   0x20000000      0x190
                0x20000000                __vector_table_load = LOADADDR (.vector_table)
                0x20000000                __vector_table_start = .
                0x20000000                __vector_table_vma_base_address = .
 *(.isr_vector)
 .isr_vector    0x20000000      0x190 ./CMSIS/startup_gcc/startup_m2sxxx.o
                0x20000000                g_pfnVectors
                0x20000190                . = ALIGN (0x10)
                0x20000190                _evector_table = .

.boot_code      0x20000190      0x320
 *(.boot_code)
 .boot_code     0x20000190      0x31c ./CMSIS/startup_gcc/startup_m2sxxx.o
                0x20000190                Reset_Handler
                0x2000037e                NMI_Handler
                0x20000380                HardFault_Handler
                0x20000382                MemManage_Handler
                0x20000384                BusFault_Handler
                0x20000386                UsageFault_Handler
                0x20000388                SVC_Handler
                0x2000038a                DebugMon_Handler
                0x2000038c                PendSV_Handler
                0x2000038e                SysTick_Handler
                0x20000390                WdogWakeup_IRQHandler
                0x20000392                RTC_Wakeup_IRQHandler
                0x20000398                I2C0_IRQHandler
                0x2000039a                I2C0_SMBAlert_IRQHandler
                0x2000039c                I2C0_SMBus_IRQHandler
                0x2000039e                I2C1_IRQHandler
                0x200003a0                I2C1_SMBAlert_IRQHandler
                0x200003a2                I2C1_SMBus_IRQHandler
                0x200003a4                UART0_IRQHandler
                0x200003a6                UART1_IRQHandler
                0x200003a8                EthernetMAC_IRQHandler
                0x200003aa                DMA_IRQHandler
                0x200003ae                Timer2_IRQHandler
                0x200003b0                CAN_IRQHandler
                0x200003b2                ENVM0_IRQHandler
                0x200003b4                ENVM1_IRQHandler
                0x200003b8                USB_IRQHandler
                0x200003ba                USB_DMA_IRQHandler
                0x200003bc                PLL_Lock_IRQHandler
                0x200003be                PLL_LockLost_IRQHandler
                0x200003c0                CommSwitchError_IRQHandler
                0x200003c2                CacheError_IRQHandler
                0x200003c4                DDR_IRQHandler
                0x200003ca                ECC_Error_IRQHandler
                0x200003cc                MDDR_IOCalib_IRQHandler
                0x200003ce                FAB_PLL_Lock_IRQHandler
                0x200003d0                FAB_PLL_LockLost_IRQHandler
                0x200003d2                FIC64_IRQHandler
                0x200003d4                FabricIrq0_IRQHandler
                0x200003da                FabricIrq3_IRQHandler
                0x200003dc                FabricIrq4_IRQHandler
                0x200003de                FabricIrq5_IRQHandler
                0x200003e0                FabricIrq6_IRQHandler
                0x200003e2                FabricIrq7_IRQHandler
                0x200003e4                FabricIrq8_IRQHandler
                0x200003e6                FabricIrq9_IRQHandler
                0x200003e8                FabricIrq10_IRQHandler
                0x200003ea                FabricIrq11_IRQHandler
                0x200003ec                FabricIrq12_IRQHandler
                0x200003ee                FabricIrq13_IRQHandler
                0x200003f0                FabricIrq14_IRQHandler
                0x200003f2                FabricIrq15_IRQHandler
                0x200003f4                GPIO0_IRQHandler
                0x200003f6                GPIO1_IRQHandler
                0x200003f8                GPIO2_IRQHandler
                0x200003fa                GPIO3_IRQHandler
                0x200003fc                GPIO4_IRQHandler
                0x200003fe                GPIO5_IRQHandler
                0x20000400                GPIO6_IRQHandler
                0x20000402                GPIO7_IRQHandler
                0x20000404                GPIO8_IRQHandler
                0x20000406                GPIO9_IRQHandler
                0x20000408                GPIO10_IRQHandler
                0x2000040a                GPIO11_IRQHandler
                0x2000040c                GPIO12_IRQHandler
                0x2000040e                GPIO13_IRQHandler
                0x20000410                GPIO14_IRQHandler
                0x20000412                GPIO15_IRQHandler
                0x20000414                GPIO16_IRQHandler
                0x20000416                GPIO17_IRQHandler
                0x20000418                GPIO18_IRQHandler
                0x2000041a                GPIO19_IRQHandler
                0x2000041c                GPIO20_IRQHandler
                0x2000041e                GPIO21_IRQHandler
                0x20000420                GPIO22_IRQHandler
                0x20000422                GPIO23_IRQHandler
                0x20000424                GPIO24_IRQHandler
                0x20000426                GPIO25_IRQHandler
                0x20000428                GPIO26_IRQHandler
                0x2000042a                GPIO27_IRQHandler
                0x2000042c                GPIO28_IRQHandler
                0x2000042e                GPIO29_IRQHandler
                0x20000430                GPIO30_IRQHandler
                0x20000432                GPIO31_IRQHandler
                0x20000434                mscc_post_hw_cfg_init
                0x200004b0                . = ALIGN (0x10)
 *fill*         0x200004ac        0x4 

.text           0x200004b0     0x2630
 CREATE_OBJECT_SYMBOLS
                0x200004b0                __text_load = LOADADDR (.text)
                0x200004b0                __text_start = .
 *(.text .text.* .gnu.linkonce.t.*)
 .text          0x200004b0       0x6c c:/microsemi/softconsole_v5.1/arm-none-eabi-gcc/bin/../lib/gcc/arm-none-eabi/6.3.1/thumb/v7-m/crtbegin.o
 .text.MCP3903ResetOSR
                0x2000051c       0x50 ./src/MCP3909.o
                0x2000051c                MCP3903ResetOSR
 .text.MCP3903ReadRegister
                0x2000056c       0x80 ./src/MCP3909.o
                0x2000056c                MCP3903ReadRegister
 .text.MCP3903WriteRegister
                0x200005ec       0x76 ./src/MCP3909.o
                0x200005ec                MCP3903WriteRegister
 .text.MCP3903SetGain
                0x20000662       0x24 ./src/MCP3909.o
                0x20000662                MCP3903SetGain
 .text.MCP3903SetGainCB
                0x20000686       0x80 ./src/MCP3909.o
                0x20000686                MCP3903SetGainCB
 .text          0x20000706       0x90 ./hal/CortexM3/GNU/hw_reg_access.o
                0x20000706                HW_set_32bit_reg
                0x2000070a                HW_get_32bit_reg
                0x2000070e                HW_set_32bit_reg_field
                0x2000072a                HW_get_32bit_reg_field
                0x20000736                HW_set_16bit_reg
                0x2000073a                HW_get_16bit_reg
                0x2000073e                HW_set_16bit_reg_field
                0x2000075a                HW_get_16bit_reg_field
                0x20000766                HW_set_8bit_reg
                0x2000076a                HW_get_8bit_reg
                0x2000076e                HW_set_8bit_reg_field
                0x2000078a                HW_get_8bit_reg_field
 *fill*         0x20000796        0x2 
 .text.ComBlk_IRQHandler
                0x20000798       0x48 ./drivers/mss_sys_services/mss_comblk.o
                0x20000798                ComBlk_IRQHandler
 .text.handle_tx_okay_irq
                0x200007e0      0x1ac ./drivers/mss_sys_services/mss_comblk.o
 .text.handle_rx_okay_irq
                0x2000098c      0x210 ./drivers/mss_sys_services/mss_comblk.o
 .text.complete_request
                0x20000b9c       0x40 ./drivers/mss_sys_services/mss_comblk.o
 .text.abort_current_cmd
                0x20000bdc       0x4c ./drivers/mss_sys_services/mss_comblk.o
 .text.fill_tx_fifo
                0x20000c28       0x60 ./drivers/mss_sys_services/mss_comblk.o
 .text.process_sys_ctrl_command
                0x20000c88       0x28 ./drivers/mss_sys_services/mss_comblk.o
 .text.NVIC_ClearPendingIRQ
                0x20000cb0       0x34 ./drivers/mss_spi/mss_spi.o
 .text.recover_from_rx_overflow
                0x20000ce4      0x128 ./drivers/mss_spi/mss_spi.o
 .text.fill_slave_tx_fifo
                0x20000e0c       0xd6 ./drivers/mss_spi/mss_spi.o
 .text.read_slave_rx_fifo
                0x20000ee2       0xa6 ./drivers/mss_spi/mss_spi.o
 .text.mss_spi_isr
                0x20000f88      0x280 ./drivers/mss_spi/mss_spi.o
 .text.SPI0_IRQHandler
                0x20001208       0x24 ./drivers/mss_spi/mss_spi.o
                0x20001208                SPI0_IRQHandler
 .text.SPI1_IRQHandler
                0x2000122c       0x24 ./drivers/mss_spi/mss_spi.o
                0x2000122c                SPI1_IRQHandler
 .text.start_transfer
                0x20001250      0x150 ./drivers/mss_hpdma/mss_hpdma.o
 .text.HPDMA_Complete_IRQHandler
                0x200013a0       0xf8 ./drivers/mss_hpdma/mss_hpdma.o
                0x200013a0                HPDMA_Complete_IRQHandler
 .text.HPDMA_Error_IRQHandler
                0x20001498      0x100 ./drivers/mss_hpdma/mss_hpdma.o
                0x20001498                HPDMA_Error_IRQHandler
 .text.UART_init
                0x20001598      0x112 ./drivers/CoreUARTapb/core_uart_apb.o
                0x20001598                UART_init
 .text.UART_get_rx
                0x200016aa       0xc0 ./drivers/CoreUARTapb/core_uart_apb.o
                0x200016aa                UART_get_rx
 .text.UART_get_rx_status
                0x2000176a       0x3a ./drivers/CoreUARTapb/core_uart_apb.o
                0x2000176a                UART_get_rx_status
 .text.SPI_init
                0x200017a4       0xc2 ./drivers/CoreSPI/core_spi.o
                0x200017a4                SPI_init
 .text.SPI_configure_master_mode
                0x20001866       0x6a ./drivers/CoreSPI/core_spi.o
                0x20001866                SPI_configure_master_mode
 .text.SPI_set_slave_select
                0x200018d0       0x92 ./drivers/CoreSPI/core_spi.o
                0x200018d0                SPI_set_slave_select
 .text.SPI_clear_slave_select
                0x20001962       0x96 ./drivers/CoreSPI/core_spi.o
                0x20001962                SPI_clear_slave_select
 .text.SPI_transfer_frame
                0x200019f8       0x7e ./drivers/CoreSPI/core_spi.o
                0x200019f8                SPI_transfer_frame
 .text.recover_from_rx_overflow
                0x20001a76       0x48 ./drivers/CoreSPI/core_spi.o
 .text.PWM_init
                0x20001abe      0x13a ./drivers/CorePWM/core_pwm.o
                0x20001abe                PWM_init
 .text.PWM_enable
                0x20001bf8       0x94 ./drivers/CorePWM/core_pwm.o
                0x20001bf8                PWM_enable
 .text.PWM_disable
                0x20001c8c       0x9c ./drivers/CorePWM/core_pwm.o
                0x20001c8c                PWM_disable
 .text.PWM_set_duty_cycle
                0x20001d28       0xc4 ./drivers/CorePWM/core_pwm.o
                0x20001d28                PWM_set_duty_cycle
 .text.GPIO_init
                0x20001dec       0xd2 ./drivers/CoreGPIO/core_gpio.o
                0x20001dec                GPIO_init
 .text.GPIO_config
                0x20001ebe       0x4e ./drivers/CoreGPIO/core_gpio.o
                0x20001ebe                GPIO_config
 .text.GPIO_set_outputs
                0x20001f0c       0xc8 ./drivers/CoreGPIO/core_gpio.o
                0x20001f0c                GPIO_set_outputs
 .text.GPIO_get_outputs
                0x20001fd4       0xcc ./drivers/CoreGPIO/core_gpio.o
                0x20001fd4                GPIO_get_outputs
 .text.GPIO_enable_irq
                0x200020a0       0x4e ./drivers/CoreGPIO/core_gpio.o
                0x200020a0                GPIO_enable_irq
 .text.GPIO_disable_irq
                0x200020ee       0x4e ./drivers/CoreGPIO/core_gpio.o
                0x200020ee                GPIO_disable_irq
 .text.GPIO_clear_irq
                0x2000213c       0xb4 ./drivers/CoreGPIO/core_gpio.o
                0x2000213c                GPIO_clear_irq
 .text.SystemInit
                0x200021f0       0x20 ./CMSIS/system_m2sxxx.o
                0x200021f0                SystemInit
 .text.SystemCoreClockUpdate
                0x20002210       0xfc ./CMSIS/system_m2sxxx.o
                0x20002210                SystemCoreClockUpdate
 .text.get_rcosc_25_50mhz_frequency
                0x2000230c       0x3c ./CMSIS/system_m2sxxx.o
 .text.set_clock_frequency_globals
                0x20002348       0x5c ./CMSIS/system_m2sxxx.o
 .text.get_silicon_revision
                0x200023a4       0x48 ./CMSIS/system_m2sxxx.o
 .text.silicon_workarounds
                0x200023ec       0x22 ./CMSIS/system_m2sxxx.o
 *fill*         0x2000240e        0x2 
 .text.m2s050_rev_a_workarounds
                0x20002410       0x30 ./CMSIS/system_m2sxxx.o
 .text.NVIC_EnableIRQ
                0x20002440       0x30 ./main.o
 .text.NVIC_DisableIRQ
                0x20002470       0x34 ./main.o
 .text.NVIC_ClearPendingIRQ
                0x200024a4       0x34 ./main.o
 .text.NVIC_SetPriority
                0x200024d8       0x54 ./main.o
 .text.MSS_TIM1_init
                0x2000252c       0x5c ./main.o
 .text.MSS_TIM1_start
                0x20002588       0x18 ./main.o
 .text.MSS_TIM1_load_immediate
                0x200025a0       0x1a ./main.o
 *fill*         0x200025ba        0x2 
 .text.MSS_TIM1_enable_irq
                0x200025bc       0x1c ./main.o
 .text.MSS_TIM1_disable_irq
                0x200025d8       0x1c ./main.o
 .text.MSS_TIM1_clear_irq
                0x200025f4       0x18 ./main.o
 .text.main     0x2000260c      0x164 ./main.o
                0x2000260c                main
 .text.Timer1_IRQHandler
                0x20002770        0xc ./main.o
                0x20002770                Timer1_IRQHandler
 .text.FabricIrq1_IRQHandler
                0x2000277c       0x44 ./main.o
                0x2000277c                FabricIrq1_IRQHandler
 .text.FabricIrq2_IRQHandler
                0x200027c0       0x18 ./main.o
                0x200027c0                FabricIrq2_IRQHandler
 .text.delay    0x200027d8       0x2e ./main.o
                0x200027d8                delay
 *fill*         0x20002806        0x2 
 .text.__libc_init_array
                0x20002808       0x50 c:/microsemi/softconsole_v5.1/arm-none-eabi-gcc/bin/../lib/gcc/arm-none-eabi/6.3.1/../../../../arm-none-eabi/lib/thumb/v7-m\libg.a(lib_a-init.o)
                0x20002808                __libc_init_array
 .text.memset   0x20002858       0x9c c:/microsemi/softconsole_v5.1/arm-none-eabi-gcc/bin/../lib/gcc/arm-none-eabi/6.3.1/../../../../arm-none-eabi/lib/thumb/v7-m\libg.a(lib_a-memset.o)
                0x20002858                memset
 .text.startup.register_fini
                0x200028f4       0x14 c:/microsemi/softconsole_v5.1/arm-none-eabi-gcc/bin/../lib/gcc/arm-none-eabi/6.3.1/../../../../arm-none-eabi/lib/thumb/v7-m\libg.a(lib_a-__call_atexit.o)
 .text.atexit   0x20002908        0xc c:/microsemi/softconsole_v5.1/arm-none-eabi-gcc/bin/../lib/gcc/arm-none-eabi/6.3.1/../../../../arm-none-eabi/lib/thumb/v7-m\libg.a(lib_a-atexit.o)
                0x20002908                atexit
 .text.__libc_fini_array
                0x20002914       0x34 c:/microsemi/softconsole_v5.1/arm-none-eabi-gcc/bin/../lib/gcc/arm-none-eabi/6.3.1/../../../../arm-none-eabi/lib/thumb/v7-m\libg.a(lib_a-fini.o)
                0x20002914                __libc_fini_array
 .text.__retarget_lock_acquire_recursive
                0x20002948        0x4 c:/microsemi/softconsole_v5.1/arm-none-eabi-gcc/bin/../lib/gcc/arm-none-eabi/6.3.1/../../../../arm-none-eabi/lib/thumb/v7-m\libg.a(lib_a-lock.o)
                0x20002948                __retarget_lock_acquire_recursive
 .text.__retarget_lock_release_recursive
                0x2000294c        0x4 c:/microsemi/softconsole_v5.1/arm-none-eabi-gcc/bin/../lib/gcc/arm-none-eabi/6.3.1/../../../../arm-none-eabi/lib/thumb/v7-m\libg.a(lib_a-lock.o)
                0x2000294c                __retarget_lock_release_recursive
 .text.__register_exitproc
                0x20002950       0xc4 c:/microsemi/softconsole_v5.1/arm-none-eabi-gcc/bin/../lib/gcc/arm-none-eabi/6.3.1/../../../../arm-none-eabi/lib/thumb/v7-m\libg.a(lib_a-__atexit.o)
                0x20002950                __register_exitproc
 *(.plt)
 *(.gnu.warning)
 *(.glue_7t)
 .glue_7t       0x20002a14        0x0 linker stubs
 *(.glue_7)
 .glue_7        0x20002a14        0x0 linker stubs
 *(.vfp11_veneer)
 .vfp11_veneer  0x20002a14        0x0 linker stubs
                0x20002a14                . = ALIGN (0x4)
 *crtbegin.o(.ctors)
 *(EXCLUDE_FILE(*crtend.o) .ctors)
 *(SORT(.ctors.*))
 *crtend.o(.ctors)
 *crtbegin.o(.dtors)
 *(EXCLUDE_FILE(*crtend.o) .dtors)
 *(SORT(.dtors.*))
 *crtend.o(.dtors)
 *(.rodata .rodata.* .gnu.linkonce.r.*)
 .rodata.g_pwm_id_mask_lut
                0x20002a14       0x11 ./drivers/CorePWM/core_pwm.o
 *fill*         0x20002a25        0x3 
 .rodata.g_pwm_posedge_offset_lut
                0x20002a28       0x44 ./drivers/CorePWM/core_pwm.o
 .rodata.g_pwm_negedge_offset_lut
                0x20002a6c       0x44 ./drivers/CorePWM/core_pwm.o
 .rodata        0x20002ab0        0x8 ./CMSIS/system_m2sxxx.o
 .rodata._global_impure_ptr
                0x20002ab8        0x4 c:/microsemi/softconsole_v5.1/arm-none-eabi-gcc/bin/../lib/gcc/arm-none-eabi/6.3.1/../../../../arm-none-eabi/lib/thumb/v7-m\libg.a(lib_a-impure.o)
                0x20002ab8                _global_impure_ptr
 *(.ARM.extab* .gnu.linkonce.armextab.*)
 *(.gcc_except_table)
 *(.eh_frame_hdr)
 *(.eh_frame)
 .eh_frame      0x20002abc        0x0 c:/microsemi/softconsole_v5.1/arm-none-eabi-gcc/bin/../lib/gcc/arm-none-eabi/6.3.1/thumb/v7-m/crtbegin.o
 *(.vector_table)
 *(.init)
 .init          0x20002abc        0x4 c:/microsemi/softconsole_v5.1/arm-none-eabi-gcc/bin/../lib/gcc/arm-none-eabi/6.3.1/thumb/v7-m/crti.o
                0x20002abc                _init
 .init          0x20002ac0        0x8 c:/microsemi/softconsole_v5.1/arm-none-eabi-gcc/bin/../lib/gcc/arm-none-eabi/6.3.1/thumb/v7-m/crtn.o
 *(.fini)
 .fini          0x20002ac8        0x4 c:/microsemi/softconsole_v5.1/arm-none-eabi-gcc/bin/../lib/gcc/arm-none-eabi/6.3.1/thumb/v7-m/crti.o
                0x20002ac8                _fini
 .fini          0x20002acc        0x8 c:/microsemi/softconsole_v5.1/arm-none-eabi-gcc/bin/../lib/gcc/arm-none-eabi/6.3.1/thumb/v7-m/crtn.o
                0x20002ad4                PROVIDE (__preinit_array_start, .)
 *(.preinit_array)
                0x20002ad4                PROVIDE (__preinit_array_end, .)
                0x20002ad4                PROVIDE (__init_array_start, .)
 *(SORT(.init_array.*))
 .init_array.00000
                0x20002ad4        0x4 c:/microsemi/softconsole_v5.1/arm-none-eabi-gcc/bin/../lib/gcc/arm-none-eabi/6.3.1/../../../../arm-none-eabi/lib/thumb/v7-m\libg.a(lib_a-__call_atexit.o)
 *(.init_array)
 .init_array    0x20002ad8        0x4 c:/microsemi/softconsole_v5.1/arm-none-eabi-gcc/bin/../lib/gcc/arm-none-eabi/6.3.1/thumb/v7-m/crtbegin.o
                0x20002adc                PROVIDE (__init_array_end, .)
                0x20002adc                PROVIDE (__fini_array_start, .)
 *(.fini_array)
 .fini_array    0x20002adc        0x4 c:/microsemi/softconsole_v5.1/arm-none-eabi-gcc/bin/../lib/gcc/arm-none-eabi/6.3.1/thumb/v7-m/crtbegin.o
 *(SORT(.fini_array.*))
                0x20002ae0                PROVIDE (__fini_array_end, .)
                0x20002ae0                . = ALIGN (0x10)
                0x20002ae0                __exidx_start = .

.v4_bx          0x20002ae0        0x0
 .v4_bx         0x20002ae0        0x0 linker stubs

.iplt           0x20002ae0        0x0
 .iplt          0x20002ae0        0x0 c:/microsemi/softconsole_v5.1/arm-none-eabi-gcc/bin/../lib/gcc/arm-none-eabi/6.3.1/thumb/v7-m/crtbegin.o

.rel.dyn        0x20002ae0        0x0
 .rel.iplt      0x20002ae0        0x0 c:/microsemi/softconsole_v5.1/arm-none-eabi-gcc/bin/../lib/gcc/arm-none-eabi/6.3.1/thumb/v7-m/crtbegin.o

.ARM.exidx
 *(.ARM.exidx* .gnu.linkonce.armexidx.*)
                0x20002ae0                __exidx_end = .
                0x20002ae0                _etext = .
                [!provide]                PROVIDE (__text_end, .)

.data           0x20002ae0      0x460
                0x20002ae0                __data_load = LOADADDR (.data)
                0x20002ae0                _sidata = LOADADDR (.data)
                0x20002ae0                __data_start = .
                0x20002ae0                _sdata = .
 *(.jcr)
 .jcr           0x20002ae0        0x0 c:/microsemi/softconsole_v5.1/arm-none-eabi-gcc/bin/../lib/gcc/arm-none-eabi/6.3.1/thumb/v7-m/crtbegin.o
 .jcr           0x20002ae0        0x4 c:/microsemi/softconsole_v5.1/arm-none-eabi-gcc/bin/../lib/gcc/arm-none-eabi/6.3.1/thumb/v7-m/crtend.o
 *(.got.plt)
 *(.got)
 *(.shdata)
 *(.data .data.* .gnu.linkonce.d.*)
 .data.SystemCoreClock
                0x20002ae4        0x4 ./CMSIS/system_m2sxxx.o
                0x20002ae4                SystemCoreClock
 .data.g_FrequencyPCLK0
                0x20002ae8        0x4 ./CMSIS/system_m2sxxx.o
                0x20002ae8                g_FrequencyPCLK0
 .data.g_FrequencyPCLK1
                0x20002aec        0x4 ./CMSIS/system_m2sxxx.o
                0x20002aec                g_FrequencyPCLK1
 .data.g_FrequencyPCLK2
                0x20002af0        0x4 ./CMSIS/system_m2sxxx.o
                0x20002af0                g_FrequencyPCLK2
 .data.g_FrequencyFIC0
                0x20002af4        0x4 ./CMSIS/system_m2sxxx.o
                0x20002af4                g_FrequencyFIC0
 .data.g_FrequencyFIC1
                0x20002af8        0x4 ./CMSIS/system_m2sxxx.o
                0x20002af8                g_FrequencyFIC1
 .data.g_FrequencyFIC64
                0x20002afc        0x4 ./CMSIS/system_m2sxxx.o
                0x20002afc                g_FrequencyFIC64
 .data.g_gpio_pattern
                0x20002b00        0x4 ./main.o
                0x20002b00                g_gpio_pattern
 *fill*         0x20002b04        0x4 
 .data.impure_data
                0x20002b08      0x428 c:/microsemi/softconsole_v5.1/arm-none-eabi-gcc/bin/../lib/gcc/arm-none-eabi/6.3.1/../../../../arm-none-eabi/lib/thumb/v7-m\libg.a(lib_a-impure.o)
 .data.__atexit_recursive_mutex
                0x20002f30        0x4 c:/microsemi/softconsole_v5.1/arm-none-eabi-gcc/bin/../lib/gcc/arm-none-eabi/6.3.1/../../../../arm-none-eabi/lib/thumb/v7-m\libg.a(lib_a-__call_atexit.o)
                0x20002f30                __atexit_recursive_mutex
                0x20002f40                . = ALIGN (0x10)
 *fill*         0x20002f34        0xc 
                0x20002f40                _edata = .

.igot.plt       0x20002f40        0x0
 .igot.plt      0x20002f40        0x0 c:/microsemi/softconsole_v5.1/arm-none-eabi-gcc/bin/../lib/gcc/arm-none-eabi/6.3.1/thumb/v7-m/crtbegin.o

.bss            0x20002f40      0x1f0
                0x20002f40                __bss_start__ = .
                0x20002f40                _sbss = .
 *(.shbss)
 *(.bss .bss.* .gnu.linkonce.b.*)
 .bss           0x20002f40       0x1c c:/microsemi/softconsole_v5.1/arm-none-eabi-gcc/bin/../lib/gcc/arm-none-eabi/6.3.1/thumb/v7-m/crtbegin.o
 .bss.g_comblk_cmd_opcode
                0x20002f5c        0x1 ./drivers/mss_sys_services/mss_comblk.o
 *fill*         0x20002f5d        0x3 
 .bss.g_comblk_p_cmd
                0x20002f60        0x4 ./drivers/mss_sys_services/mss_comblk.o
 .bss.g_comblk_cmd_size
                0x20002f64        0x2 ./drivers/mss_sys_services/mss_comblk.o
 *fill*         0x20002f66        0x2 
 .bss.g_comblk_p_data
                0x20002f68        0x4 ./drivers/mss_sys_services/mss_comblk.o
 .bss.g_comblk_data_size
                0x20002f6c        0x4 ./drivers/mss_sys_services/mss_comblk.o
 .bss.g_comblk_p_response
                0x20002f70        0x4 ./drivers/mss_sys_services/mss_comblk.o
 .bss.g_comblk_response_size
                0x20002f74        0x2 ./drivers/mss_sys_services/mss_comblk.o
 .bss.g_comblk_response_idx
                0x20002f76        0x2 ./drivers/mss_sys_services/mss_comblk.o
 .bss.g_comblk_completion_handler
                0x20002f78        0x4 ./drivers/mss_sys_services/mss_comblk.o
 .bss.g_comblk_page_handler
                0x20002f7c        0x4 ./drivers/mss_sys_services/mss_comblk.o
 .bss.g_request_in_progress
                0x20002f80        0x1 ./drivers/mss_sys_services/mss_comblk.o
 .bss.g_comblk_state
                0x20002f81        0x1 ./drivers/mss_sys_services/mss_comblk.o
 *fill*         0x20002f82        0x2 
 .bss.g_async_event_handler
                0x20002f84        0x4 ./drivers/mss_sys_services/mss_comblk.o
 .bss.g_transfer
                0x20002f88       0x18 ./drivers/mss_hpdma/mss_hpdma.o
 .bss.g_hpdma_end_desc
                0x20002fa0        0x4 ./drivers/mss_hpdma/mss_hpdma.o
 .bss.g_hpdma_current_desc
                0x20002fa4        0x4 ./drivers/mss_hpdma/mss_hpdma.o
 *(COMMON)
 COMMON         0x20002fa8       0x48 ./src/MCP3909.o
                0x20002fa8                g_core_spi0
 COMMON         0x20002ff0      0x108 ./drivers/mss_spi/mss_spi.o
                0x20002ff0                g_mss_spi1
                0x20003074                g_mss_spi0
 COMMON         0x200030f8       0x14 ./main.o
                0x200030f8                g_gpio
                0x20003100                g_uart
                0x20003108                the_pwm
 COMMON         0x2000310c       0x21 c:/microsemi/softconsole_v5.1/arm-none-eabi-gcc/bin/../lib/gcc/arm-none-eabi/6.3.1/../../../../arm-none-eabi/lib/thumb/v7-m\libg.a(lib_a-lock.o)
                0x2000310c                __lock___atexit_recursive_mutex
                0x20003110                __lock___arc4random_mutex
                0x20003114                __lock___env_recursive_mutex
                0x20003118                __lock___sinit_recursive_mutex
                0x2000311c                __lock___malloc_recursive_mutex
                0x20003120                __lock___at_quick_exit_mutex
                0x20003124                __lock___dd_hash_mutex
                0x20003128                __lock___tz_mutex
                0x2000312c                __lock___sfp_recursive_mutex
                0x20003130                . = ALIGN (0x10)
 *fill*         0x2000312d        0x3 
                0x20003130                __bss_end__ = .
                0x20003130                _end = .
                0x20003130                __end = _end
                0x20003130                _ebss = .
                0x20003130                PROVIDE (end, .)

.heap           0x20003130     0xbed0
                0x20003130                __heap_start__ = .
                0x20004130                . = (. + MIN_SIZE_HEAP)
 *fill*         0x20003130     0x1000 
                0x2000f000                . = (. + (((ABSOLUTE (RAM_START_ADDRESS) + RAM_SIZE) - MAIN_STACK_SIZE) - .))
 *fill*         0x20004130     0xaed0 
                0x2000f000                _eheap = .

.stack          0x2000f000     0x1000
                0x2000f000                __stack_start__ = .
                0x20010000                . = (. + MAIN_STACK_SIZE)
 *fill*         0x2000f000     0x1000 
                0x20010000                _estack = .

.stab
 *(.stab)

.stabstr
 *(.stabstr)

.debug
 *(.debug)

.line
 *(.line)

.debug_srcinfo
 *(.debug_srcinfo)

.debug_sfnames
 *(.debug_sfnames)

.debug_aranges  0x00000000      0xa68
 *(.debug_aranges)
 .debug_aranges
                0x00000000       0x50 ./src/MCP3909.o
 .debug_aranges
                0x00000050       0x20 ./src/demo.o
 .debug_aranges
                0x00000070       0x20 ./hal/CortexM3/GNU/hal.o
 .debug_aranges
                0x00000090       0x20 ./hal/CortexM3/GNU/hw_reg_access.o
 .debug_aranges
                0x000000b0       0x48 ./hal/CortexM3/cortex_nvic.o
 .debug_aranges
                0x000000f8       0x18 ./drivers_config/sys_config/sys_config.o
 .debug_aranges
                0x00000110       0x90 ./drivers/mss_sys_services/mss_comblk.o
 .debug_aranges
                0x000001a0      0x1c8 ./drivers/mss_sys_services/mss_sys_services.o
 .debug_aranges
                0x00000368       0xe0 ./drivers/mss_spi/mss_spi.o
 .debug_aranges
                0x00000448       0xc0 ./drivers/mss_rtc/mss_rtc.o
 .debug_aranges
                0x00000508       0x80 ./drivers/mss_nvm/mss_nvm.o
 .debug_aranges
                0x00000588       0x80 ./drivers/mss_hpdma/mss_hpdma.o
 .debug_aranges
                0x00000608       0x48 ./drivers/CoreUARTapb/core_uart_apb.o
 .debug_aranges
                0x00000650       0xa8 ./drivers/CoreSPI/core_spi.o
 .debug_aranges
                0x000006f8       0xb8 ./drivers/CorePWM/core_pwm.o
 .debug_aranges
                0x000007b0      0x110 ./drivers/CoreI2C/core_i2c.o
 .debug_aranges
                0x000008c0       0x28 ./drivers/CoreI2C/i2c_interrupt.o
 .debug_aranges
                0x000008e8       0x68 ./drivers/CoreGPIO/core_gpio.o
 .debug_aranges
                0x00000950       0x20 ./CMSIS/startup_gcc/startup_m2sxxx.o
 .debug_aranges
                0x00000970       0x50 ./CMSIS/system_m2sxxx.o
 .debug_aranges
                0x000009c0       0x18 ./.metadata/.plugins/org.eclipse.cdt.make.core/specs.o
 .debug_aranges
                0x000009d8       0x90 ./main.o

.debug_pubnames
 *(.debug_pubnames)

.debug_info     0x00000000    0x10054
 *(.debug_info .gnu.linkonce.wi.*)
 .debug_info    0x00000000      0x6de ./src/MCP3909.o
 .debug_info    0x000006de      0x306 ./src/demo.o
 .debug_info    0x000009e4       0xce ./hal/CortexM3/GNU/hal.o
 .debug_info    0x00000ab2       0xd8 ./hal/CortexM3/GNU/hw_reg_access.o
 .debug_info    0x00000b8a      0x18f ./hal/CortexM3/cortex_nvic.o
 .debug_info    0x00000d19       0x96 ./drivers_config/sys_config/sys_config.o
 .debug_info    0x00000daf      0xadb ./drivers/mss_sys_services/mss_comblk.o
 .debug_info    0x0000188a     0x262d ./drivers/mss_sys_services/mss_sys_services.o
 .debug_info    0x00003eb7     0x1da8 ./drivers/mss_spi/mss_spi.o
 .debug_info    0x00005c5f     0x195f ./drivers/mss_rtc/mss_rtc.o
 .debug_info    0x000075be     0x11c4 ./drivers/mss_nvm/mss_nvm.o
 .debug_info    0x00008782     0x1145 ./drivers/mss_hpdma/mss_hpdma.o
 .debug_info    0x000098c7      0x374 ./drivers/CoreUARTapb/core_uart_apb.o
 .debug_info    0x00009c3b      0xfc9 ./drivers/CoreSPI/core_spi.o
 .debug_info    0x0000ac04      0xafc ./drivers/CorePWM/core_pwm.o
 .debug_info    0x0000b700     0x14ab ./drivers/CoreI2C/core_i2c.o
 .debug_info    0x0000cbab      0x353 ./drivers/CoreI2C/i2c_interrupt.o
 .debug_info    0x0000cefe      0x579 ./drivers/CoreGPIO/core_gpio.o
 .debug_info    0x0000d477       0xda ./CMSIS/startup_gcc/startup_m2sxxx.o
 .debug_info    0x0000d551      0xab9 ./CMSIS/system_m2sxxx.o
 .debug_info    0x0000e00a       0x21 ./.metadata/.plugins/org.eclipse.cdt.make.core/specs.o
 .debug_info    0x0000e02b     0x2029 ./main.o

.debug_abbrev   0x00000000     0x21c3
 *(.debug_abbrev)
 .debug_abbrev  0x00000000      0x13a ./src/MCP3909.o
 .debug_abbrev  0x0000013a       0xe6 ./src/demo.o
 .debug_abbrev  0x00000220       0x14 ./hal/CortexM3/GNU/hal.o
 .debug_abbrev  0x00000234       0x14 ./hal/CortexM3/GNU/hw_reg_access.o
 .debug_abbrev  0x00000248       0x8b ./hal/CortexM3/cortex_nvic.o
 .debug_abbrev  0x000002d3       0x4e ./drivers_config/sys_config/sys_config.o
 .debug_abbrev  0x00000321      0x1fc ./drivers/mss_sys_services/mss_comblk.o
 .debug_abbrev  0x0000051d      0x31d ./drivers/mss_sys_services/mss_sys_services.o
 .debug_abbrev  0x0000083a      0x311 ./drivers/mss_spi/mss_spi.o
 .debug_abbrev  0x00000b4b      0x341 ./drivers/mss_rtc/mss_rtc.o
 .debug_abbrev  0x00000e8c      0x1cb ./drivers/mss_nvm/mss_nvm.o
 .debug_abbrev  0x00001057      0x269 ./drivers/mss_hpdma/mss_hpdma.o
 .debug_abbrev  0x000012c0      0x127 ./drivers/CoreUARTapb/core_uart_apb.o
 .debug_abbrev  0x000013e7      0x267 ./drivers/CoreSPI/core_spi.o
 .debug_abbrev  0x0000164e      0x186 ./drivers/CorePWM/core_pwm.o
 .debug_abbrev  0x000017d4      0x2ac ./drivers/CoreI2C/core_i2c.o
 .debug_abbrev  0x00001a80       0xff ./drivers/CoreI2C/i2c_interrupt.o
 .debug_abbrev  0x00001b7f      0x142 ./drivers/CoreGPIO/core_gpio.o
 .debug_abbrev  0x00001cc1       0x14 ./CMSIS/startup_gcc/startup_m2sxxx.o
 .debug_abbrev  0x00001cd5      0x190 ./CMSIS/system_m2sxxx.o
 .debug_abbrev  0x00001e65       0x13 ./.metadata/.plugins/org.eclipse.cdt.make.core/specs.o
 .debug_abbrev  0x00001e78      0x34b ./main.o

.debug_line     0x00000000     0x653f
 *(.debug_line)
 .debug_line    0x00000000      0x2bf ./src/MCP3909.o
 .debug_line    0x000002bf      0x24e ./src/demo.o
 .debug_line    0x0000050d       0x4d ./hal/CortexM3/GNU/hal.o
 .debug_line    0x0000055a       0x8b ./hal/CortexM3/GNU/hw_reg_access.o
 .debug_line    0x000005e5      0x2c5 ./hal/CortexM3/cortex_nvic.o
 .debug_line    0x000008aa      0x2ce ./drivers_config/sys_config/sys_config.o
 .debug_line    0x00000b78      0x587 ./drivers/mss_sys_services/mss_comblk.o
 .debug_line    0x000010ff      0xdee ./drivers/mss_sys_services/mss_sys_services.o
 .debug_line    0x00001eed      0x7fc ./drivers/mss_spi/mss_spi.o
 .debug_line    0x000026e9      0x6ab ./drivers/mss_rtc/mss_rtc.o
 .debug_line    0x00002d94      0x6c5 ./drivers/mss_nvm/mss_nvm.o
 .debug_line    0x00003459      0x490 ./drivers/mss_hpdma/mss_hpdma.o
 .debug_line    0x000038e9      0x454 ./drivers/CoreUARTapb/core_uart_apb.o
 .debug_line    0x00003d3d      0x6f5 ./drivers/CoreSPI/core_spi.o
 .debug_line    0x00004432      0x6ed ./drivers/CorePWM/core_pwm.o
 .debug_line    0x00004b1f      0x701 ./drivers/CoreI2C/core_i2c.o
 .debug_line    0x00005220      0x2bf ./drivers/CoreI2C/i2c_interrupt.o
 .debug_line    0x000054df      0x491 ./drivers/CoreGPIO/core_gpio.o
 .debug_line    0x00005970      0x18e ./CMSIS/startup_gcc/startup_m2sxxx.o
 .debug_line    0x00005afe      0x37d ./CMSIS/system_m2sxxx.o
 .debug_line    0x00005e7b       0x58 ./.metadata/.plugins/org.eclipse.cdt.make.core/specs.o
 .debug_line    0x00005ed3      0x66c ./main.o

.debug_frame    0x00000000     0x3368
 *(.debug_frame)
 .debug_frame   0x00000000      0x110 ./src/MCP3909.o
 .debug_frame   0x00000110       0x34 ./src/demo.o
 .debug_frame   0x00000144       0xf8 ./hal/CortexM3/cortex_nvic.o
 .debug_frame   0x0000023c      0x240 ./drivers/mss_sys_services/mss_comblk.o
 .debug_frame   0x0000047c      0x7dc ./drivers/mss_sys_services/mss_sys_services.o
 .debug_frame   0x00000c58      0x3c0 ./drivers/mss_spi/mss_spi.o
 .debug_frame   0x00001018      0x32c ./drivers/mss_rtc/mss_rtc.o
 .debug_frame   0x00001344      0x208 ./drivers/mss_nvm/mss_nvm.o
 .debug_frame   0x0000154c      0x210 ./drivers/mss_hpdma/mss_hpdma.o
 .debug_frame   0x0000175c       0xf0 ./drivers/CoreUARTapb/core_uart_apb.o
 .debug_frame   0x0000184c      0x2a0 ./drivers/CoreSPI/core_spi.o
 .debug_frame   0x00001aec      0x2e0 ./drivers/CorePWM/core_pwm.o
 .debug_frame   0x00001dcc      0x480 ./drivers/CoreI2C/core_i2c.o
 .debug_frame   0x0000224c       0x60 ./drivers/CoreI2C/i2c_interrupt.o
 .debug_frame   0x000022ac      0x178 ./drivers/CoreGPIO/core_gpio.o
 .debug_frame   0x00002424      0x10c ./CMSIS/system_m2sxxx.o
 .debug_frame   0x00002530      0x210 ./main.o
 .debug_frame   0x00002740       0xac c:/microsemi/softconsole_v5.1/arm-none-eabi-gcc/bin/../lib/gcc/arm-none-eabi/6.3.1/thumb/v7-m\libgcc.a(_arm_addsubdf3.o)
 .debug_frame   0x000027ec       0x50 c:/microsemi/softconsole_v5.1/arm-none-eabi-gcc/bin/../lib/gcc/arm-none-eabi/6.3.1/thumb/v7-m\libgcc.a(_arm_muldivdf3.o)
 .debug_frame   0x0000283c       0x28 c:/microsemi/softconsole_v5.1/arm-none-eabi-gcc/bin/../lib/gcc/arm-none-eabi/6.3.1/../../../../arm-none-eabi/lib/thumb/v7-m\libg.a(lib_a-exit.o)
 .debug_frame   0x00002864       0x2c c:/microsemi/softconsole_v5.1/arm-none-eabi-gcc/bin/../lib/gcc/arm-none-eabi/6.3.1/../../../../arm-none-eabi/lib/thumb/v7-m\libg.a(lib_a-init.o)
 .debug_frame   0x00002890       0x34 c:/microsemi/softconsole_v5.1/arm-none-eabi-gcc/bin/../lib/gcc/arm-none-eabi/6.3.1/../../../../arm-none-eabi/lib/thumb/v7-m\libg.a(lib_a-memset.o)
 .debug_frame   0x000028c4       0x5c c:/microsemi/softconsole_v5.1/arm-none-eabi-gcc/bin/../lib/gcc/arm-none-eabi/6.3.1/../../../../arm-none-eabi/lib/thumb/v7-m\libg.a(lib_a-__call_atexit.o)
 .debug_frame   0x00002920       0x20 c:/microsemi/softconsole_v5.1/arm-none-eabi-gcc/bin/../lib/gcc/arm-none-eabi/6.3.1/../../../../arm-none-eabi/lib/thumb/v7-m\libg.a(lib_a-atexit.o)
 .debug_frame   0x00002940       0x34 c:/microsemi/softconsole_v5.1/arm-none-eabi-gcc/bin/../lib/gcc/arm-none-eabi/6.3.1/../../../../arm-none-eabi/lib/thumb/v7-m\libg.a(lib_a-fini.o)
 .debug_frame   0x00002974       0xb0 c:/microsemi/softconsole_v5.1/arm-none-eabi-gcc/bin/../lib/gcc/arm-none-eabi/6.3.1/../../../../arm-none-eabi/lib/thumb/v7-m\libg.a(lib_a-lock.o)
 .debug_frame   0x00002a24       0x34 c:/microsemi/softconsole_v5.1/arm-none-eabi-gcc/bin/../lib/gcc/arm-none-eabi/6.3.1/../../../../arm-none-eabi/lib/thumb/v7-m\libg.a(lib_a-__atexit.o)
 .debug_frame   0x00002a58      0x388 c:/microsemi/softconsole_v5.1/arm-none-eabi-gcc/bin/../lib/gcc/arm-none-eabi/6.3.1/../../../../arm-none-eabi/lib/thumb/v7-m\librdimon.a(rdimon-syscalls.o)
 .debug_frame   0x00002de0       0x20 c:/microsemi/softconsole_v5.1/arm-none-eabi-gcc/bin/../lib/gcc/arm-none-eabi/6.3.1/../../../../arm-none-eabi/lib/thumb/v7-m\librdimon.a(rdimon-_exit.o)
 .debug_frame   0x00002e00       0x2c c:/microsemi/softconsole_v5.1/arm-none-eabi-gcc/bin/../lib/gcc/arm-none-eabi/6.3.1/../../../../arm-none-eabi/lib/thumb/v7-m\librdimon.a(rdimon-_kill.o)
 .debug_frame   0x00002e2c       0x20 c:/microsemi/softconsole_v5.1/arm-none-eabi-gcc/bin/../lib/gcc/arm-none-eabi/6.3.1/../../../../arm-none-eabi/lib/thumb/v7-m\libc.a(lib_a-errno.o)
 .debug_frame   0x00002e4c      0x150 c:/microsemi/softconsole_v5.1/arm-none-eabi-gcc/bin/../lib/gcc/arm-none-eabi/6.3.1/../../../../arm-none-eabi/lib/thumb/v7-m\libc.a(lib_a-findfp.o)
 .debug_frame   0x00002f9c       0x54 c:/microsemi/softconsole_v5.1/arm-none-eabi-gcc/bin/../lib/gcc/arm-none-eabi/6.3.1/../../../../arm-none-eabi/lib/thumb/v7-m\libc.a(lib_a-fwalk.o)
 .debug_frame   0x00002ff0       0x54 c:/microsemi/softconsole_v5.1/arm-none-eabi-gcc/bin/../lib/gcc/arm-none-eabi/6.3.1/../../../../arm-none-eabi/lib/thumb/v7-m\libc.a(lib_a-mallocr.o)
 .debug_frame   0x00003044       0x30 c:/microsemi/softconsole_v5.1/arm-none-eabi-gcc/bin/../lib/gcc/arm-none-eabi/6.3.1/../../../../arm-none-eabi/lib/thumb/v7-m\libc.a(lib_a-mlock.o)
 .debug_frame   0x00003074       0x2c c:/microsemi/softconsole_v5.1/arm-none-eabi-gcc/bin/../lib/gcc/arm-none-eabi/6.3.1/../../../../arm-none-eabi/lib/thumb/v7-m\libc.a(lib_a-sbrkr.o)
 .debug_frame   0x000030a0       0x88 c:/microsemi/softconsole_v5.1/arm-none-eabi-gcc/bin/../lib/gcc/arm-none-eabi/6.3.1/../../../../arm-none-eabi/lib/thumb/v7-m\libc.a(lib_a-stdio.o)
 .debug_frame   0x00003128       0x20 c:/microsemi/softconsole_v5.1/arm-none-eabi-gcc/bin/../lib/gcc/arm-none-eabi/6.3.1/../../../../arm-none-eabi/lib/thumb/v7-m\libc.a(lib_a-strlen-stub.o)
 .debug_frame   0x00003148       0x30 c:/microsemi/softconsole_v5.1/arm-none-eabi-gcc/bin/../lib/gcc/arm-none-eabi/6.3.1/../../../../arm-none-eabi/lib/thumb/v7-m\libc.a(lib_a-writer.o)
 .debug_frame   0x00003178       0x2c c:/microsemi/softconsole_v5.1/arm-none-eabi-gcc/bin/../lib/gcc/arm-none-eabi/6.3.1/../../../../arm-none-eabi/lib/thumb/v7-m\libc.a(lib_a-closer.o)
 .debug_frame   0x000031a4       0x3c c:/microsemi/softconsole_v5.1/arm-none-eabi-gcc/bin/../lib/gcc/arm-none-eabi/6.3.1/../../../../arm-none-eabi/lib/thumb/v7-m\libc.a(lib_a-fclose.o)
 .debug_frame   0x000031e0       0x5c c:/microsemi/softconsole_v5.1/arm-none-eabi-gcc/bin/../lib/gcc/arm-none-eabi/6.3.1/../../../../arm-none-eabi/lib/thumb/v7-m\libc.a(lib_a-fflush.o)
 .debug_frame   0x0000323c       0x74 c:/microsemi/softconsole_v5.1/arm-none-eabi-gcc/bin/../lib/gcc/arm-none-eabi/6.3.1/../../../../arm-none-eabi/lib/thumb/v7-m\libc.a(lib_a-freer.o)
 .debug_frame   0x000032b0       0x30 c:/microsemi/softconsole_v5.1/arm-none-eabi-gcc/bin/../lib/gcc/arm-none-eabi/6.3.1/../../../../arm-none-eabi/lib/thumb/v7-m\libc.a(lib_a-lseekr.o)
 .debug_frame   0x000032e0       0x30 c:/microsemi/softconsole_v5.1/arm-none-eabi-gcc/bin/../lib/gcc/arm-none-eabi/6.3.1/../../../../arm-none-eabi/lib/thumb/v7-m\libc.a(lib_a-readr.o)
 .debug_frame   0x00003310       0x58 c:/microsemi/softconsole_v5.1/arm-none-eabi-gcc/bin/../lib/gcc/arm-none-eabi/6.3.1/../../../../arm-none-eabi/lib/thumb/v7-m\libc.a(lib_a-reent.o)

.debug_str      0x00000000    0x1804d
 *(.debug_str)
 .debug_str     0x00000000     0x3611 ./src/MCP3909.o
                               0x38fe (size before relaxing)
 .debug_str     0x00003611       0xbb ./src/demo.o
                               0x37e8 (size before relaxing)
 .debug_str     0x000036cc      0x5db ./hal/CortexM3/cortex_nvic.o
                               0x3a4d (size before relaxing)
 .debug_str     0x00003ca7     0x58a9 ./drivers_config/sys_config/sys_config.o
                               0x8ce2 (size before relaxing)
 .debug_str     0x00009550      0xa1d ./drivers/mss_sys_services/mss_comblk.o
                               0x9aab (size before relaxing)
 .debug_str     0x00009f6d     0x5577 ./drivers/mss_sys_services/mss_sys_services.o
                               0xe7a3 (size before relaxing)
 .debug_str     0x0000f4e4      0xa1f ./drivers/mss_spi/mss_spi.o
                               0xd30e (size before relaxing)
 .debug_str     0x0000ff03      0x828 ./drivers/mss_rtc/mss_rtc.o
                               0xcf4d (size before relaxing)
 .debug_str     0x0001072b      0xd4a ./drivers/mss_nvm/mss_nvm.o
                               0xa472 (size before relaxing)
 .debug_str     0x00011475      0x754 ./drivers/mss_hpdma/mss_hpdma.o
                               0xa3c5 (size before relaxing)
 .debug_str     0x00011bc9      0xf25 ./drivers/CoreUARTapb/core_uart_apb.o
                               0x491c (size before relaxing)
 .debug_str     0x00012aee     0x115d ./drivers/CoreSPI/core_spi.o
                               0x81fb (size before relaxing)
 .debug_str     0x00013c4b      0xe48 ./drivers/CorePWM/core_pwm.o
                               0x4f8d (size before relaxing)
 .debug_str     0x00014a93      0xfe2 ./drivers/CoreI2C/core_i2c.o
                               0x7d5d (size before relaxing)
 .debug_str     0x00015a75       0x42 ./drivers/CoreI2C/i2c_interrupt.o
                               0x4460 (size before relaxing)
 .debug_str     0x00015ab7      0x996 ./drivers/CoreGPIO/core_gpio.o
                               0x4ad1 (size before relaxing)
 .debug_str     0x0001644d      0x4ee ./CMSIS/system_m2sxxx.o
                               0x9991 (size before relaxing)
 .debug_str     0x0001693b       0x38 ./.metadata/.plugins/org.eclipse.cdt.make.core/specs.o
                               0x257e (size before relaxing)
 .debug_str     0x00016973     0x16da ./main.o
                               0xf0a7 (size before relaxing)

.debug_loc
 *(.debug_loc)

.debug_macinfo
 *(.debug_macinfo)

.debug_weaknames
 *(.debug_weaknames)

.debug_funcnames
 *(.debug_funcnames)

.debug_typenames
 *(.debug_typenames)

.debug_varnames
 *(.debug_varnames)

.note.gnu.arm.ident
 *(.note.gnu.arm.ident)

.ARM.attributes
                0x00000000       0x29
 *(.ARM.attributes)
 .ARM.attributes
                0x00000000       0x1d c:/microsemi/softconsole_v5.1/arm-none-eabi-gcc/bin/../lib/gcc/arm-none-eabi/6.3.1/thumb/v7-m/crti.o
 .ARM.attributes
                0x0000001d       0x2d c:/microsemi/softconsole_v5.1/arm-none-eabi-gcc/bin/../lib/gcc/arm-none-eabi/6.3.1/thumb/v7-m/crtbegin.o
 .ARM.attributes
                0x0000004a       0x1b c:/microsemi/softconsole_v5.1/arm-none-eabi-gcc/bin/../lib/gcc/arm-none-eabi/6.3.1/../../../../arm-none-eabi/lib/thumb/v7-m/rdimon-crt0.o
 .ARM.attributes
                0x00000065       0x33 ./src/MCP3909.o
 .ARM.attributes
                0x00000098       0x33 ./src/demo.o
 .ARM.attributes
                0x000000cb       0x21 ./hal/CortexM3/GNU/hal.o
 .ARM.attributes
                0x000000ec       0x21 ./hal/CortexM3/GNU/hw_reg_access.o
 .ARM.attributes
                0x0000010d       0x33 ./hal/CortexM3/cortex_nvic.o
 .ARM.attributes
                0x00000140       0x33 ./drivers_config/sys_config/sys_config.o
 .ARM.attributes
                0x00000173       0x33 ./drivers/mss_sys_services/mss_comblk.o
 .ARM.attributes
                0x000001a6       0x33 ./drivers/mss_sys_services/mss_sys_services.o
 .ARM.attributes
                0x000001d9       0x33 ./drivers/mss_spi/mss_spi.o
 .ARM.attributes
                0x0000020c       0x33 ./drivers/mss_rtc/mss_rtc.o
 .ARM.attributes
                0x0000023f       0x33 ./drivers/mss_nvm/mss_nvm.o
 .ARM.attributes
                0x00000272       0x33 ./drivers/mss_hpdma/mss_hpdma.o
 .ARM.attributes
                0x000002a5       0x33 ./drivers/CoreUARTapb/core_uart_apb.o
 .ARM.attributes
                0x000002d8       0x33 ./drivers/CoreSPI/core_spi.o
 .ARM.attributes
                0x0000030b       0x33 ./drivers/CorePWM/core_pwm.o
 .ARM.attributes
                0x0000033e       0x33 ./drivers/CoreI2C/core_i2c.o
 .ARM.attributes
                0x00000371       0x33 ./drivers/CoreI2C/i2c_interrupt.o
 .ARM.attributes
                0x000003a4       0x33 ./drivers/CoreGPIO/core_gpio.o
 .ARM.attributes
                0x000003d7       0x21 ./CMSIS/startup_gcc/startup_m2sxxx.o
 .ARM.attributes
                0x000003f8       0x33 ./CMSIS/system_m2sxxx.o
 .ARM.attributes
                0x0000042b       0x33 ./.metadata/.plugins/org.eclipse.cdt.make.core/specs.o
 .ARM.attributes
                0x0000045e       0x33 ./main.o
 .ARM.attributes
                0x00000491       0x1d c:/microsemi/softconsole_v5.1/arm-none-eabi-gcc/bin/../lib/gcc/arm-none-eabi/6.3.1/thumb/v7-m\libgcc.a(_arm_addsubdf3.o)
 .ARM.attributes
                0x000004ae       0x1d c:/microsemi/softconsole_v5.1/arm-none-eabi-gcc/bin/../lib/gcc/arm-none-eabi/6.3.1/thumb/v7-m\libgcc.a(_arm_muldivdf3.o)
 .ARM.attributes
                0x000004cb       0x2d c:/microsemi/softconsole_v5.1/arm-none-eabi-gcc/bin/../lib/gcc/arm-none-eabi/6.3.1/../../../../arm-none-eabi/lib/thumb/v7-m\libg.a(lib_a-exit.o)
 .ARM.attributes
                0x000004f8       0x2d c:/microsemi/softconsole_v5.1/arm-none-eabi-gcc/bin/../lib/gcc/arm-none-eabi/6.3.1/../../../../arm-none-eabi/lib/thumb/v7-m\libg.a(lib_a-impure.o)
 .ARM.attributes
                0x00000525       0x2d c:/microsemi/softconsole_v5.1/arm-none-eabi-gcc/bin/../lib/gcc/arm-none-eabi/6.3.1/../../../../arm-none-eabi/lib/thumb/v7-m\libg.a(lib_a-init.o)
 .ARM.attributes
                0x00000552       0x1b c:/microsemi/softconsole_v5.1/arm-none-eabi-gcc/bin/../lib/gcc/arm-none-eabi/6.3.1/../../../../arm-none-eabi/lib/thumb/v7-m\libg.a(lib_a-memcpy.o)
 .ARM.attributes
                0x0000056d       0x2d c:/microsemi/softconsole_v5.1/arm-none-eabi-gcc/bin/../lib/gcc/arm-none-eabi/6.3.1/../../../../arm-none-eabi/lib/thumb/v7-m\libg.a(lib_a-memset.o)
 .ARM.attributes
                0x0000059a       0x2d c:/microsemi/softconsole_v5.1/arm-none-eabi-gcc/bin/../lib/gcc/arm-none-eabi/6.3.1/../../../../arm-none-eabi/lib/thumb/v7-m\libg.a(lib_a-__call_atexit.o)
 .ARM.attributes
                0x000005c7       0x2d c:/microsemi/softconsole_v5.1/arm-none-eabi-gcc/bin/../lib/gcc/arm-none-eabi/6.3.1/../../../../arm-none-eabi/lib/thumb/v7-m\libg.a(lib_a-atexit.o)
 .ARM.attributes
                0x000005f4       0x2d c:/microsemi/softconsole_v5.1/arm-none-eabi-gcc/bin/../lib/gcc/arm-none-eabi/6.3.1/../../../../arm-none-eabi/lib/thumb/v7-m\libg.a(lib_a-fini.o)
 .ARM.attributes
                0x00000621       0x2d c:/microsemi/softconsole_v5.1/arm-none-eabi-gcc/bin/../lib/gcc/arm-none-eabi/6.3.1/../../../../arm-none-eabi/lib/thumb/v7-m\libg.a(lib_a-lock.o)
 .ARM.attributes
                0x0000064e       0x2d c:/microsemi/softconsole_v5.1/arm-none-eabi-gcc/bin/../lib/gcc/arm-none-eabi/6.3.1/../../../../arm-none-eabi/lib/thumb/v7-m\libg.a(lib_a-__atexit.o)
 .ARM.attributes
                0x0000067b       0x2d c:/microsemi/softconsole_v5.1/arm-none-eabi-gcc/bin/../lib/gcc/arm-none-eabi/6.3.1/../../../../arm-none-eabi/lib/thumb/v7-m\librdimon.a(rdimon-syscalls.o)
 .ARM.attributes
                0x000006a8       0x2d c:/microsemi/softconsole_v5.1/arm-none-eabi-gcc/bin/../lib/gcc/arm-none-eabi/6.3.1/../../../../arm-none-eabi/lib/thumb/v7-m\librdimon.a(rdimon-_exit.o)
 .ARM.attributes
                0x000006d5       0x2d c:/microsemi/softconsole_v5.1/arm-none-eabi-gcc/bin/../lib/gcc/arm-none-eabi/6.3.1/../../../../arm-none-eabi/lib/thumb/v7-m\librdimon.a(rdimon-_kill.o)
 .ARM.attributes
                0x00000702       0x2d c:/microsemi/softconsole_v5.1/arm-none-eabi-gcc/bin/../lib/gcc/arm-none-eabi/6.3.1/../../../../arm-none-eabi/lib/thumb/v7-m\libc.a(lib_a-errno.o)
 .ARM.attributes
                0x0000072f       0x2d c:/microsemi/softconsole_v5.1/arm-none-eabi-gcc/bin/../lib/gcc/arm-none-eabi/6.3.1/../../../../arm-none-eabi/lib/thumb/v7-m\libc.a(lib_a-findfp.o)
 .ARM.attributes
                0x0000075c       0x2d c:/microsemi/softconsole_v5.1/arm-none-eabi-gcc/bin/../lib/gcc/arm-none-eabi/6.3.1/../../../../arm-none-eabi/lib/thumb/v7-m\libc.a(lib_a-fwalk.o)
 .ARM.attributes
                0x00000789       0x2d c:/microsemi/softconsole_v5.1/arm-none-eabi-gcc/bin/../lib/gcc/arm-none-eabi/6.3.1/../../../../arm-none-eabi/lib/thumb/v7-m\libc.a(lib_a-mallocr.o)
 .ARM.attributes
                0x000007b6       0x2d c:/microsemi/softconsole_v5.1/arm-none-eabi-gcc/bin/../lib/gcc/arm-none-eabi/6.3.1/../../../../arm-none-eabi/lib/thumb/v7-m\libc.a(lib_a-mlock.o)
 .ARM.attributes
                0x000007e3       0x2d c:/microsemi/softconsole_v5.1/arm-none-eabi-gcc/bin/../lib/gcc/arm-none-eabi/6.3.1/../../../../arm-none-eabi/lib/thumb/v7-m\libc.a(lib_a-sbrkr.o)
 .ARM.attributes
                0x00000810       0x2d c:/microsemi/softconsole_v5.1/arm-none-eabi-gcc/bin/../lib/gcc/arm-none-eabi/6.3.1/../../../../arm-none-eabi/lib/thumb/v7-m\libc.a(lib_a-stdio.o)
 .ARM.attributes
                0x0000083d       0x2d c:/microsemi/softconsole_v5.1/arm-none-eabi-gcc/bin/../lib/gcc/arm-none-eabi/6.3.1/../../../../arm-none-eabi/lib/thumb/v7-m\libc.a(lib_a-strlen-stub.o)
 .ARM.attributes
                0x0000086a       0x2d c:/microsemi/softconsole_v5.1/arm-none-eabi-gcc/bin/../lib/gcc/arm-none-eabi/6.3.1/../../../../arm-none-eabi/lib/thumb/v7-m\libc.a(lib_a-writer.o)
 .ARM.attributes
                0x00000897       0x2d c:/microsemi/softconsole_v5.1/arm-none-eabi-gcc/bin/../lib/gcc/arm-none-eabi/6.3.1/../../../../arm-none-eabi/lib/thumb/v7-m\libc.a(lib_a-closer.o)
 .ARM.attributes
                0x000008c4       0x2d c:/microsemi/softconsole_v5.1/arm-none-eabi-gcc/bin/../lib/gcc/arm-none-eabi/6.3.1/../../../../arm-none-eabi/lib/thumb/v7-m\libc.a(lib_a-fclose.o)
 .ARM.attributes
                0x000008f1       0x2d c:/microsemi/softconsole_v5.1/arm-none-eabi-gcc/bin/../lib/gcc/arm-none-eabi/6.3.1/../../../../arm-none-eabi/lib/thumb/v7-m\libc.a(lib_a-fflush.o)
 .ARM.attributes
                0x0000091e       0x2d c:/microsemi/softconsole_v5.1/arm-none-eabi-gcc/bin/../lib/gcc/arm-none-eabi/6.3.1/../../../../arm-none-eabi/lib/thumb/v7-m\libc.a(lib_a-freer.o)
 .ARM.attributes
                0x0000094b       0x2d c:/microsemi/softconsole_v5.1/arm-none-eabi-gcc/bin/../lib/gcc/arm-none-eabi/6.3.1/../../../../arm-none-eabi/lib/thumb/v7-m\libc.a(lib_a-lseekr.o)
 .ARM.attributes
                0x00000978       0x2d c:/microsemi/softconsole_v5.1/arm-none-eabi-gcc/bin/../lib/gcc/arm-none-eabi/6.3.1/../../../../arm-none-eabi/lib/thumb/v7-m\libc.a(lib_a-readr.o)
 .ARM.attributes
                0x000009a5       0x2d c:/microsemi/softconsole_v5.1/arm-none-eabi-gcc/bin/../lib/gcc/arm-none-eabi/6.3.1/../../../../arm-none-eabi/lib/thumb/v7-m\libc.a(lib_a-reent.o)
 .ARM.attributes
                0x000009d2       0x2d c:/microsemi/softconsole_v5.1/arm-none-eabi-gcc/bin/../lib/gcc/arm-none-eabi/6.3.1/thumb/v7-m/crtend.o
 .ARM.attributes
                0x000009ff       0x1d c:/microsemi/softconsole_v5.1/arm-none-eabi-gcc/bin/../lib/gcc/arm-none-eabi/6.3.1/thumb/v7-m/crtn.o

/DISCARD/
 *(.note.GNU-stack)
 *(.isr_vector)
OUTPUT(FCBBaseDesign.elf elf32-littlearm)

.debug_ranges   0x00000000      0x948
 .debug_ranges  0x00000000       0x40 ./src/MCP3909.o
 .debug_ranges  0x00000040       0x10 ./src/demo.o
 .debug_ranges  0x00000050       0x38 ./hal/CortexM3/cortex_nvic.o
 .debug_ranges  0x00000088       0xd0 ./drivers/mss_sys_services/mss_comblk.o
 .debug_ranges  0x00000158      0x1b8 ./drivers/mss_sys_services/mss_sys_services.o
 .debug_ranges  0x00000310       0xd0 ./drivers/mss_spi/mss_spi.o
 .debug_ranges  0x000003e0       0xc8 ./drivers/mss_rtc/mss_rtc.o
 .debug_ranges  0x000004a8       0x70 ./drivers/mss_nvm/mss_nvm.o
 .debug_ranges  0x00000518       0x70 ./drivers/mss_hpdma/mss_hpdma.o
 .debug_ranges  0x00000588       0x38 ./drivers/CoreUARTapb/core_uart_apb.o
 .debug_ranges  0x000005c0       0x98 ./drivers/CoreSPI/core_spi.o
 .debug_ranges  0x00000658       0xa8 ./drivers/CorePWM/core_pwm.o
 .debug_ranges  0x00000700      0x100 ./drivers/CoreI2C/core_i2c.o
 .debug_ranges  0x00000800       0x18 ./drivers/CoreI2C/i2c_interrupt.o
 .debug_ranges  0x00000818       0x58 ./drivers/CoreGPIO/core_gpio.o
 .debug_ranges  0x00000870       0x58 ./CMSIS/system_m2sxxx.o
 .debug_ranges  0x000008c8       0x80 ./main.o

.debug_macro    0x00000000     0x5906
 .debug_macro   0x00000000       0x88 ./src/MCP3909.o
 .debug_macro   0x00000088      0x898 ./src/MCP3909.o
 .debug_macro   0x00000920       0x22 ./src/MCP3909.o
 .debug_macro   0x00000942       0x87 ./src/MCP3909.o
 .debug_macro   0x000009c9       0x51 ./src/MCP3909.o
 .debug_macro   0x00000a1a       0xef ./src/MCP3909.o
 .debug_macro   0x00000b09       0x6a ./src/MCP3909.o
 .debug_macro   0x00000b73      0x1df ./src/MCP3909.o
 .debug_macro   0x00000d52       0x12 ./src/MCP3909.o
 .debug_macro   0x00000d64       0x91 ./src/demo.o
 .debug_macro   0x00000df5       0x3c ./src/demo.o
 .debug_macro   0x00000e31       0xb7 ./hal/CortexM3/cortex_nvic.o
 .debug_macro   0x00000ee8       0x58 ./hal/CortexM3/cortex_nvic.o
 .debug_macro   0x00000f40       0x35 ./hal/CortexM3/cortex_nvic.o
 .debug_macro   0x00000f75       0x9c ./hal/CortexM3/cortex_nvic.o
 .debug_macro   0x00001011       0x1c ./hal/CortexM3/cortex_nvic.o
 .debug_macro   0x0000102d       0xc7 ./drivers_config/sys_config/sys_config.o
 .debug_macro   0x000010f4       0x26 ./drivers_config/sys_config/sys_config.o
 .debug_macro   0x0000111a       0x34 ./drivers_config/sys_config/sys_config.o
 .debug_macro   0x0000114e       0x34 ./drivers_config/sys_config/sys_config.o
 .debug_macro   0x00001182      0xca6 ./drivers_config/sys_config/sys_config.o
 .debug_macro   0x00001e28      0x265 ./drivers_config/sys_config/sys_config.o
 .debug_macro   0x0000208d       0x3a ./drivers_config/sys_config/sys_config.o
 .debug_macro   0x000020c7       0x34 ./drivers_config/sys_config/sys_config.o
 .debug_macro   0x000020fb      0x169 ./drivers/mss_sys_services/mss_comblk.o
 .debug_macro   0x00002264      0x3eb ./drivers/mss_sys_services/mss_sys_services.o
 .debug_macro   0x0000264f      0x2f8 ./drivers/mss_sys_services/mss_sys_services.o
 .debug_macro   0x00002947      0x174 ./drivers/mss_sys_services/mss_sys_services.o
 .debug_macro   0x00002abb       0x58 ./drivers/mss_sys_services/mss_sys_services.o
 .debug_macro   0x00002b13       0x1f ./drivers/mss_sys_services/mss_sys_services.o
 .debug_macro   0x00002b32       0x43 ./drivers/mss_sys_services/mss_sys_services.o
 .debug_macro   0x00002b75       0x20 ./drivers/mss_sys_services/mss_sys_services.o
 .debug_macro   0x00002b95      0x187 ./drivers/mss_sys_services/mss_sys_services.o
 .debug_macro   0x00002d1c      0x30d ./drivers/mss_sys_services/mss_sys_services.o
 .debug_macro   0x00003029       0x10 ./drivers/mss_sys_services/mss_sys_services.o
 .debug_macro   0x00003039       0x35 ./drivers/mss_sys_services/mss_sys_services.o
 .debug_macro   0x0000306e      0x261 ./drivers/mss_spi/mss_spi.o
 .debug_macro   0x000032cf      0x229 ./drivers/mss_rtc/mss_rtc.o
 .debug_macro   0x000034f8       0x4a ./drivers/mss_rtc/mss_rtc.o
 .debug_macro   0x00003542      0x2b0 ./drivers/mss_nvm/mss_nvm.o
 .debug_macro   0x000037f2       0x16 ./drivers/mss_nvm/mss_nvm.o
 .debug_macro   0x00003808      0x152 ./drivers/mss_hpdma/mss_hpdma.o
 .debug_macro   0x0000395a       0x52 ./drivers/mss_hpdma/mss_hpdma.o
 .debug_macro   0x000039ac       0x8d ./drivers/mss_hpdma/mss_hpdma.o
 .debug_macro   0x00003a39       0x57 ./drivers/mss_hpdma/mss_hpdma.o
 .debug_macro   0x00003a90       0x10 ./drivers/mss_hpdma/mss_hpdma.o
 .debug_macro   0x00003aa0      0x128 ./drivers/CoreUARTapb/core_uart_apb.o
 .debug_macro   0x00003bc8       0x64 ./drivers/CoreUARTapb/core_uart_apb.o
 .debug_macro   0x00003c2c      0x106 ./drivers/CoreUARTapb/core_uart_apb.o
 .debug_macro   0x00003d32       0x46 ./drivers/CoreUARTapb/core_uart_apb.o
 .debug_macro   0x00003d78      0x1bd ./drivers/CoreSPI/core_spi.o
 .debug_macro   0x00003f35      0x3ec ./drivers/CoreSPI/core_spi.o
 .debug_macro   0x00004321      0x10c ./drivers/CorePWM/core_pwm.o
 .debug_macro   0x0000442d       0x12 ./drivers/CorePWM/core_pwm.o
 .debug_macro   0x0000443f      0x191 ./drivers/CorePWM/core_pwm.o
 .debug_macro   0x000045d0      0x276 ./drivers/CoreI2C/core_i2c.o
 .debug_macro   0x00004846      0x1c1 ./drivers/CoreI2C/core_i2c.o
 .debug_macro   0x00004a07       0xe9 ./drivers/CoreI2C/i2c_interrupt.o
 .debug_macro   0x00004af0      0x11c ./drivers/CoreGPIO/core_gpio.o
 .debug_macro   0x00004c0c      0x11c ./drivers/CoreGPIO/core_gpio.o
 .debug_macro   0x00004d28       0x64 ./drivers/CoreGPIO/core_gpio.o
 .debug_macro   0x00004d8c      0x173 ./CMSIS/system_m2sxxx.o
 .debug_macro   0x00004eff       0x11 ./.metadata/.plugins/org.eclipse.cdt.make.core/specs.o
 .debug_macro   0x00004f10      0x2eb ./main.o
 .debug_macro   0x000051fb       0x10 ./main.o
 .debug_macro   0x0000520b       0x3a ./main.o
 .debug_macro   0x00005245      0x122 ./main.o
 .debug_macro   0x00005367       0x16 ./main.o
 .debug_macro   0x0000537d       0x97 ./main.o
 .debug_macro   0x00005414       0xfd ./main.o
 .debug_macro   0x00005511       0x10 ./main.o
 .debug_macro   0x00005521       0x10 ./main.o
 .debug_macro   0x00005531       0x1c ./main.o
 .debug_macro   0x0000554d       0x52 ./main.o
 .debug_macro   0x0000559f       0x40 ./main.o
 .debug_macro   0x000055df       0x10 ./main.o
 .debug_macro   0x000055ef       0x40 ./main.o
 .debug_macro   0x0000562f       0xd7 ./main.o
 .debug_macro   0x00005706       0x16 ./main.o
 .debug_macro   0x0000571c      0x18b ./main.o
 .debug_macro   0x000058a7       0x19 ./main.o
 .debug_macro   0x000058c0       0x46 ./main.o

.comment        0x00000000       0x7f
 .comment       0x00000000       0x7f ./src/MCP3909.o
                                 0x80 (size before relaxing)
 .comment       0x0000007f       0x80 ./src/demo.o
 .comment       0x0000007f       0x80 ./hal/CortexM3/cortex_nvic.o
 .comment       0x0000007f       0x80 ./drivers_config/sys_config/sys_config.o
 .comment       0x0000007f       0x80 ./drivers/mss_sys_services/mss_comblk.o
 .comment       0x0000007f       0x80 ./drivers/mss_sys_services/mss_sys_services.o
 .comment       0x0000007f       0x80 ./drivers/mss_spi/mss_spi.o
 .comment       0x0000007f       0x80 ./drivers/mss_rtc/mss_rtc.o
 .comment       0x0000007f       0x80 ./drivers/mss_nvm/mss_nvm.o
 .comment       0x0000007f       0x80 ./drivers/mss_hpdma/mss_hpdma.o
 .comment       0x0000007f       0x80 ./drivers/CoreUARTapb/core_uart_apb.o
 .comment       0x0000007f       0x80 ./drivers/CoreSPI/core_spi.o
 .comment       0x0000007f       0x80 ./drivers/CorePWM/core_pwm.o
 .comment       0x0000007f       0x80 ./drivers/CoreI2C/core_i2c.o
 .comment       0x0000007f       0x80 ./drivers/CoreI2C/i2c_interrupt.o
 .comment       0x0000007f       0x80 ./drivers/CoreGPIO/core_gpio.o
 .comment       0x0000007f       0x80 ./CMSIS/system_m2sxxx.o
 .comment       0x0000007f       0x80 ./.metadata/.plugins/org.eclipse.cdt.make.core/specs.o
 .comment       0x0000007f       0x80 ./main.o
