Archive member included to satisfy reference by file (symbol)

c:/microsemi/softconsole_v5.1/arm-none-eabi-gcc/bin/../lib/gcc/arm-none-eabi/6.3.1/thumb/v7-m\libgcc.a(_arm_muldivdf3.o)
                              ./main.o (__aeabi_dmul)
c:/microsemi/softconsole_v5.1/arm-none-eabi-gcc/bin/../lib/gcc/arm-none-eabi/6.3.1/../../../../arm-none-eabi/lib/thumb/v7-m\libg.a(lib_a-exit.o)
                              c:/microsemi/softconsole_v5.1/arm-none-eabi-gcc/bin/../lib/gcc/arm-none-eabi/6.3.1/../../../../arm-none-eabi/lib/thumb/v7-m/rdimon-crt0.o (exit)
c:/microsemi/softconsole_v5.1/arm-none-eabi-gcc/bin/../lib/gcc/arm-none-eabi/6.3.1/../../../../arm-none-eabi/lib/thumb/v7-m\libg.a(lib_a-impure.o)
                              c:/microsemi/softconsole_v5.1/arm-none-eabi-gcc/bin/../lib/gcc/arm-none-eabi/6.3.1/../../../../arm-none-eabi/lib/thumb/v7-m\libg.a(lib_a-exit.o) (_global_impure_ptr)
c:/microsemi/softconsole_v5.1/arm-none-eabi-gcc/bin/../lib/gcc/arm-none-eabi/6.3.1/../../../../arm-none-eabi/lib/thumb/v7-m\libg.a(lib_a-init.o)
                              c:/microsemi/softconsole_v5.1/arm-none-eabi-gcc/bin/../lib/gcc/arm-none-eabi/6.3.1/../../../../arm-none-eabi/lib/thumb/v7-m/rdimon-crt0.o (__libc_init_array)
c:/microsemi/softconsole_v5.1/arm-none-eabi-gcc/bin/../lib/gcc/arm-none-eabi/6.3.1/../../../../arm-none-eabi/lib/thumb/v7-m\libg.a(lib_a-iprintf.o)
                              ./main.o (iprintf)
c:/microsemi/softconsole_v5.1/arm-none-eabi-gcc/bin/../lib/gcc/arm-none-eabi/6.3.1/../../../../arm-none-eabi/lib/thumb/v7-m\libg.a(lib_a-memcpy.o)
                              ./drivers/mss_sys_services/mss_sys_services.o (memcpy)
c:/microsemi/softconsole_v5.1/arm-none-eabi-gcc/bin/../lib/gcc/arm-none-eabi/6.3.1/../../../../arm-none-eabi/lib/thumb/v7-m\libg.a(lib_a-memset.o)
                              c:/microsemi/softconsole_v5.1/arm-none-eabi-gcc/bin/../lib/gcc/arm-none-eabi/6.3.1/../../../../arm-none-eabi/lib/thumb/v7-m/rdimon-crt0.o (memset)
c:/microsemi/softconsole_v5.1/arm-none-eabi-gcc/bin/../lib/gcc/arm-none-eabi/6.3.1/../../../../arm-none-eabi/lib/thumb/v7-m\libg.a(lib_a-vfiprintf.o)
                              c:/microsemi/softconsole_v5.1/arm-none-eabi-gcc/bin/../lib/gcc/arm-none-eabi/6.3.1/../../../../arm-none-eabi/lib/thumb/v7-m\libg.a(lib_a-iprintf.o) (_vfiprintf_r)
c:/microsemi/softconsole_v5.1/arm-none-eabi-gcc/bin/../lib/gcc/arm-none-eabi/6.3.1/../../../../arm-none-eabi/lib/thumb/v7-m\libg.a(lib_a-wsetup.o)
                              c:/microsemi/softconsole_v5.1/arm-none-eabi-gcc/bin/../lib/gcc/arm-none-eabi/6.3.1/../../../../arm-none-eabi/lib/thumb/v7-m\libg.a(lib_a-vfiprintf.o) (__swsetup_r)
c:/microsemi/softconsole_v5.1/arm-none-eabi-gcc/bin/../lib/gcc/arm-none-eabi/6.3.1/../../../../arm-none-eabi/lib/thumb/v7-m\libg.a(lib_a-__call_atexit.o)
                              c:/microsemi/softconsole_v5.1/arm-none-eabi-gcc/bin/../lib/gcc/arm-none-eabi/6.3.1/../../../../arm-none-eabi/lib/thumb/v7-m\libg.a(lib_a-exit.o) (__call_exitprocs)
c:/microsemi/softconsole_v5.1/arm-none-eabi-gcc/bin/../lib/gcc/arm-none-eabi/6.3.1/../../../../arm-none-eabi/lib/thumb/v7-m\libg.a(lib_a-atexit.o)
                              c:/microsemi/softconsole_v5.1/arm-none-eabi-gcc/bin/../lib/gcc/arm-none-eabi/6.3.1/../../../../arm-none-eabi/lib/thumb/v7-m\libg.a(lib_a-__call_atexit.o) (atexit)
c:/microsemi/softconsole_v5.1/arm-none-eabi-gcc/bin/../lib/gcc/arm-none-eabi/6.3.1/../../../../arm-none-eabi/lib/thumb/v7-m\libg.a(lib_a-fflush.o)
                              c:/microsemi/softconsole_v5.1/arm-none-eabi-gcc/bin/../lib/gcc/arm-none-eabi/6.3.1/../../../../arm-none-eabi/lib/thumb/v7-m\libg.a(lib_a-vfiprintf.o) (_fflush_r)
c:/microsemi/softconsole_v5.1/arm-none-eabi-gcc/bin/../lib/gcc/arm-none-eabi/6.3.1/../../../../arm-none-eabi/lib/thumb/v7-m\libg.a(lib_a-findfp.o)
                              c:/microsemi/softconsole_v5.1/arm-none-eabi-gcc/bin/../lib/gcc/arm-none-eabi/6.3.1/../../../../arm-none-eabi/lib/thumb/v7-m\libg.a(lib_a-vfiprintf.o) (__sinit)
c:/microsemi/softconsole_v5.1/arm-none-eabi-gcc/bin/../lib/gcc/arm-none-eabi/6.3.1/../../../../arm-none-eabi/lib/thumb/v7-m\libg.a(lib_a-fini.o)
                              c:/microsemi/softconsole_v5.1/arm-none-eabi-gcc/bin/../lib/gcc/arm-none-eabi/6.3.1/../../../../arm-none-eabi/lib/thumb/v7-m\libg.a(lib_a-__call_atexit.o) (__libc_fini_array)
c:/microsemi/softconsole_v5.1/arm-none-eabi-gcc/bin/../lib/gcc/arm-none-eabi/6.3.1/../../../../arm-none-eabi/lib/thumb/v7-m\libg.a(lib_a-fputwc.o)
                              c:/microsemi/softconsole_v5.1/arm-none-eabi-gcc/bin/../lib/gcc/arm-none-eabi/6.3.1/../../../../arm-none-eabi/lib/thumb/v7-m\libg.a(lib_a-vfiprintf.o) (_fputwc_r)
c:/microsemi/softconsole_v5.1/arm-none-eabi-gcc/bin/../lib/gcc/arm-none-eabi/6.3.1/../../../../arm-none-eabi/lib/thumb/v7-m\libg.a(lib_a-freer.o)
[...]
Memory Configuration

Name             Origin             Length             Attributes
ram              0x20000000         0x00010000         xrw
*default*        0x00000000         0xffffffff

Linker script and memory map

LOAD c:/microsemi/softconsole_v5.1/arm-none-eabi-gcc/bin/../lib/gcc/arm-none-eabi/6.3.1/thumb/v7-m/crti.o
LOAD c:/microsemi/softconsole_v5.1/arm-none-eabi-gcc/bin/../lib/gcc/arm-none-eabi/6.3.1/thumb/v7-m/crtbegin.o
LOAD c:/microsemi/softconsole_v5.1/arm-none-eabi-gcc/bin/../lib/gcc/arm-none-eabi/6.3.1/../../../../arm-none-eabi/lib/thumb/v7-m/rdimon-crt0.o
LOAD ./src/demo.o
LOAD ./hal/CortexM3/GNU/hal.o
LOAD ./hal/CortexM3/GNU/hw_reg_access.o
LOAD ./hal/CortexM3/cortex_nvic.o
LOAD ./drivers_config/sys_config/sys_config.o
LOAD ./drivers/mss_sys_services/mss_comblk.o
LOAD ./drivers/mss_sys_services/mss_sys_services.o
LOAD ./drivers/mss_spi/mss_spi.o
LOAD ./drivers/mss_rtc/mss_rtc.o
LOAD ./drivers/mss_nvm/mss_nvm.o
LOAD ./drivers/mss_hpdma/mss_hpdma.o
LOAD ./drivers/CoreUARTapb/core_uart_apb.o
LOAD ./drivers/CoreSPI/core_spi.o
LOAD ./drivers/CorePWM/core_pwm.o
LOAD ./drivers/CoreI2C/core_i2c.o
LOAD ./drivers/CoreI2C/i2c_interrupt.o
LOAD ./drivers/CoreGPIO/core_gpio.o
LOAD ./CMSIS/startup_gcc/startup_m2sxxx.o
LOAD ./CMSIS/system_m2sxxx.o
LOAD ./.metadata/.plugins/org.eclipse.cdt.make.core/specs.o
LOAD ./main.o
START GROUP
LOAD c:/microsemi/softconsole_v5.1/arm-none-eabi-gcc/bin/../lib/gcc/arm-none-eabi/6.3.1/thumb/v7-m\libgcc.a
LOAD c:/microsemi/softconsole_v5.1/arm-none-eabi-gcc/bin/../lib/gcc/arm-none-eabi/6.3.1/../../../../arm-none-eabi/lib/thumb/v7-m\libg.a
LOAD c:/microsemi/softconsole_v5.1/arm-none-eabi-gcc/bin/../lib/gcc/arm-none-eabi/6.3.1/../../../../arm-none-eabi/lib/thumb/v7-m\libc.a
END GROUP
START GROUP
LOAD c:/microsemi/softconsole_v5.1/arm-none-eabi-gcc/bin/../lib/gcc/arm-none-eabi/6.3.1/thumb/v7-m\libgcc.a
LOAD c:/microsemi/softconsole_v5.1/arm-none-eabi-gcc/bin/../lib/gcc/arm-none-eabi/6.3.1/../../../../arm-none-eabi/lib/thumb/v7-m\libc.a
LOAD c:/microsemi/softconsole_v5.1/arm-none-eabi-gcc/bin/../lib/gcc/arm-none-eabi/6.3.1/../../../../arm-none-eabi/lib/thumb/v7-m\librdimon.a
END GROUP
LOAD c:/microsemi/softconsole_v5.1/arm-none-eabi-gcc/bin/../lib/gcc/arm-none-eabi/6.3.1/thumb/v7-m/crtend.o
LOAD c:/microsemi/softconsole_v5.1/arm-none-eabi-gcc/bin/../lib/gcc/arm-none-eabi/6.3.1/thumb/v7-m/crtn.o
START GROUP
LOAD c:/microsemi/softconsole_v5.1/arm-none-eabi-gcc/bin/../lib/gcc/arm-none-eabi/6.3.1/../../../../arm-none-eabi/lib/thumb/v7-m\libc.a
LOAD c:/microsemi/softconsole_v5.1/arm-none-eabi-gcc/bin/../lib/gcc/arm-none-eabi/6.3.1/thumb/v7-m\libgcc.a
LOAD c:/microsemi/softconsole_v5.1/arm-none-eabi-gcc/bin/../lib/gcc/arm-none-eabi/6.3.1/../../../../arm-none-eabi/lib/thumb/v7-m\libm.a
END GROUP
                0x00000000                __DYNAMIC = 0x0
                0x20000000                RAM_START_ADDRESS = 0x20000000
                0x00010000                RAM_SIZE = 0x10000
                0x00001000                MAIN_STACK_SIZE = 0x1000
                0x00001000                MIN_SIZE_HEAP = 0x1000
                0x20010000                PROVIDE (__main_stack_start, (RAM_START_ADDRESS + RAM_SIZE))
                [!provide]                PROVIDE (_estack, __main_stack_start)
                0x00000000                PROVIDE (__mirrored_nvm, 0x0)
                0x00000000                PROVIDE (__smartfusion2_memory_remap, 0x0)

.vector_table   0x20000000      0x190
                0x20000000                __vector_table_load = LOADADDR (.vector_table)
                0x20000000                __vector_table_start = .
                0x20000000                __vector_table_vma_base_address = .
 *(.isr_vector)
 .isr_vector    0x20000000      0x190 ./CMSIS/startup_gcc/startup_m2sxxx.o
                0x20000000                g_pfnVectors
                0x20000190                . = ALIGN (0x10)
                0x20000190                _evector_table = .

.boot_code      0x20000190      0x320
 *(.boot_code)
 .boot_code     0x20000190      0x31c ./CMSIS/startup_gcc/startup_m2sxxx.o
                0x20000190                Reset_Handler
                0x2000037e                NMI_Handler
                0x20000380                HardFault_Handler
                0x20000382                MemManage_Handler
                0x20000384                BusFault_Handler
                0x20000386                UsageFault_Handler
                0x20000388                SVC_Handler
                0x2000038a                DebugMon_Handler
                0x2000038c                PendSV_Handler
                0x2000038e                SysTick_Handler
                0x20000390                WdogWakeup_IRQHandler
                0x20000392                RTC_Wakeup_IRQHandler
                0x20000398                I2C0_IRQHandler
                0x2000039a                I2C0_SMBAlert_IRQHandler
                0x2000039c                I2C0_SMBus_IRQHandler
                0x2000039e                I2C1_IRQHandler
                0x200003a0                I2C1_SMBAlert_IRQHandler
                0x200003a2                I2C1_SMBus_IRQHandler
                0x200003a4                UART0_IRQHandler
                0x200003a6                UART1_IRQHandler
                0x200003a8                EthernetMAC_IRQHandler
                0x200003aa                DMA_IRQHandler
                0x200003ae                Timer2_IRQHandler
                0x200003b0                CAN_IRQHandler
                0x200003b2                ENVM0_IRQHandler
                0x200003b4                ENVM1_IRQHandler
                0x200003b8                USB_IRQHandler
                0x200003ba                USB_DMA_IRQHandler
                0x200003bc                PLL_Lock_IRQHandler
                0x200003be                PLL_LockLost_IRQHandler
                0x200003c0                CommSwitchError_IRQHandler
                0x200003c2                CacheError_IRQHandler
                0x200003c4                DDR_IRQHandler
                0x200003ca                ECC_Error_IRQHandler
                0x200003cc                MDDR_IOCalib_IRQHandler
                0x200003ce                FAB_PLL_Lock_IRQHandler
                0x200003d0                FAB_PLL_LockLost_IRQHandler
                0x200003d2                FIC64_IRQHandler
                0x200003d4                FabricIrq0_IRQHandler
                0x200003da                FabricIrq3_IRQHandler
                0x200003dc                FabricIrq4_IRQHandler
                0x200003de                FabricIrq5_IRQHandler
                0x200003e0                FabricIrq6_IRQHandler
                0x200003e2                FabricIrq7_IRQHandler
                0x200003e4                FabricIrq8_IRQHandler
                0x200003e6                FabricIrq9_IRQHandler
                0x200003e8                FabricIrq10_IRQHandler
                0x200003ea                FabricIrq11_IRQHandler
                0x200003ec                FabricIrq12_IRQHandler
                0x200003ee                FabricIrq13_IRQHandler
                0x200003f0                FabricIrq14_IRQHandler
                0x200003f2                FabricIrq15_IRQHandler
                0x200003f4                GPIO0_IRQHandler
                0x200003f6                GPIO1_IRQHandler
                0x200003f8                GPIO2_IRQHandler
                0x200003fa                GPIO3_IRQHandler
                0x200003fc                GPIO4_IRQHandler
                0x200003fe                GPIO5_IRQHandler
                0x20000400                GPIO6_IRQHandler
                0x20000402                GPIO7_IRQHandler
                0x20000404                GPIO8_IRQHandler
                0x20000406                GPIO9_IRQHandler
                0x20000408                GPIO10_IRQHandler
                0x2000040a                GPIO11_IRQHandler
                0x2000040c                GPIO12_IRQHandler
                0x2000040e                GPIO13_IRQHandler
                0x20000410                GPIO14_IRQHandler
                0x20000412                GPIO15_IRQHandler
                0x20000414                GPIO16_IRQHandler
                0x20000416                GPIO17_IRQHandler
                0x20000418                GPIO18_IRQHandler
                0x2000041a                GPIO19_IRQHandler
                0x2000041c                GPIO20_IRQHandler
                0x2000041e                GPIO21_IRQHandler
                0x20000420                GPIO22_IRQHandler
                0x20000422                GPIO23_IRQHandler
                0x20000424                GPIO24_IRQHandler
                0x20000426                GPIO25_IRQHandler
                0x20000428                GPIO26_IRQHandler
                0x2000042a                GPIO27_IRQHandler
                0x2000042c                GPIO28_IRQHandler
                0x2000042e                GPIO29_IRQHandler
                0x20000430                GPIO30_IRQHandler
                0x20000432                GPIO31_IRQHandler
                0x20000434                mscc_post_hw_cfg_init
                0x200004b0                . = ALIGN (0x10)
 *fill*         0x200004ac        0x4 

.text           0x200004b0     0x5760
 CREATE_OBJECT_SYMBOLS
                0x200004b0                __text_load = LOADADDR (.text)
                0x200004b0                __text_start = .
 *(.text .text.* .gnu.linkonce.t.*)
 .text          0x200004b0       0x6c c:/microsemi/softconsole_v5.1/arm-none-eabi-gcc/bin/../lib/gcc/arm-none-eabi/6.3.1/thumb/v7-m/crtbegin.o
 .text          0x2000051c       0x90 ./hal/CortexM3/GNU/hw_reg_access.o
                0x2000051c                HW_set_32bit_reg
                0x20000520                HW_get_32bit_reg
                0x20000524                HW_set_32bit_reg_field
                0x20000540                HW_get_32bit_reg_field
                0x2000054c                HW_set_16bit_reg
                0x20000550                HW_get_16bit_reg
                0x20000554                HW_set_16bit_reg_field
                0x20000570                HW_get_16bit_reg_field
                0x2000057c                HW_set_8bit_reg
                0x20000580                HW_get_8bit_reg
                0x20000584                HW_set_8bit_reg_field
                0x200005a0                HW_get_8bit_reg_field
 .text.ComBlk_IRQHandler
                0x200005ac       0x48 ./drivers/mss_sys_services/mss_comblk.o
                0x200005ac                ComBlk_IRQHandler
 .text.handle_tx_okay_irq
                0x200005f4      0x1ac ./drivers/mss_sys_services/mss_comblk.o
 .text.handle_rx_okay_irq
                0x200007a0      0x210 ./drivers/mss_sys_services/mss_comblk.o
 .text.complete_request
                0x200009b0       0x40 ./drivers/mss_sys_services/mss_comblk.o
 .text.abort_current_cmd
                0x200009f0       0x4c ./drivers/mss_sys_services/mss_comblk.o
 .text.fill_tx_fifo
                0x20000a3c       0x60 ./drivers/mss_sys_services/mss_comblk.o
 .text.process_sys_ctrl_command
                0x20000a9c       0x28 ./drivers/mss_sys_services/mss_comblk.o
 .text.NVIC_ClearPendingIRQ
                0x20000ac4       0x34 ./drivers/mss_spi/mss_spi.o
 .text.recover_from_rx_overflow
                0x20000af8      0x128 ./drivers/mss_spi/mss_spi.o
 .text.fill_slave_tx_fifo
                0x20000c20       0xd6 ./drivers/mss_spi/mss_spi.o
 .text.read_slave_rx_fifo
                0x20000cf6       0xa6 ./drivers/mss_spi/mss_spi.o
 .text.mss_spi_isr
                0x20000d9c      0x280 ./drivers/mss_spi/mss_spi.o
 .text.SPI0_IRQHandler
                0x2000101c       0x24 ./drivers/mss_spi/mss_spi.o
                0x2000101c                SPI0_IRQHandler
 .text.SPI1_IRQHandler
                0x20001040       0x24 ./drivers/mss_spi/mss_spi.o
                0x20001040                SPI1_IRQHandler
 .text.start_transfer
                0x20001064      0x150 ./drivers/mss_hpdma/mss_hpdma.o
 .text.HPDMA_Complete_IRQHandler
                0x200011b4       0xf8 ./drivers/mss_hpdma/mss_hpdma.o
                0x200011b4                HPDMA_Complete_IRQHandler
 .text.HPDMA_Error_IRQHandler
                0x200012ac      0x100 ./drivers/mss_hpdma/mss_hpdma.o
                0x200012ac                HPDMA_Error_IRQHandler
 .text.UART_init
                0x200013ac      0x112 ./drivers/CoreUARTapb/core_uart_apb.o
                0x200013ac                UART_init
 .text.UART_get_rx
                0x200014be       0xc0 ./drivers/CoreUARTapb/core_uart_apb.o
                0x200014be                UART_get_rx
 .text.UART_get_rx_status
                0x2000157e       0x3a ./drivers/CoreUARTapb/core_uart_apb.o
                0x2000157e                UART_get_rx_status
 .text.PWM_init
                0x200015b8      0x13a ./drivers/CorePWM/core_pwm.o
                0x200015b8                PWM_init
 *fill*         0x200016f2        0x2 
 .text.PWM_enable
                0x200016f4       0x94 ./drivers/CorePWM/core_pwm.o
                0x200016f4                PWM_enable
 .text.PWM_disable
                0x20001788       0x9c ./drivers/CorePWM/core_pwm.o
                0x20001788                PWM_disable
 .text.PWM_set_duty_cycle
                0x20001824       0xc4 ./drivers/CorePWM/core_pwm.o
                0x20001824                PWM_set_duty_cycle
 .text.GPIO_init
                0x200018e8       0xd2 ./drivers/CoreGPIO/core_gpio.o
                0x200018e8                GPIO_init
 .text.GPIO_config
                0x200019ba       0x4e ./drivers/CoreGPIO/core_gpio.o
                0x200019ba                GPIO_config
 .text.GPIO_set_outputs
                0x20001a08       0xc8 ./drivers/CoreGPIO/core_gpio.o
                0x20001a08                GPIO_set_outputs
 .text.GPIO_get_outputs
                0x20001ad0       0xcc ./drivers/CoreGPIO/core_gpio.o
                0x20001ad0                GPIO_get_outputs
 .text.GPIO_enable_irq
                0x20001b9c       0x4e ./drivers/CoreGPIO/core_gpio.o
                0x20001b9c                GPIO_enable_irq
 .text.GPIO_disable_irq
                0x20001bea       0x4e ./drivers/CoreGPIO/core_gpio.o
                0x20001bea                GPIO_disable_irq
 .text.GPIO_clear_irq
                0x20001c38       0xb4 ./drivers/CoreGPIO/core_gpio.o
                0x20001c38                GPIO_clear_irq
 .text.SystemInit
                0x20001cec       0x20 ./CMSIS/system_m2sxxx.o
                0x20001cec                SystemInit
 .text.SystemCoreClockUpdate
                0x20001d0c       0xfc ./CMSIS/system_m2sxxx.o
                0x20001d0c                SystemCoreClockUpdate
 .text.get_rcosc_25_50mhz_frequency
                0x20001e08       0x3c ./CMSIS/system_m2sxxx.o
 .text.set_clock_frequency_globals
                0x20001e44       0x5c ./CMSIS/system_m2sxxx.o
 .text.get_silicon_revision
                0x20001ea0       0x48 ./CMSIS/system_m2sxxx.o
 .text.silicon_workarounds
                0x20001ee8       0x22 ./CMSIS/system_m2sxxx.o
 *fill*         0x20001f0a        0x2 
 .text.m2s050_rev_a_workarounds
                0x20001f0c       0x30 ./CMSIS/system_m2sxxx.o
 .text.NVIC_EnableIRQ
                0x20001f3c       0x30 ./main.o
 .text.NVIC_DisableIRQ
                0x20001f6c       0x34 ./main.o
 .text.NVIC_ClearPendingIRQ
                0x20001fa0       0x34 ./main.o
 .text.NVIC_SetPriority
                0x20001fd4       0x54 ./main.o
 .text.MSS_TIM1_init
                0x20002028       0x5c ./main.o
 .text.MSS_TIM1_start
                0x20002084       0x18 ./main.o
 .text.MSS_TIM1_load_immediate
                0x2000209c       0x1a ./main.o
 *fill*         0x200020b6        0x2 
 .text.MSS_TIM1_enable_irq
                0x200020b8       0x1c ./main.o
 .text.MSS_TIM1_disable_irq
                0x200020d4       0x1c ./main.o
 .text.MSS_TIM1_clear_irq
                0x200020f0       0x18 ./main.o
 .text.main     0x20002108      0x188 ./main.o
                0x20002108                main
 .text.Timer1_IRQHandler
                0x20002290       0x3c ./main.o
                0x20002290                Timer1_IRQHandler
 .text.FabricIrq1_IRQHandler
                0x200022cc       0x5c ./main.o
                0x200022cc                FabricIrq1_IRQHandler
 .text.FabricIrq2_IRQHandler
                0x20002328       0x30 ./main.o
                0x20002328                FabricIrq2_IRQHandler
 .text.delay    0x20002358       0x2e ./main.o
                0x20002358                delay
 *fill*         0x20002386        0x2 
 .text          0x20002388      0x424 c:/microsemi/softconsole_v5.1/arm-none-eabi-gcc/bin/../lib/gcc/arm-none-eabi/6.3.1/thumb/v7-m\libgcc.a(_arm_muldivdf3.o)
                0x20002388                __aeabi_dmul
                0x20002388                __muldf3
                0x200025dc                __divdf3
                0x200025dc                __aeabi_ddiv
 .text.__libc_init_array
                0x200027ac       0x50 c:/microsemi/softconsole_v5.1/arm-none-eabi-gcc/bin/../lib/gcc/arm-none-eabi/6.3.1/../../../../arm-none-eabi/lib/thumb/v7-m\libg.a(lib_a-init.o)
                0x200027ac                __libc_init_array
 .text.iprintf  0x200027fc       0x28 c:/microsemi/softconsole_v5.1/arm-none-eabi-gcc/bin/../lib/gcc/arm-none-eabi/6.3.1/../../../../arm-none-eabi/lib/thumb/v7-m\libg.a(lib_a-iprintf.o)
                0x200027fc                iprintf
 .text          0x20002824       0xec c:/microsemi/softconsole_v5.1/arm-none-eabi-gcc/bin/../lib/gcc/arm-none-eabi/6.3.1/../../../../arm-none-eabi/lib/thumb/v7-m\libg.a(lib_a-memcpy.o)
                0x20002824                memcpy
 .text.memset   0x20002910       0x9c c:/microsemi/softconsole_v5.1/arm-none-eabi-gcc/bin/../lib/gcc/arm-none-eabi/6.3.1/../../../../arm-none-eabi/lib/thumb/v7-m\libg.a(lib_a-memset.o)
                0x20002910                memset
 .text.__sprint_r.part.0
                0x200029ac       0x80 c:/microsemi/softconsole_v5.1/arm-none-eabi-gcc/bin/../lib/gcc/arm-none-eabi/6.3.1/../../../../arm-none-eabi/lib/thumb/v7-m\libg.a(lib_a-vfiprintf.o)
 .text._vfiprintf_r
                0x20002a2c      0xc88 c:/microsemi/softconsole_v5.1/arm-none-eabi-gcc/bin/../lib/gcc/arm-none-eabi/6.3.1/../../../../arm-none-eabi/lib/thumb/v7-m\libg.a(lib_a-vfiprintf.o)
                0x20002a2c                _vfiprintf_r
 .text.__sbprintf
                0x200036b4       0x88 c:/microsemi/softconsole_v5.1/arm-none-eabi-gcc/bin/../lib/gcc/arm-none-eabi/6.3.1/../../../../arm-none-eabi/lib/thumb/v7-m\libg.a(lib_a-vfiprintf.o)
 .text.__swsetup_r
                0x2000373c       0xc8 c:/microsemi/softconsole_v5.1/arm-none-eabi-gcc/bin/../lib/gcc/arm-none-eabi/6.3.1/../../../../arm-none-eabi/lib/thumb/v7-m\libg.a(lib_a-wsetup.o)
                0x2000373c                __swsetup_r
 .text.startup.register_fini
                0x20003804       0x14 c:/microsemi/softconsole_v5.1/arm-none-eabi-gcc/bin/../lib/gcc/arm-none-eabi/6.3.1/../../../../arm-none-eabi/lib/thumb/v7-m\libg.a(lib_a-__call_atexit.o)
 .text.atexit   0x20003818        0xc c:/microsemi/softconsole_v5.1/arm-none-eabi-gcc/bin/../lib/gcc/arm-none-eabi/6.3.1/../../../../arm-none-eabi/lib/thumb/v7-m\libg.a(lib_a-atexit.o)
                0x20003818                atexit
 .text.__sflush_r
                0x20003824      0x138 c:/microsemi/softconsole_v5.1/arm-none-eabi-gcc/bin/../lib/gcc/arm-none-eabi/6.3.1/../../../../arm-none-eabi/lib/thumb/v7-m\libg.a(lib_a-fflush.o)
                0x20003824                __sflush_r
 .text._fflush_r
                0x2000395c       0x54 c:/microsemi/softconsole_v5.1/arm-none-eabi-gcc/bin/../lib/gcc/arm-none-eabi/6.3.1/../../../../arm-none-eabi/lib/thumb/v7-m\libg.a(lib_a-fflush.o)
                0x2000395c                _fflush_r
 .text._cleanup_r
                0x200039b0        0xc c:/microsemi/softconsole_v5.1/arm-none-eabi-gcc/bin/../lib/gcc/arm-none-eabi/6.3.1/../../../../arm-none-eabi/lib/thumb/v7-m\libg.a(lib_a-findfp.o)
                0x200039b0                _cleanup_r
 .text.std.isra.0
                0x200039bc       0x50 c:/microsemi/softconsole_v5.1/arm-none-eabi-gcc/bin/../lib/gcc/arm-none-eabi/6.3.1/../../../../arm-none-eabi/lib/thumb/v7-m\libg.a(lib_a-findfp.o)
 .text.__sinit  0x20003a0c       0x60 c:/microsemi/softconsole_v5.1/arm-none-eabi-gcc/bin/../lib/gcc/arm-none-eabi/6.3.1/../../../../arm-none-eabi/lib/thumb/v7-m\libg.a(lib_a-findfp.o)
                0x20003a0c                __sinit
 .text.__sfp_lock_acquire
                0x20003a6c        0xc c:/microsemi/softconsole_v5.1/arm-none-eabi-gcc/bin/../lib/gcc/arm-none-eabi/6.3.1/../../../../arm-none-eabi/lib/thumb/v7-m\libg.a(lib_a-findfp.o)
                0x20003a6c                __sfp_lock_acquire
 .text.__sfp_lock_release
                0x20003a78        0xc c:/microsemi/softconsole_v5.1/arm-none-eabi-gcc/bin/../lib/gcc/arm-none-eabi/6.3.1/../../../../arm-none-eabi/lib/thumb/v7-m\libg.a(lib_a-findfp.o)
                0x20003a78                __sfp_lock_release
 .text.__libc_fini_array
                0x20003a84       0x34 c:/microsemi/softconsole_v5.1/arm-none-eabi-gcc/bin/../lib/gcc/arm-none-eabi/6.3.1/../../../../arm-none-eabi/lib/thumb/v7-m\libg.a(lib_a-fini.o)
                0x20003a84                __libc_fini_array
 .text.__fputwc
                0x20003ab8       0x98 c:/microsemi/softconsole_v5.1/arm-none-eabi-gcc/bin/../lib/gcc/arm-none-eabi/6.3.1/../../../../arm-none-eabi/lib/thumb/v7-m\libg.a(lib_a-fputwc.o)
                0x20003ab8                __fputwc
 .text._fputwc_r
                0x20003b50       0x68 c:/microsemi/softconsole_v5.1/arm-none-eabi-gcc/bin/../lib/gcc/arm-none-eabi/6.3.1/../../../../arm-none-eabi/lib/thumb/v7-m\libg.a(lib_a-fputwc.o)
                0x20003b50                _fputwc_r
 .text._malloc_trim_r
                0x20003bb8       0xa0 c:/microsemi/softconsole_v5.1/arm-none-eabi-gcc/bin/../lib/gcc/arm-none-eabi/6.3.1/../../../../arm-none-eabi/lib/thumb/v7-m\libg.a(lib_a-freer.o)
                0x20003bb8                _malloc_trim_r
 .text._free_r  0x20003c58      0x1cc c:/microsemi/softconsole_v5.1/arm-none-eabi-gcc/bin/../lib/gcc/arm-none-eabi/6.3.1/../../../../arm-none-eabi/lib/thumb/v7-m\libg.a(lib_a-freer.o)
                0x20003c58                _free_r
 .text.__sfvwrite_r
                0x20003e24      0x2f4 c:/microsemi/softconsole_v5.1/arm-none-eabi-gcc/bin/../lib/gcc/arm-none-eabi/6.3.1/../../../../arm-none-eabi/lib/thumb/v7-m\libg.a(lib_a-fvwrite.o)
                0x20003e24                __sfvwrite_r
 .text._fwalk_reent
                0x20004118       0x50 c:/microsemi/softconsole_v5.1/arm-none-eabi-gcc/bin/../lib/gcc/arm-none-eabi/6.3.1/../../../../arm-none-eabi/lib/thumb/v7-m\libg.a(lib_a-fwalk.o)
                0x20004118                _fwalk_reent
 .text.__locale_mb_cur_max
                0x20004168       0x1c c:/microsemi/softconsole_v5.1/arm-none-eabi-gcc/bin/../lib/gcc/arm-none-eabi/6.3.1/../../../../arm-none-eabi/lib/thumb/v7-m\libg.a(lib_a-locale.o)
                0x20004168                __locale_mb_cur_max
 .text.__retarget_lock_init_recursive
                0x20004184        0x4 c:/microsemi/softconsole_v5.1/arm-none-eabi-gcc/bin/../lib/gcc/arm-none-eabi/6.3.1/../../../../arm-none-eabi/lib/thumb/v7-m\libg.a(lib_a-lock.o)
                0x20004184                __retarget_lock_init_recursive
 .text.__retarget_lock_close_recursive
                0x20004188        0x4 c:/microsemi/softconsole_v5.1/arm-none-eabi-gcc/bin/../lib/gcc/arm-none-eabi/6.3.1/../../../../arm-none-eabi/lib/thumb/v7-m\libg.a(lib_a-lock.o)
                0x20004188                __retarget_lock_close_recursive
 .text.__retarget_lock_acquire_recursive
                0x2000418c        0x4 c:/microsemi/softconsole_v5.1/arm-none-eabi-gcc/bin/../lib/gcc/arm-none-eabi/6.3.1/../../../../arm-none-eabi/lib/thumb/v7-m\libg.a(lib_a-lock.o)
                0x2000418c                __retarget_lock_acquire_recursive
 .text.__retarget_lock_release_recursive
                0x20004190        0x4 c:/microsemi/softconsole_v5.1/arm-none-eabi-gcc/bin/../lib/gcc/arm-none-eabi/6.3.1/../../../../arm-none-eabi/lib/thumb/v7-m\libg.a(lib_a-lock.o)
                0x20004190                __retarget_lock_release_recursive
 .text.__swhatbuf_r
                0x20004194       0x5c c:/microsemi/softconsole_v5.1/arm-none-eabi-gcc/bin/../lib/gcc/arm-none-eabi/6.3.1/../../../../arm-none-eabi/lib/thumb/v7-m\libg.a(lib_a-makebuf.o)
                0x20004194                __swhatbuf_r
 .text.__smakebuf_r
                0x200041f0       0x94 c:/microsemi/softconsole_v5.1/arm-none-eabi-gcc/bin/../lib/gcc/arm-none-eabi/6.3.1/../../../../arm-none-eabi/lib/thumb/v7-m\libg.a(lib_a-makebuf.o)
                0x200041f0                __smakebuf_r
 .text._malloc_r
                0x20004284      0x544 c:/microsemi/softconsole_v5.1/arm-none-eabi-gcc/bin/../lib/gcc/arm-none-eabi/6.3.1/../../../../arm-none-eabi/lib/thumb/v7-m\libg.a(lib_a-mallocr.o)
                0x20004284                _malloc_r
 .text.__ascii_mbtowc
                0x200047c8       0x2c c:/microsemi/softconsole_v5.1/arm-none-eabi-gcc/bin/../lib/gcc/arm-none-eabi/6.3.1/../../../../arm-none-eabi/lib/thumb/v7-m\libg.a(lib_a-mbtowc_r.o)
                0x200047c8                __ascii_mbtowc
 .text.memchr   0x200047f4       0x8c c:/microsemi/softconsole_v5.1/arm-none-eabi-gcc/bin/../lib/gcc/arm-none-eabi/6.3.1/../../../../arm-none-eabi/lib/thumb/v7-m\libg.a(lib_a-memchr-stub.o)
                0x200047f4                memchr
 .text.memmove  0x20004880       0xc8 c:/microsemi/softconsole_v5.1/arm-none-eabi-gcc/bin/../lib/gcc/arm-none-eabi/6.3.1/../../../../arm-none-eabi/lib/thumb/v7-m\libg.a(lib_a-memmove.o)
                0x20004880                memmove
 .text.__malloc_lock
                0x20004948        0xc c:/microsemi/softconsole_v5.1/arm-none-eabi-gcc/bin/../lib/gcc/arm-none-eabi/6.3.1/../../../../arm-none-eabi/lib/thumb/v7-m\libg.a(lib_a-mlock.o)
                0x20004948                __malloc_lock
 .text.__malloc_unlock
                0x20004954        0xc c:/microsemi/softconsole_v5.1/arm-none-eabi-gcc/bin/../lib/gcc/arm-none-eabi/6.3.1/../../../../arm-none-eabi/lib/thumb/v7-m\libg.a(lib_a-mlock.o)
                0x20004954                __malloc_unlock
 .text._realloc_r
                0x20004960      0x36c c:/microsemi/softconsole_v5.1/arm-none-eabi-gcc/bin/../lib/gcc/arm-none-eabi/6.3.1/../../../../arm-none-eabi/lib/thumb/v7-m\libg.a(lib_a-reallocr.o)
                0x20004960                _realloc_r
 .text._sbrk_r  0x20004ccc       0x24 c:/microsemi/softconsole_v5.1/arm-none-eabi-gcc/bin/../lib/gcc/arm-none-eabi/6.3.1/../../../../arm-none-eabi/lib/thumb/v7-m\libg.a(lib_a-sbrkr.o)
                0x20004ccc                _sbrk_r
 .text.__sread  0x20004cf0       0x24 c:/microsemi/softconsole_v5.1/arm-none-eabi-gcc/bin/../lib/gcc/arm-none-eabi/6.3.1/../../../../arm-none-eabi/lib/thumb/v7-m\libg.a(lib_a-stdio.o)
                0x20004cf0                __sread
 .text.__swrite
                0x20004d14       0x3c c:/microsemi/softconsole_v5.1/arm-none-eabi-gcc/bin/../lib/gcc/arm-none-eabi/6.3.1/../../../../arm-none-eabi/lib/thumb/v7-m\libg.a(lib_a-stdio.o)
                0x20004d14                __swrite
 .text.__sseek  0x20004d50       0x20 c:/microsemi/softconsole_v5.1/arm-none-eabi-gcc/bin/../lib/gcc/arm-none-eabi/6.3.1/../../../../arm-none-eabi/lib/thumb/v7-m\libg.a(lib_a-stdio.o)
                0x20004d50                __sseek
 .text.__sclose
                0x20004d70        0x8 c:/microsemi/softconsole_v5.1/arm-none-eabi-gcc/bin/../lib/gcc/arm-none-eabi/6.3.1/../../../../arm-none-eabi/lib/thumb/v7-m\libg.a(lib_a-stdio.o)
                0x20004d70                __sclose
 .text.strlen   0x20004d78       0x5c c:/microsemi/softconsole_v5.1/arm-none-eabi-gcc/bin/../lib/gcc/arm-none-eabi/6.3.1/../../../../arm-none-eabi/lib/thumb/v7-m\libg.a(lib_a-strlen-stub.o)
                0x20004d78                strlen
 .text.__swbuf_r
                0x20004dd4       0xb0 c:/microsemi/softconsole_v5.1/arm-none-eabi-gcc/bin/../lib/gcc/arm-none-eabi/6.3.1/../../../../arm-none-eabi/lib/thumb/v7-m\libg.a(lib_a-wbuf.o)
                0x20004dd4                __swbuf_r
 .text._wcrtomb_r
                0x20004e84       0x54 c:/microsemi/softconsole_v5.1/arm-none-eabi-gcc/bin/../lib/gcc/arm-none-eabi/6.3.1/../../../../arm-none-eabi/lib/thumb/v7-m\libg.a(lib_a-wcrtomb.o)
                0x20004e84                _wcrtomb_r
 .text.__ascii_wctomb
                0x20004ed8       0x18 c:/microsemi/softconsole_v5.1/arm-none-eabi-gcc/bin/../lib/gcc/arm-none-eabi/6.3.1/../../../../arm-none-eabi/lib/thumb/v7-m\libg.a(lib_a-wctomb_r.o)
                0x20004ed8                __ascii_wctomb
 .text._write_r
                0x20004ef0       0x2c c:/microsemi/softconsole_v5.1/arm-none-eabi-gcc/bin/../lib/gcc/arm-none-eabi/6.3.1/../../../../arm-none-eabi/lib/thumb/v7-m\libg.a(lib_a-writer.o)
                0x20004ef0                _write_r
 .text.__register_exitproc
                0x20004f1c       0xc4 c:/microsemi/softconsole_v5.1/arm-none-eabi-gcc/bin/../lib/gcc/arm-none-eabi/6.3.1/../../../../arm-none-eabi/lib/thumb/v7-m\libg.a(lib_a-__atexit.o)
                0x20004f1c                __register_exitproc
 .text._close_r
                0x20004fe0       0x24 c:/microsemi/softconsole_v5.1/arm-none-eabi-gcc/bin/../lib/gcc/arm-none-eabi/6.3.1/../../../../arm-none-eabi/lib/thumb/v7-m\libg.a(lib_a-closer.o)
                0x20004fe0                _close_r
 .text._fclose_r
                0x20005004       0xc4 c:/microsemi/softconsole_v5.1/arm-none-eabi-gcc/bin/../lib/gcc/arm-none-eabi/6.3.1/../../../../arm-none-eabi/lib/thumb/v7-m\libg.a(lib_a-fclose.o)
                0x20005004                _fclose_r
 .text._fstat_r
                0x200050c8       0x28 c:/microsemi/softconsole_v5.1/arm-none-eabi-gcc/bin/../lib/gcc/arm-none-eabi/6.3.1/../../../../arm-none-eabi/lib/thumb/v7-m\libg.a(lib_a-fstatr.o)
                0x200050c8                _fstat_r
 .text._isatty_r
                0x200050f0       0x24 c:/microsemi/softconsole_v5.1/arm-none-eabi-gcc/bin/../lib/gcc/arm-none-eabi/6.3.1/../../../../arm-none-eabi/lib/thumb/v7-m\libg.a(lib_a-isattyr.o)
                0x200050f0                _isatty_r
 .text._lseek_r
                0x20005114       0x2c c:/microsemi/softconsole_v5.1/arm-none-eabi-gcc/bin/../lib/gcc/arm-none-eabi/6.3.1/../../../../arm-none-eabi/lib/thumb/v7-m\libg.a(lib_a-lseekr.o)
                0x20005114                _lseek_r
 .text._read_r  0x20005140       0x2c c:/microsemi/softconsole_v5.1/arm-none-eabi-gcc/bin/../lib/gcc/arm-none-eabi/6.3.1/../../../../arm-none-eabi/lib/thumb/v7-m\libg.a(lib_a-readr.o)
                0x20005140                _read_r
 .text          0x2000516c       0x30 c:/microsemi/softconsole_v5.1/arm-none-eabi-gcc/bin/../lib/gcc/arm-none-eabi/6.3.1/thumb/v7-m\libgcc.a(_aeabi_uldivmod.o)
                0x2000516c                __aeabi_uldivmod
 .text          0x2000519c      0x2dc c:/microsemi/softconsole_v5.1/arm-none-eabi-gcc/bin/../lib/gcc/arm-none-eabi/6.3.1/thumb/v7-m\libgcc.a(_udivmoddi4.o)
                0x2000519c                __udivmoddi4
 .text          0x20005478        0x4 c:/microsemi/softconsole_v5.1/arm-none-eabi-gcc/bin/../lib/gcc/arm-none-eabi/6.3.1/thumb/v7-m\libgcc.a(_dvmd_tls.o)
                0x20005478                __aeabi_idiv0
                0x20005478                __aeabi_ldiv0
 .text.findslot
                0x2000547c       0x38 c:/microsemi/softconsole_v5.1/arm-none-eabi-gcc/bin/../lib/gcc/arm-none-eabi/6.3.1/../../../../arm-none-eabi/lib/thumb/v7-m\librdimon.a(rdimon-syscalls.o)
 .text.checkerror.part.0
                0x200054b4       0x1c c:/microsemi/softconsole_v5.1/arm-none-eabi-gcc/bin/../lib/gcc/arm-none-eabi/6.3.1/../../../../arm-none-eabi/lib/thumb/v7-m\librdimon.a(rdimon-syscalls.o)
 .text.initialise_monitor_handles
                0x200054d0       0xa8 c:/microsemi/softconsole_v5.1/arm-none-eabi-gcc/bin/../lib/gcc/arm-none-eabi/6.3.1/../../../../arm-none-eabi/lib/thumb/v7-m\librdimon.a(rdimon-syscalls.o)
                0x200054d0                initialise_monitor_handles
 .text._read    0x20005578       0x54 c:/microsemi/softconsole_v5.1/arm-none-eabi-gcc/bin/../lib/gcc/arm-none-eabi/6.3.1/../../../../arm-none-eabi/lib/thumb/v7-m\librdimon.a(rdimon-syscalls.o)
                0x20005578                _read
 .text._swilseek
                0x200055cc       0xa0 c:/microsemi/softconsole_v5.1/arm-none-eabi-gcc/bin/../lib/gcc/arm-none-eabi/6.3.1/../../../../arm-none-eabi/lib/thumb/v7-m\librdimon.a(rdimon-syscalls.o)
                0x200055cc                _swilseek
 .text._lseek   0x2000566c        0x4 c:/microsemi/softconsole_v5.1/arm-none-eabi-gcc/bin/../lib/gcc/arm-none-eabi/6.3.1/../../../../arm-none-eabi/lib/thumb/v7-m\librdimon.a(rdimon-syscalls.o)
                0x2000566c                _lseek
 .text._write   0x20005670       0x78 c:/microsemi/softconsole_v5.1/arm-none-eabi-gcc/bin/../lib/gcc/arm-none-eabi/6.3.1/../../../../arm-none-eabi/lib/thumb/v7-m\librdimon.a(rdimon-syscalls.o)
                0x20005670                _write
 .text._close   0x200056e8       0x68 c:/microsemi/softconsole_v5.1/arm-none-eabi-gcc/bin/../lib/gcc/arm-none-eabi/6.3.1/../../../../arm-none-eabi/lib/thumb/v7-m\librdimon.a(rdimon-syscalls.o)
                0x200056e8                _close
 .text._sbrk    0x20005750       0x4c c:/microsemi/softconsole_v5.1/arm-none-eabi-gcc/bin/../lib/gcc/arm-none-eabi/6.3.1/../../../../arm-none-eabi/lib/thumb/v7-m\librdimon.a(rdimon-syscalls.o)
                0x20005750                _sbrk
 .text._swistat
                0x2000579c       0x4c c:/microsemi/softconsole_v5.1/arm-none-eabi-gcc/bin/../lib/gcc/arm-none-eabi/6.3.1/../../../../arm-none-eabi/lib/thumb/v7-m\librdimon.a(rdimon-syscalls.o)
                0x2000579c                _swistat
 .text._fstat   0x200057e8       0x1c c:/microsemi/softconsole_v5.1/arm-none-eabi-gcc/bin/../lib/gcc/arm-none-eabi/6.3.1/../../../../arm-none-eabi/lib/thumb/v7-m\librdimon.a(rdimon-syscalls.o)
                0x200057e8                _fstat
 .text._isatty  0x20005804       0x3c c:/microsemi/softconsole_v5.1/arm-none-eabi-gcc/bin/../lib/gcc/arm-none-eabi/6.3.1/../../../../arm-none-eabi/lib/thumb/v7-m\librdimon.a(rdimon-syscalls.o)
                0x20005804                _isatty
 .text.__errno  0x20005840        0xc c:/microsemi/softconsole_v5.1/arm-none-eabi-gcc/bin/../lib/gcc/arm-none-eabi/6.3.1/../../../../arm-none-eabi/lib/thumb/v7-m\libc.a(lib_a-errno.o)
                0x20005840                __errno
 *(.plt)
 *(.gnu.warning)
 *(.glue_7t)
 .glue_7t       0x2000584c        0x0 linker stubs
 *(.glue_7)
 .glue_7        0x2000584c        0x0 linker stubs
 *(.vfp11_veneer)
 .vfp11_veneer  0x2000584c        0x0 linker stubs
                0x2000584c                . = ALIGN (0x4)
 *crtbegin.o(.ctors)
 *(EXCLUDE_FILE(*crtend.o) .ctors)
 *(SORT(.ctors.*))
 *crtend.o(.ctors)
 *crtbegin.o(.dtors)
 *(EXCLUDE_FILE(*crtend.o) .dtors)
 *(SORT(.dtors.*))
 *crtend.o(.dtors)
 *(.rodata .rodata.* .gnu.linkonce.r.*)
 .rodata.g_pwm_id_mask_lut
                0x2000584c       0x11 ./drivers/CorePWM/core_pwm.o
 *fill*         0x2000585d        0x3 
 .rodata.g_pwm_posedge_offset_lut
                0x20005860       0x44 ./drivers/CorePWM/core_pwm.o
 .rodata.g_pwm_negedge_offset_lut
                0x200058a4       0x44 ./drivers/CorePWM/core_pwm.o
 .rodata        0x200058e8        0x8 ./CMSIS/system_m2sxxx.o
 .rodata        0x200058f0      0x182 ./main.o
 *fill*         0x20005a72        0x2 
 .rodata._global_impure_ptr
                0x20005a74        0x4 c:/microsemi/softconsole_v5.1/arm-none-eabi-gcc/bin/../lib/gcc/arm-none-eabi/6.3.1/../../../../arm-none-eabi/lib/thumb/v7-m\libg.a(lib_a-impure.o)
                0x20005a74                _global_impure_ptr
 .rodata._vfiprintf_r.str1.4
                0x20005a78       0x2f c:/microsemi/softconsole_v5.1/arm-none-eabi-gcc/bin/../lib/gcc/arm-none-eabi/6.3.1/../../../../arm-none-eabi/lib/thumb/v7-m\libg.a(lib_a-vfiprintf.o)
 *fill*         0x20005aa7        0x1 
 .rodata.blanks.7222
                0x20005aa8       0x10 c:/microsemi/softconsole_v5.1/arm-none-eabi-gcc/bin/../lib/gcc/arm-none-eabi/6.3.1/../../../../arm-none-eabi/lib/thumb/v7-m\libg.a(lib_a-vfiprintf.o)
 .rodata.zeroes.7223
                0x20005ab8       0x10 c:/microsemi/softconsole_v5.1/arm-none-eabi-gcc/bin/../lib/gcc/arm-none-eabi/6.3.1/../../../../arm-none-eabi/lib/thumb/v7-m\libg.a(lib_a-vfiprintf.o)
 .rodata._setlocale_r.str1.4
                0x20005ac8        0xa c:/microsemi/softconsole_v5.1/arm-none-eabi-gcc/bin/../lib/gcc/arm-none-eabi/6.3.1/../../../../arm-none-eabi/lib/thumb/v7-m\libg.a(lib_a-locale.o)
                                  0xd (size before relaxing)
 *fill*         0x20005ad2        0x2 
 .rodata.str1.4
                0x20005ad4        0x2 c:/microsemi/softconsole_v5.1/arm-none-eabi-gcc/bin/../lib/gcc/arm-none-eabi/6.3.1/../../../../arm-none-eabi/lib/thumb/v7-m\libg.a(lib_a-locale.o)
 *fill*         0x20005ad6        0x2 
 .rodata._ctype_
                0x20005ad8      0x101 c:/microsemi/softconsole_v5.1/arm-none-eabi-gcc/bin/../lib/gcc/arm-none-eabi/6.3.1/../../../../arm-none-eabi/lib/thumb/v7-m\libg.a(lib_a-ctype_.o)
                0x20005ad8                _ctype_
 *fill*         0x20005bd9        0x3 
 .rodata.initialise_monitor_handles.str1.4
                0x20005bdc        0x4 c:/microsemi/softconsole_v5.1/arm-none-eabi-gcc/bin/../lib/gcc/arm-none-eabi/6.3.1/../../../../arm-none-eabi/lib/thumb/v7-m\librdimon.a(rdimon-syscalls.o)
 *(.ARM.extab* .gnu.linkonce.armextab.*)
 *(.gcc_except_table)
 *(.eh_frame_hdr)
 *(.eh_frame)
 .eh_frame      0x20005be0        0x0 c:/microsemi/softconsole_v5.1/arm-none-eabi-gcc/bin/../lib/gcc/arm-none-eabi/6.3.1/thumb/v7-m/crtbegin.o
 *(.vector_table)
 *(.init)
 .init          0x20005be0        0x4 c:/microsemi/softconsole_v5.1/arm-none-eabi-gcc/bin/../lib/gcc/arm-none-eabi/6.3.1/thumb/v7-m/crti.o
                0x20005be0                _init
 .init          0x20005be4        0x8 c:/microsemi/softconsole_v5.1/arm-none-eabi-gcc/bin/../lib/gcc/arm-none-eabi/6.3.1/thumb/v7-m/crtn.o
 *(.fini)
 .fini          0x20005bec        0x4 c:/microsemi/softconsole_v5.1/arm-none-eabi-gcc/bin/../lib/gcc/arm-none-eabi/6.3.1/thumb/v7-m/crti.o
                0x20005bec                _fini
 .fini          0x20005bf0        0x8 c:/microsemi/softconsole_v5.1/arm-none-eabi-gcc/bin/../lib/gcc/arm-none-eabi/6.3.1/thumb/v7-m/crtn.o
                0x20005bf8                PROVIDE (__preinit_array_start, .)
 *(.preinit_array)
                0x20005bf8                PROVIDE (__preinit_array_end, .)
                0x20005bf8                PROVIDE (__init_array_start, .)
 *(SORT(.init_array.*))
 .init_array.00000
                0x20005bf8        0x4 c:/microsemi/softconsole_v5.1/arm-none-eabi-gcc/bin/../lib/gcc/arm-none-eabi/6.3.1/../../../../arm-none-eabi/lib/thumb/v7-m\libg.a(lib_a-__call_atexit.o)
 *(.init_array)
 .init_array    0x20005bfc        0x4 c:/microsemi/softconsole_v5.1/arm-none-eabi-gcc/bin/../lib/gcc/arm-none-eabi/6.3.1/thumb/v7-m/crtbegin.o
                0x20005c00                PROVIDE (__init_array_end, .)
                0x20005c00                PROVIDE (__fini_array_start, .)
 *(.fini_array)
 .fini_array    0x20005c00        0x4 c:/microsemi/softconsole_v5.1/arm-none-eabi-gcc/bin/../lib/gcc/arm-none-eabi/6.3.1/thumb/v7-m/crtbegin.o
 *(SORT(.fini_array.*))
                0x20005c04                PROVIDE (__fini_array_end, .)
                0x20005c10                . = ALIGN (0x10)
 *fill*         0x20005c04        0xc 
                0x20005c10                __exidx_start = .

.v4_bx          0x20005c10        0x0
 .v4_bx         0x20005c10        0x0 linker stubs

.iplt           0x20005c10        0x0
 .iplt          0x20005c10        0x0 c:/microsemi/softconsole_v5.1/arm-none-eabi-gcc/bin/../lib/gcc/arm-none-eabi/6.3.1/thumb/v7-m/crtbegin.o

.ARM.exidx      0x20005c10        0x8
 *(.ARM.exidx* .gnu.linkonce.armexidx.*)
 .ARM.exidx     0x20005c10        0x8 c:/microsemi/softconsole_v5.1/arm-none-eabi-gcc/bin/../lib/gcc/arm-none-eabi/6.3.1/thumb/v7-m\libgcc.a(_udivmoddi4.o)
                0x20005c18                __exidx_end = .
                0x20005c18                _etext = .
                [!provide]                PROVIDE (__text_end, .)

.rel.dyn        0x20005c18        0x0
 .rel.iplt      0x20005c18        0x0 c:/microsemi/softconsole_v5.1/arm-none-eabi-gcc/bin/../lib/gcc/arm-none-eabi/6.3.1/thumb/v7-m/crtbegin.o

.data           0x20005c20      0x9e0
                0x20005c20                __data_load = LOADADDR (.data)
                0x20005c20                _sidata = LOADADDR (.data)
                0x20005c20                __data_start = .
                0x20005c20                _sdata = .
 *(.jcr)
 .jcr           0x20005c20        0x0 c:/microsemi/softconsole_v5.1/arm-none-eabi-gcc/bin/../lib/gcc/arm-none-eabi/6.3.1/thumb/v7-m/crtbegin.o
 .jcr           0x20005c20        0x4 c:/microsemi/softconsole_v5.1/arm-none-eabi-gcc/bin/../lib/gcc/arm-none-eabi/6.3.1/thumb/v7-m/crtend.o
 *(.got.plt)
 *(.got)
 *(.shdata)
 *(.data .data.* .gnu.linkonce.d.*)
 .data.SystemCoreClock
                0x20005c24        0x4 ./CMSIS/system_m2sxxx.o
                0x20005c24                SystemCoreClock
 .data.g_FrequencyPCLK0
                0x20005c28        0x4 ./CMSIS/system_m2sxxx.o
                0x20005c28                g_FrequencyPCLK0
 .data.g_FrequencyPCLK1
                0x20005c2c        0x4 ./CMSIS/system_m2sxxx.o
                0x20005c2c                g_FrequencyPCLK1
 .data.g_FrequencyPCLK2
                0x20005c30        0x4 ./CMSIS/system_m2sxxx.o
                0x20005c30                g_FrequencyPCLK2
 .data.g_FrequencyFIC0
                0x20005c34        0x4 ./CMSIS/system_m2sxxx.o
                0x20005c34                g_FrequencyFIC0
 .data.g_FrequencyFIC1
                0x20005c38        0x4 ./CMSIS/system_m2sxxx.o
                0x20005c38                g_FrequencyFIC1
 .data.g_FrequencyFIC64
                0x20005c3c        0x4 ./CMSIS/system_m2sxxx.o
                0x20005c3c                g_FrequencyFIC64
 .data.g_gpio_pattern
                0x20005c40        0x4 ./main.o
                0x20005c40                g_gpio_pattern
 .data._impure_ptr
                0x20005c44        0x4 c:/microsemi/softconsole_v5.1/arm-none-eabi-gcc/bin/../lib/gcc/arm-none-eabi/6.3.1/../../../../arm-none-eabi/lib/thumb/v7-m\libg.a(lib_a-impure.o)
                0x20005c44                _impure_ptr
 .data.impure_data
                0x20005c48      0x428 c:/microsemi/softconsole_v5.1/arm-none-eabi-gcc/bin/../lib/gcc/arm-none-eabi/6.3.1/../../../../arm-none-eabi/lib/thumb/v7-m\libg.a(lib_a-impure.o)
 .data.__atexit_recursive_mutex
                0x20006070        0x4 c:/microsemi/softconsole_v5.1/arm-none-eabi-gcc/bin/../lib/gcc/arm-none-eabi/6.3.1/../../../../arm-none-eabi/lib/thumb/v7-m\libg.a(lib_a-__call_atexit.o)
                0x20006070                __atexit_recursive_mutex
 .data.__global_locale
                0x20006074      0x16c c:/microsemi/softconsole_v5.1/arm-none-eabi-gcc/bin/../lib/gcc/arm-none-eabi/6.3.1/../../../../arm-none-eabi/lib/thumb/v7-m\libg.a(lib_a-locale.o)
                0x20006074                __global_locale
 .data.__malloc_av_
                0x200061e0      0x408 c:/microsemi/softconsole_v5.1/arm-none-eabi-gcc/bin/../lib/gcc/arm-none-eabi/6.3.1/../../../../arm-none-eabi/lib/thumb/v7-m\libg.a(lib_a-mallocr.o)
                0x200061e0                __malloc_av_
 .data.__malloc_sbrk_base
                0x200065e8        0x4 c:/microsemi/softconsole_v5.1/arm-none-eabi-gcc/bin/../lib/gcc/arm-none-eabi/6.3.1/../../../../arm-none-eabi/lib/thumb/v7-m\libg.a(lib_a-mallocr.o)
                0x200065e8                __malloc_sbrk_base
 .data.__malloc_trim_threshold
                0x200065ec        0x4 c:/microsemi/softconsole_v5.1/arm-none-eabi-gcc/bin/../lib/gcc/arm-none-eabi/6.3.1/../../../../arm-none-eabi/lib/thumb/v7-m\libg.a(lib_a-mallocr.o)
                0x200065ec                __malloc_trim_threshold
 .data.__heap_limit
                0x200065f0        0x4 c:/microsemi/softconsole_v5.1/arm-none-eabi-gcc/bin/../lib/gcc/arm-none-eabi/6.3.1/../../../../arm-none-eabi/lib/thumb/v7-m\librdimon.a(rdimon-syscalls.o)
                0x200065f0                __heap_limit
                0x20006600                . = ALIGN (0x10)
 *fill*         0x200065f4        0xc 
                0x20006600                _edata = .

.igot.plt       0x20006600        0x0
 .igot.plt      0x20006600        0x0 c:/microsemi/softconsole_v5.1/arm-none-eabi-gcc/bin/../lib/gcc/arm-none-eabi/6.3.1/thumb/v7-m/crtbegin.o

.bss            0x20006600      0x2e0
                0x20006600                __bss_start__ = .
                0x20006600                _sbss = .
 *(.shbss)
 *(.bss .bss.* .gnu.linkonce.b.*)
 .bss           0x20006600       0x1c c:/microsemi/softconsole_v5.1/arm-none-eabi-gcc/bin/../lib/gcc/arm-none-eabi/6.3.1/thumb/v7-m/crtbegin.o
 .bss.g_comblk_cmd_opcode
                0x2000661c        0x1 ./drivers/mss_sys_services/mss_comblk.o
 *fill*         0x2000661d        0x3 
 .bss.g_comblk_p_cmd
                0x20006620        0x4 ./drivers/mss_sys_services/mss_comblk.o
 .bss.g_comblk_cmd_size
                0x20006624        0x2 ./drivers/mss_sys_services/mss_comblk.o
 *fill*         0x20006626        0x2 
 .bss.g_comblk_p_data
                0x20006628        0x4 ./drivers/mss_sys_services/mss_comblk.o
 .bss.g_comblk_data_size
                0x2000662c        0x4 ./drivers/mss_sys_services/mss_comblk.o
 .bss.g_comblk_p_response
                0x20006630        0x4 ./drivers/mss_sys_services/mss_comblk.o
 .bss.g_comblk_response_size
                0x20006634        0x2 ./drivers/mss_sys_services/mss_comblk.o
 .bss.g_comblk_response_idx
                0x20006636        0x2 ./drivers/mss_sys_services/mss_comblk.o
 .bss.g_comblk_completion_handler
                0x20006638        0x4 ./drivers/mss_sys_services/mss_comblk.o
 .bss.g_comblk_page_handler
                0x2000663c        0x4 ./drivers/mss_sys_services/mss_comblk.o
 .bss.g_request_in_progress
                0x20006640        0x1 ./drivers/mss_sys_services/mss_comblk.o
 .bss.g_comblk_state
                0x20006641        0x1 ./drivers/mss_sys_services/mss_comblk.o
 *fill*         0x20006642        0x2 
 .bss.g_async_event_handler
                0x20006644        0x4 ./drivers/mss_sys_services/mss_comblk.o
 .bss.g_transfer
                0x20006648       0x18 ./drivers/mss_hpdma/mss_hpdma.o
 .bss.g_hpdma_end_desc
                0x20006660        0x4 ./drivers/mss_hpdma/mss_hpdma.o
 .bss.g_hpdma_current_desc
                0x20006664        0x4 ./drivers/mss_hpdma/mss_hpdma.o
 .bss.__malloc_current_mallinfo
                0x20006668       0x28 c:/microsemi/softconsole_v5.1/arm-none-eabi-gcc/bin/../lib/gcc/arm-none-eabi/6.3.1/../../../../arm-none-eabi/lib/thumb/v7-m\libg.a(lib_a-mallocr.o)
                0x20006668                __malloc_current_mallinfo
 .bss.__malloc_max_sbrked_mem
                0x20006690        0x4 c:/microsemi/softconsole_v5.1/arm-none-eabi-gcc/bin/../lib/gcc/arm-none-eabi/6.3.1/../../../../arm-none-eabi/lib/thumb/v7-m\libg.a(lib_a-mallocr.o)
                0x20006690                __malloc_max_sbrked_mem
 .bss.__malloc_max_total_mem
                0x20006694        0x4 c:/microsemi/softconsole_v5.1/arm-none-eabi-gcc/bin/../lib/gcc/arm-none-eabi/6.3.1/../../../../arm-none-eabi/lib/thumb/v7-m\libg.a(lib_a-mallocr.o)
                0x20006694                __malloc_max_total_mem
 .bss.__malloc_top_pad
                0x20006698        0x4 c:/microsemi/softconsole_v5.1/arm-none-eabi-gcc/bin/../lib/gcc/arm-none-eabi/6.3.1/../../../../arm-none-eabi/lib/thumb/v7-m\libg.a(lib_a-mallocr.o)
                0x20006698                __malloc_top_pad
 .bss.heap_end.6174
                0x2000669c        0x4 c:/microsemi/softconsole_v5.1/arm-none-eabi-gcc/bin/../lib/gcc/arm-none-eabi/6.3.1/../../../../arm-none-eabi/lib/thumb/v7-m\librdimon.a(rdimon-syscalls.o)
 .bss.monitor_stderr
                0x200066a0        0x4 c:/microsemi/softconsole_v5.1/arm-none-eabi-gcc/bin/../lib/gcc/arm-none-eabi/6.3.1/../../../../arm-none-eabi/lib/thumb/v7-m\librdimon.a(rdimon-syscalls.o)
 .bss.monitor_stdin
                0x200066a4        0x4 c:/microsemi/softconsole_v5.1/arm-none-eabi-gcc/bin/../lib/gcc/arm-none-eabi/6.3.1/../../../../arm-none-eabi/lib/thumb/v7-m\librdimon.a(rdimon-syscalls.o)
 .bss.monitor_stdout
                0x200066a8        0x4 c:/microsemi/softconsole_v5.1/arm-none-eabi-gcc/bin/../lib/gcc/arm-none-eabi/6.3.1/../../../../arm-none-eabi/lib/thumb/v7-m\librdimon.a(rdimon-syscalls.o)
 .bss.openfiles
                0x200066ac       0xa0 c:/microsemi/softconsole_v5.1/arm-none-eabi-gcc/bin/../lib/gcc/arm-none-eabi/6.3.1/../../../../arm-none-eabi/lib/thumb/v7-m\librdimon.a(rdimon-syscalls.o)
 *(COMMON)
 COMMON         0x2000674c      0x108 ./drivers/mss_spi/mss_spi.o
                0x2000674c                g_mss_spi1
                0x200067d0                g_mss_spi0
 COMMON         0x20006854       0x5c ./main.o
                0x20006854                g_gpio
                0x2000685c                g_uart
                0x20006864                g_core_spi0
                0x200068ac                the_pwm
 COMMON         0x200068b0       0x21 c:/microsemi/softconsole_v5.1/arm-none-eabi-gcc/bin/../lib/gcc/arm-none-eabi/6.3.1/../../../../arm-none-eabi/lib/thumb/v7-m\libg.a(lib_a-lock.o)
                0x200068b0                __lock___atexit_recursive_mutex
                0x200068b4                __lock___arc4random_mutex
                0x200068b8                __lock___env_recursive_mutex
                0x200068bc                __lock___sinit_recursive_mutex
                0x200068c0                __lock___malloc_recursive_mutex
                0x200068c4                __lock___at_quick_exit_mutex
                0x200068c8                __lock___dd_hash_mutex
                0x200068cc                __lock___tz_mutex
                0x200068d0                __lock___sfp_recursive_mutex
 *fill*         0x200068d1        0x3 
 COMMON         0x200068d4        0x4 c:/microsemi/softconsole_v5.1/arm-none-eabi-gcc/bin/../lib/gcc/arm-none-eabi/6.3.1/../../../../arm-none-eabi/lib/thumb/v7-m\libg.a(lib_a-reent.o)
                0x200068d4                errno
                0x200068e0                . = ALIGN (0x10)
 *fill*         0x200068d8        0x8 
                0x200068e0                __bss_end__ = .
                0x200068e0                _end = .
                0x200068e0                __end = _end
                0x200068e0                _ebss = .
                0x200068e0                PROVIDE (end, .)

.heap           0x200068e0     0x8720
                0x200068e0                __heap_start__ = .
                0x200078e0                . = (. + MIN_SIZE_HEAP)
 *fill*         0x200068e0     0x1000 
                0x2000f000                . = (. + (((ABSOLUTE (RAM_START_ADDRESS) + RAM_SIZE) - MAIN_STACK_SIZE) - .))
 *fill*         0x200078e0     0x7720 
                0x2000f000                _eheap = .

.stack          0x2000f000     0x1000
                0x2000f000                __stack_start__ = .
                0x20010000                . = (. + MAIN_STACK_SIZE)
 *fill*         0x2000f000     0x1000 
                0x20010000                _estack = .

.stab
 *(.stab)

.stabstr
 *(.stabstr)

.debug
 *(.debug)

.line
 *(.line)

.debug_srcinfo
 *(.debug_srcinfo)

.debug_sfnames
 *(.debug_sfnames)

.debug_aranges  0x00000000      0xa18
 *(.debug_aranges)
 .debug_aranges
                0x00000000       0x20 ./src/demo.o
 .debug_aranges
                0x00000020       0x20 ./hal/CortexM3/GNU/hal.o
 .debug_aranges
                0x00000040       0x20 ./hal/CortexM3/GNU/hw_reg_access.o
 .debug_aranges
                0x00000060       0x48 ./hal/CortexM3/cortex_nvic.o
 .debug_aranges
                0x000000a8       0x18 ./drivers_config/sys_config/sys_config.o
 .debug_aranges
                0x000000c0       0x90 ./drivers/mss_sys_services/mss_comblk.o
 .debug_aranges
                0x00000150      0x1c8 ./drivers/mss_sys_services/mss_sys_services.o
 .debug_aranges
                0x00000318       0xe0 ./drivers/mss_spi/mss_spi.o
 .debug_aranges
                0x000003f8       0xc0 ./drivers/mss_rtc/mss_rtc.o
 .debug_aranges
                0x000004b8       0x80 ./drivers/mss_nvm/mss_nvm.o
 .debug_aranges
                0x00000538       0x80 ./drivers/mss_hpdma/mss_hpdma.o
 .debug_aranges
                0x000005b8       0x48 ./drivers/CoreUARTapb/core_uart_apb.o
 .debug_aranges
                0x00000600       0xa8 ./drivers/CoreSPI/core_spi.o
 .debug_aranges
                0x000006a8       0xb8 ./drivers/CorePWM/core_pwm.o
 .debug_aranges
                0x00000760      0x110 ./drivers/CoreI2C/core_i2c.o
 .debug_aranges
                0x00000870       0x28 ./drivers/CoreI2C/i2c_interrupt.o
 .debug_aranges
                0x00000898       0x68 ./drivers/CoreGPIO/core_gpio.o
 .debug_aranges
                0x00000900       0x20 ./CMSIS/startup_gcc/startup_m2sxxx.o
 .debug_aranges
                0x00000920       0x50 ./CMSIS/system_m2sxxx.o
 .debug_aranges
                0x00000970       0x18 ./.metadata/.plugins/org.eclipse.cdt.make.core/specs.o
 .debug_aranges
                0x00000988       0x90 ./main.o

.debug_pubnames
 *(.debug_pubnames)

.debug_info     0x00000000     0xf786
 *(.debug_info .gnu.linkonce.wi.*)
 .debug_info    0x00000000      0x306 ./src/demo.o
 .debug_info    0x00000306       0xbc ./hal/CortexM3/GNU/hal.o
 .debug_info    0x000003c2       0xc6 ./hal/CortexM3/GNU/hw_reg_access.o
 .debug_info    0x00000488      0x18f ./hal/CortexM3/cortex_nvic.o
 .debug_info    0x00000617       0x96 ./drivers_config/sys_config/sys_config.o
 .debug_info    0x000006ad      0xadb ./drivers/mss_sys_services/mss_comblk.o
 .debug_info    0x00001188     0x262d ./drivers/mss_sys_services/mss_sys_services.o
 .debug_info    0x000037b5     0x1da8 ./drivers/mss_spi/mss_spi.o
 .debug_info    0x0000555d     0x195f ./drivers/mss_rtc/mss_rtc.o
 .debug_info    0x00006ebc     0x11c4 ./drivers/mss_nvm/mss_nvm.o
 .debug_info    0x00008080     0x1145 ./drivers/mss_hpdma/mss_hpdma.o
 .debug_info    0x000091c5      0x374 ./drivers/CoreUARTapb/core_uart_apb.o
 .debug_info    0x00009539      0xfc9 ./drivers/CoreSPI/core_spi.o
 .debug_info    0x0000a502      0xafc ./drivers/CorePWM/core_pwm.o
 .debug_info    0x0000affe     0x14ab ./drivers/CoreI2C/core_i2c.o
 .debug_info    0x0000c4a9      0x353 ./drivers/CoreI2C/i2c_interrupt.o
 .debug_info    0x0000c7fc      0x579 ./drivers/CoreGPIO/core_gpio.o
 .debug_info    0x0000cd75       0xc8 ./CMSIS/startup_gcc/startup_m2sxxx.o
 .debug_info    0x0000ce3d      0xab9 ./CMSIS/system_m2sxxx.o
 .debug_info    0x0000d8f6       0x21 ./.metadata/.plugins/org.eclipse.cdt.make.core/specs.o
 .debug_info    0x0000d917     0x1e6f ./main.o

.debug_abbrev   0x00000000     0x20a1
 *(.debug_abbrev)
 .debug_abbrev  0x00000000       0xe6 ./src/demo.o
 .debug_abbrev  0x000000e6       0x14 ./hal/CortexM3/GNU/hal.o
 .debug_abbrev  0x000000fa       0x14 ./hal/CortexM3/GNU/hw_reg_access.o
 .debug_abbrev  0x0000010e       0x8b ./hal/CortexM3/cortex_nvic.o
 .debug_abbrev  0x00000199       0x4e ./drivers_config/sys_config/sys_config.o
 .debug_abbrev  0x000001e7      0x1fc ./drivers/mss_sys_services/mss_comblk.o
 .debug_abbrev  0x000003e3      0x31d ./drivers/mss_sys_services/mss_sys_services.o
 .debug_abbrev  0x00000700      0x311 ./drivers/mss_spi/mss_spi.o
 .debug_abbrev  0x00000a11      0x341 ./drivers/mss_rtc/mss_rtc.o
 .debug_abbrev  0x00000d52      0x1cb ./drivers/mss_nvm/mss_nvm.o
 .debug_abbrev  0x00000f1d      0x269 ./drivers/mss_hpdma/mss_hpdma.o
 .debug_abbrev  0x00001186      0x127 ./drivers/CoreUARTapb/core_uart_apb.o
 .debug_abbrev  0x000012ad      0x267 ./drivers/CoreSPI/core_spi.o
 .debug_abbrev  0x00001514      0x186 ./drivers/CorePWM/core_pwm.o
 .debug_abbrev  0x0000169a      0x2ac ./drivers/CoreI2C/core_i2c.o
 .debug_abbrev  0x00001946       0xff ./drivers/CoreI2C/i2c_interrupt.o
 .debug_abbrev  0x00001a45      0x142 ./drivers/CoreGPIO/core_gpio.o
 .debug_abbrev  0x00001b87       0x14 ./CMSIS/startup_gcc/startup_m2sxxx.o
 .debug_abbrev  0x00001b9b      0x190 ./CMSIS/system_m2sxxx.o
 .debug_abbrev  0x00001d2b       0x13 ./.metadata/.plugins/org.eclipse.cdt.make.core/specs.o
 .debug_abbrev  0x00001d3e      0x363 ./main.o

.debug_line     0x00000000     0x628c
 *(.debug_line)
 .debug_line    0x00000000      0x24e ./src/demo.o
 .debug_line    0x0000024e       0x4d ./hal/CortexM3/GNU/hal.o
 .debug_line    0x0000029b       0x8b ./hal/CortexM3/GNU/hw_reg_access.o
 .debug_line    0x00000326      0x2c5 ./hal/CortexM3/cortex_nvic.o
 .debug_line    0x000005eb      0x2ce ./drivers_config/sys_config/sys_config.o
 .debug_line    0x000008b9      0x587 ./drivers/mss_sys_services/mss_comblk.o
 .debug_line    0x00000e40      0xdee ./drivers/mss_sys_services/mss_sys_services.o
 .debug_line    0x00001c2e      0x7fc ./drivers/mss_spi/mss_spi.o
 .debug_line    0x0000242a      0x6ab ./drivers/mss_rtc/mss_rtc.o
 .debug_line    0x00002ad5      0x6c5 ./drivers/mss_nvm/mss_nvm.o
 .debug_line    0x0000319a      0x490 ./drivers/mss_hpdma/mss_hpdma.o
 .debug_line    0x0000362a      0x454 ./drivers/CoreUARTapb/core_uart_apb.o
 .debug_line    0x00003a7e      0x6f5 ./drivers/CoreSPI/core_spi.o
 .debug_line    0x00004173      0x6ed ./drivers/CorePWM/core_pwm.o
 .debug_line    0x00004860      0x701 ./drivers/CoreI2C/core_i2c.o
 .debug_line    0x00004f61      0x2bf ./drivers/CoreI2C/i2c_interrupt.o
 .debug_line    0x00005220      0x491 ./drivers/CoreGPIO/core_gpio.o
 .debug_line    0x000056b1      0x18e ./CMSIS/startup_gcc/startup_m2sxxx.o
 .debug_line    0x0000583f      0x37d ./CMSIS/system_m2sxxx.o
 .debug_line    0x00005bbc       0x58 ./.metadata/.plugins/org.eclipse.cdt.make.core/specs.o
 .debug_line    0x00005c14      0x678 ./main.o

.debug_frame    0x00000000     0x37d4
 *(.debug_frame)
 .debug_frame   0x00000000       0x34 ./src/demo.o
 .debug_frame   0x00000034       0xf8 ./hal/CortexM3/cortex_nvic.o
 .debug_frame   0x0000012c      0x240 ./drivers/mss_sys_services/mss_comblk.o
 .debug_frame   0x0000036c      0x7dc ./drivers/mss_sys_services/mss_sys_services.o
 .debug_frame   0x00000b48      0x3c0 ./drivers/mss_spi/mss_spi.o
 .debug_frame   0x00000f08      0x32c ./drivers/mss_rtc/mss_rtc.o
 .debug_frame   0x00001234      0x208 ./drivers/mss_nvm/mss_nvm.o
 .debug_frame   0x0000143c      0x210 ./drivers/mss_hpdma/mss_hpdma.o
 .debug_frame   0x0000164c       0xf0 ./drivers/CoreUARTapb/core_uart_apb.o
 .debug_frame   0x0000173c      0x2a0 ./drivers/CoreSPI/core_spi.o
 .debug_frame   0x000019dc      0x2e0 ./drivers/CorePWM/core_pwm.o
 .debug_frame   0x00001cbc      0x480 ./drivers/CoreI2C/core_i2c.o
 .debug_frame   0x0000213c       0x60 ./drivers/CoreI2C/i2c_interrupt.o
 .debug_frame   0x0000219c      0x178 ./drivers/CoreGPIO/core_gpio.o
 .debug_frame   0x00002314      0x10c ./CMSIS/system_m2sxxx.o
 .debug_frame   0x00002420      0x214 ./main.o
 .debug_frame   0x00002634       0x50 c:/microsemi/softconsole_v5.1/arm-none-eabi-gcc/bin/../lib/gcc/arm-none-eabi/6.3.1/thumb/v7-m\libgcc.a(_arm_muldivdf3.o)
 .debug_frame   0x00002684       0x28 c:/microsemi/softconsole_v5.1/arm-none-eabi-gcc/bin/../lib/gcc/arm-none-eabi/6.3.1/../../../../arm-none-eabi/lib/thumb/v7-m\libg.a(lib_a-exit.o)
 .debug_frame   0x000026ac       0x2c c:/microsemi/softconsole_v5.1/arm-none-eabi-gcc/bin/../lib/gcc/arm-none-eabi/6.3.1/../../../../arm-none-eabi/lib/thumb/v7-m\libg.a(lib_a-init.o)
 .debug_frame   0x000026d8       0x78 c:/microsemi/softconsole_v5.1/arm-none-eabi-gcc/bin/../lib/gcc/arm-none-eabi/6.3.1/../../../../arm-none-eabi/lib/thumb/v7-m\libg.a(lib_a-iprintf.o)
 .debug_frame   0x00002750       0x34 c:/microsemi/softconsole_v5.1/arm-none-eabi-gcc/bin/../lib/gcc/arm-none-eabi/6.3.1/../../../../arm-none-eabi/lib/thumb/v7-m\libg.a(lib_a-memset.o)
 .debug_frame   0x00002784       0xd8 c:/microsemi/softconsole_v5.1/arm-none-eabi-gcc/bin/../lib/gcc/arm-none-eabi/6.3.1/../../../../arm-none-eabi/lib/thumb/v7-m\libg.a(lib_a-vfiprintf.o)
 .debug_frame   0x0000285c       0x2c c:/microsemi/softconsole_v5.1/arm-none-eabi-gcc/bin/../lib/gcc/arm-none-eabi/6.3.1/../../../../arm-none-eabi/lib/thumb/v7-m\libg.a(lib_a-wsetup.o)
 .debug_frame   0x00002888       0x5c c:/microsemi/softconsole_v5.1/arm-none-eabi-gcc/bin/../lib/gcc/arm-none-eabi/6.3.1/../../../../arm-none-eabi/lib/thumb/v7-m\libg.a(lib_a-__call_atexit.o)
 .debug_frame   0x000028e4       0x20 c:/microsemi/softconsole_v5.1/arm-none-eabi-gcc/bin/../lib/gcc/arm-none-eabi/6.3.1/../../../../arm-none-eabi/lib/thumb/v7-m\libg.a(lib_a-atexit.o)
 .debug_frame   0x00002904       0x5c c:/microsemi/softconsole_v5.1/arm-none-eabi-gcc/bin/../lib/gcc/arm-none-eabi/6.3.1/../../../../arm-none-eabi/lib/thumb/v7-m\libg.a(lib_a-fflush.o)
 .debug_frame   0x00002960      0x150 c:/microsemi/softconsole_v5.1/arm-none-eabi-gcc/bin/../lib/gcc/arm-none-eabi/6.3.1/../../../../arm-none-eabi/lib/thumb/v7-m\libg.a(lib_a-findfp.o)
 .debug_frame   0x00002ab0       0x34 c:/microsemi/softconsole_v5.1/arm-none-eabi-gcc/bin/../lib/gcc/arm-none-eabi/6.3.1/../../../../arm-none-eabi/lib/thumb/v7-m\libg.a(lib_a-fini.o)
 .debug_frame   0x00002ae4       0x90 c:/microsemi/softconsole_v5.1/arm-none-eabi-gcc/bin/../lib/gcc/arm-none-eabi/6.3.1/../../../../arm-none-eabi/lib/thumb/v7-m\libg.a(lib_a-fputwc.o)
 .debug_frame   0x00002b74       0x74 c:/microsemi/softconsole_v5.1/arm-none-eabi-gcc/bin/../lib/gcc/arm-none-eabi/6.3.1/../../../../arm-none-eabi/lib/thumb/v7-m\libg.a(lib_a-freer.o)
 .debug_frame   0x00002be8       0x68 c:/microsemi/softconsole_v5.1/arm-none-eabi-gcc/bin/../lib/gcc/arm-none-eabi/6.3.1/../../../../arm-none-eabi/lib/thumb/v7-m\libg.a(lib_a-fvwrite.o)
 .debug_frame   0x00002c50       0x54 c:/microsemi/softconsole_v5.1/arm-none-eabi-gcc/bin/../lib/gcc/arm-none-eabi/6.3.1/../../../../arm-none-eabi/lib/thumb/v7-m\libg.a(lib_a-fwalk.o)
 .debug_frame   0x00002ca4       0x6c c:/microsemi/softconsole_v5.1/arm-none-eabi-gcc/bin/../lib/gcc/arm-none-eabi/6.3.1/../../../../arm-none-eabi/lib/thumb/v7-m\libg.a(lib_a-locale.o)
 .debug_frame   0x00002d10       0xb0 c:/microsemi/softconsole_v5.1/arm-none-eabi-gcc/bin/../lib/gcc/arm-none-eabi/6.3.1/../../../../arm-none-eabi/lib/thumb/v7-m\libg.a(lib_a-lock.o)
 .debug_frame   0x00002dc0       0x68 c:/microsemi/softconsole_v5.1/arm-none-eabi-gcc/bin/../lib/gcc/arm-none-eabi/6.3.1/../../../../arm-none-eabi/lib/thumb/v7-m\libg.a(lib_a-makebuf.o)
 .debug_frame   0x00002e28       0x54 c:/microsemi/softconsole_v5.1/arm-none-eabi-gcc/bin/../lib/gcc/arm-none-eabi/6.3.1/../../../../arm-none-eabi/lib/thumb/v7-m\libg.a(lib_a-mallocr.o)
 .debug_frame   0x00002e7c       0x4c c:/microsemi/softconsole_v5.1/arm-none-eabi-gcc/bin/../lib/gcc/arm-none-eabi/6.3.1/../../../../arm-none-eabi/lib/thumb/v7-m\libg.a(lib_a-mbtowc_r.o)
 .debug_frame   0x00002ec8       0x34 c:/microsemi/softconsole_v5.1/arm-none-eabi-gcc/bin/../lib/gcc/arm-none-eabi/6.3.1/../../../../arm-none-eabi/lib/thumb/v7-m\libg.a(lib_a-memchr-stub.o)
 .debug_frame   0x00002efc       0x30 c:/microsemi/softconsole_v5.1/arm-none-eabi-gcc/bin/../lib/gcc/arm-none-eabi/6.3.1/../../../../arm-none-eabi/lib/thumb/v7-m\libg.a(lib_a-memmove.o)
 .debug_frame   0x00002f2c       0x30 c:/microsemi/softconsole_v5.1/arm-none-eabi-gcc/bin/../lib/gcc/arm-none-eabi/6.3.1/../../../../arm-none-eabi/lib/thumb/v7-m\libg.a(lib_a-mlock.o)
 .debug_frame   0x00002f5c       0x68 c:/microsemi/softconsole_v5.1/arm-none-eabi-gcc/bin/../lib/gcc/arm-none-eabi/6.3.1/../../../../arm-none-eabi/lib/thumb/v7-m\libg.a(lib_a-reallocr.o)
 .debug_frame   0x00002fc4       0x2c c:/microsemi/softconsole_v5.1/arm-none-eabi-gcc/bin/../lib/gcc/arm-none-eabi/6.3.1/../../../../arm-none-eabi/lib/thumb/v7-m\libg.a(lib_a-sbrkr.o)
 .debug_frame   0x00002ff0       0x88 c:/microsemi/softconsole_v5.1/arm-none-eabi-gcc/bin/../lib/gcc/arm-none-eabi/6.3.1/../../../../arm-none-eabi/lib/thumb/v7-m\libg.a(lib_a-stdio.o)
 .debug_frame   0x00003078       0x34 c:/microsemi/softconsole_v5.1/arm-none-eabi-gcc/bin/../lib/gcc/arm-none-eabi/6.3.1/../../../../arm-none-eabi/lib/thumb/v7-m\libg.a(lib_a-strcmp.o)
 .debug_frame   0x000030ac       0x20 c:/microsemi/softconsole_v5.1/arm-none-eabi-gcc/bin/../lib/gcc/arm-none-eabi/6.3.1/../../../../arm-none-eabi/lib/thumb/v7-m\libg.a(lib_a-strlen-stub.o)
 .debug_frame   0x000030cc       0x40 c:/microsemi/softconsole_v5.1/arm-none-eabi-gcc/bin/../lib/gcc/arm-none-eabi/6.3.1/../../../../arm-none-eabi/lib/thumb/v7-m\libg.a(lib_a-wbuf.o)
 .debug_frame   0x0000310c       0x5c c:/microsemi/softconsole_v5.1/arm-none-eabi-gcc/bin/../lib/gcc/arm-none-eabi/6.3.1/../../../../arm-none-eabi/lib/thumb/v7-m\libg.a(lib_a-wcrtomb.o)
 .debug_frame   0x00003168       0x3c c:/microsemi/softconsole_v5.1/arm-none-eabi-gcc/bin/../lib/gcc/arm-none-eabi/6.3.1/../../../../arm-none-eabi/lib/thumb/v7-m\libg.a(lib_a-wctomb_r.o)
 .debug_frame   0x000031a4       0x30 c:/microsemi/softconsole_v5.1/arm-none-eabi-gcc/bin/../lib/gcc/arm-none-eabi/6.3.1/../../../../arm-none-eabi/lib/thumb/v7-m\libg.a(lib_a-writer.o)
 .debug_frame   0x000031d4       0x34 c:/microsemi/softconsole_v5.1/arm-none-eabi-gcc/bin/../lib/gcc/arm-none-eabi/6.3.1/../../../../arm-none-eabi/lib/thumb/v7-m\libg.a(lib_a-__atexit.o)
 .debug_frame   0x00003208       0x2c c:/microsemi/softconsole_v5.1/arm-none-eabi-gcc/bin/../lib/gcc/arm-none-eabi/6.3.1/../../../../arm-none-eabi/lib/thumb/v7-m\libg.a(lib_a-closer.o)
 .debug_frame   0x00003234       0x3c c:/microsemi/softconsole_v5.1/arm-none-eabi-gcc/bin/../lib/gcc/arm-none-eabi/6.3.1/../../../../arm-none-eabi/lib/thumb/v7-m\libg.a(lib_a-fclose.o)
 .debug_frame   0x00003270       0x2c c:/microsemi/softconsole_v5.1/arm-none-eabi-gcc/bin/../lib/gcc/arm-none-eabi/6.3.1/../../../../arm-none-eabi/lib/thumb/v7-m\libg.a(lib_a-fstatr.o)
 .debug_frame   0x0000329c       0x2c c:/microsemi/softconsole_v5.1/arm-none-eabi-gcc/bin/../lib/gcc/arm-none-eabi/6.3.1/../../../../arm-none-eabi/lib/thumb/v7-m\libg.a(lib_a-isattyr.o)
 .debug_frame   0x000032c8       0x30 c:/microsemi/softconsole_v5.1/arm-none-eabi-gcc/bin/../lib/gcc/arm-none-eabi/6.3.1/../../../../arm-none-eabi/lib/thumb/v7-m\libg.a(lib_a-lseekr.o)
 .debug_frame   0x000032f8       0x30 c:/microsemi/softconsole_v5.1/arm-none-eabi-gcc/bin/../lib/gcc/arm-none-eabi/6.3.1/../../../../arm-none-eabi/lib/thumb/v7-m\libg.a(lib_a-readr.o)
 .debug_frame   0x00003328       0x58 c:/microsemi/softconsole_v5.1/arm-none-eabi-gcc/bin/../lib/gcc/arm-none-eabi/6.3.1/../../../../arm-none-eabi/lib/thumb/v7-m\libg.a(lib_a-reent.o)
 .debug_frame   0x00003380       0x2c c:/microsemi/softconsole_v5.1/arm-none-eabi-gcc/bin/../lib/gcc/arm-none-eabi/6.3.1/thumb/v7-m\libgcc.a(_aeabi_uldivmod.o)
 .debug_frame   0x000033ac       0x34 c:/microsemi/softconsole_v5.1/arm-none-eabi-gcc/bin/../lib/gcc/arm-none-eabi/6.3.1/thumb/v7-m\libgcc.a(_udivmoddi4.o)
 .debug_frame   0x000033e0      0x388 c:/microsemi/softconsole_v5.1/arm-none-eabi-gcc/bin/../lib/gcc/arm-none-eabi/6.3.1/../../../../arm-none-eabi/lib/thumb/v7-m\librdimon.a(rdimon-syscalls.o)
 .debug_frame   0x00003768       0x20 c:/microsemi/softconsole_v5.1/arm-none-eabi-gcc/bin/../lib/gcc/arm-none-eabi/6.3.1/../../../../arm-none-eabi/lib/thumb/v7-m\librdimon.a(rdimon-_exit.o)
 .debug_frame   0x00003788       0x2c c:/microsemi/softconsole_v5.1/arm-none-eabi-gcc/bin/../lib/gcc/arm-none-eabi/6.3.1/../../../../arm-none-eabi/lib/thumb/v7-m\librdimon.a(rdimon-_kill.o)
 .debug_frame   0x000037b4       0x20 c:/microsemi/softconsole_v5.1/arm-none-eabi-gcc/bin/../lib/gcc/arm-none-eabi/6.3.1/../../../../arm-none-eabi/lib/thumb/v7-m\libc.a(lib_a-errno.o)

.debug_str      0x00000000    0x17fa5
 *(.debug_str)
 .debug_str     0x00000000     0x350f ./src/demo.o
                               0x37e8 (size before relaxing)
 .debug_str     0x0000350f      0x654 ./hal/CortexM3/cortex_nvic.o
                               0x3a3b (size before relaxing)
 .debug_str     0x00003b63     0x5933 ./drivers_config/sys_config/sys_config.o
                               0x8ce1 (size before relaxing)
 .debug_str     0x00009496      0xa1d ./drivers/mss_sys_services/mss_comblk.o
                               0x9aaa (size before relaxing)
 .debug_str     0x00009eb3     0x5577 ./drivers/mss_sys_services/mss_sys_services.o
                               0xe7a2 (size before relaxing)
 .debug_str     0x0000f42a      0xa1f ./drivers/mss_spi/mss_spi.o
                               0xd30d (size before relaxing)
 .debug_str     0x0000fe49      0x828 ./drivers/mss_rtc/mss_rtc.o
                               0xcf4c (size before relaxing)
 .debug_str     0x00010671      0xd4a ./drivers/mss_nvm/mss_nvm.o
                               0xa471 (size before relaxing)
 .debug_str     0x000113bb      0x754 ./drivers/mss_hpdma/mss_hpdma.o
                               0xa3c4 (size before relaxing)
 .debug_str     0x00011b0f      0xf25 ./drivers/CoreUARTapb/core_uart_apb.o
                               0x491b (size before relaxing)
 .debug_str     0x00012a34     0x115d ./drivers/CoreSPI/core_spi.o
                               0x81fa (size before relaxing)
 .debug_str     0x00013b91      0xe48 ./drivers/CorePWM/core_pwm.o
                               0x4f8c (size before relaxing)
 .debug_str     0x000149d9      0xfe2 ./drivers/CoreI2C/core_i2c.o
                               0x7d5c (size before relaxing)
 .debug_str     0x000159bb       0x42 ./drivers/CoreI2C/i2c_interrupt.o
                               0x445f (size before relaxing)
 .debug_str     0x000159fd      0x996 ./drivers/CoreGPIO/core_gpio.o
                               0x4ad0 (size before relaxing)
 .debug_str     0x00016393      0x4ee ./CMSIS/system_m2sxxx.o
                               0x9990 (size before relaxing)
 .debug_str     0x00016881       0x38 ./.metadata/.plugins/org.eclipse.cdt.make.core/specs.o
                               0x256c (size before relaxing)
 .debug_str     0x000168b9     0x16ec ./main.o
                               0xefa3 (size before relaxing)

.debug_loc
 *(.debug_loc)

.debug_macinfo
 *(.debug_macinfo)

.debug_weaknames
 *(.debug_weaknames)

.debug_funcnames
 *(.debug_funcnames)

.debug_typenames
 *(.debug_typenames)

.debug_varnames
 *(.debug_varnames)

.note.gnu.arm.ident
 *(.note.gnu.arm.ident)

.ARM.attributes
                0x00000000       0x29
 *(.ARM.attributes)
 .ARM.attributes
                0x00000000       0x1d c:/microsemi/softconsole_v5.1/arm-none-eabi-gcc/bin/../lib/gcc/arm-none-eabi/6.3.1/thumb/v7-m/crti.o
 .ARM.attributes
                0x0000001d       0x2d c:/microsemi/softconsole_v5.1/arm-none-eabi-gcc/bin/../lib/gcc/arm-none-eabi/6.3.1/thumb/v7-m/crtbegin.o
 .ARM.attributes
                0x0000004a       0x1b c:/microsemi/softconsole_v5.1/arm-none-eabi-gcc/bin/../lib/gcc/arm-none-eabi/6.3.1/../../../../arm-none-eabi/lib/thumb/v7-m/rdimon-crt0.o
 .ARM.attributes
                0x00000065       0x33 ./src/demo.o
 .ARM.attributes
                0x00000098       0x21 ./hal/CortexM3/GNU/hal.o
 .ARM.attributes
                0x000000b9       0x21 ./hal/CortexM3/GNU/hw_reg_access.o
 .ARM.attributes
                0x000000da       0x33 ./hal/CortexM3/cortex_nvic.o
 .ARM.attributes
                0x0000010d       0x33 ./drivers_config/sys_config/sys_config.o
 .ARM.attributes
                0x00000140       0x33 ./drivers/mss_sys_services/mss_comblk.o
 .ARM.attributes
                0x00000173       0x33 ./drivers/mss_sys_services/mss_sys_services.o
 .ARM.attributes
                0x000001a6       0x33 ./drivers/mss_spi/mss_spi.o
 .ARM.attributes
                0x000001d9       0x33 ./drivers/mss_rtc/mss_rtc.o
 .ARM.attributes
                0x0000020c       0x33 ./drivers/mss_nvm/mss_nvm.o
 .ARM.attributes
                0x0000023f       0x33 ./drivers/mss_hpdma/mss_hpdma.o
 .ARM.attributes
                0x00000272       0x33 ./drivers/CoreUARTapb/core_uart_apb.o
 .ARM.attributes
                0x000002a5       0x33 ./drivers/CoreSPI/core_spi.o
 .ARM.attributes
                0x000002d8       0x33 ./drivers/CorePWM/core_pwm.o
 .ARM.attributes
                0x0000030b       0x33 ./drivers/CoreI2C/core_i2c.o
 .ARM.attributes
                0x0000033e       0x33 ./drivers/CoreI2C/i2c_interrupt.o
 .ARM.attributes
                0x00000371       0x33 ./drivers/CoreGPIO/core_gpio.o
 .ARM.attributes
                0x000003a4       0x21 ./CMSIS/startup_gcc/startup_m2sxxx.o
 .ARM.attributes
                0x000003c5       0x33 ./CMSIS/system_m2sxxx.o
 .ARM.attributes
                0x000003f8       0x33 ./.metadata/.plugins/org.eclipse.cdt.make.core/specs.o
 .ARM.attributes
                0x0000042b       0x33 ./main.o
 .ARM.attributes
                0x0000045e       0x1d c:/microsemi/softconsole_v5.1/arm-none-eabi-gcc/bin/../lib/gcc/arm-none-eabi/6.3.1/thumb/v7-m\libgcc.a(_arm_muldivdf3.o)
 .ARM.attributes
                0x0000047b       0x2d c:/microsemi/softconsole_v5.1/arm-none-eabi-gcc/bin/../lib/gcc/arm-none-eabi/6.3.1/../../../../arm-none-eabi/lib/thumb/v7-m\libg.a(lib_a-exit.o)
 .ARM.attributes
                0x000004a8       0x2d c:/microsemi/softconsole_v5.1/arm-none-eabi-gcc/bin/../lib/gcc/arm-none-eabi/6.3.1/../../../../arm-none-eabi/lib/thumb/v7-m\libg.a(lib_a-impure.o)
 .ARM.attributes
                0x000004d5       0x2d c:/microsemi/softconsole_v5.1/arm-none-eabi-gcc/bin/../lib/gcc/arm-none-eabi/6.3.1/../../../../arm-none-eabi/lib/thumb/v7-m\libg.a(lib_a-init.o)
 .ARM.attributes
                0x00000502       0x2d c:/microsemi/softconsole_v5.1/arm-none-eabi-gcc/bin/../lib/gcc/arm-none-eabi/6.3.1/../../../../arm-none-eabi/lib/thumb/v7-m\libg.a(lib_a-iprintf.o)
 .ARM.attributes
                0x0000052f       0x1b c:/microsemi/softconsole_v5.1/arm-none-eabi-gcc/bin/../lib/gcc/arm-none-eabi/6.3.1/../../../../arm-none-eabi/lib/thumb/v7-m\libg.a(lib_a-memcpy.o)
 .ARM.attributes
                0x0000054a       0x2d c:/microsemi/softconsole_v5.1/arm-none-eabi-gcc/bin/../lib/gcc/arm-none-eabi/6.3.1/../../../../arm-none-eabi/lib/thumb/v7-m\libg.a(lib_a-memset.o)
 .ARM.attributes
                0x00000577       0x2d c:/microsemi/softconsole_v5.1/arm-none-eabi-gcc/bin/../lib/gcc/arm-none-eabi/6.3.1/../../../../arm-none-eabi/lib/thumb/v7-m\libg.a(lib_a-vfiprintf.o)
 .ARM.attributes
                0x000005a4       0x2d c:/microsemi/softconsole_v5.1/arm-none-eabi-gcc/bin/../lib/gcc/arm-none-eabi/6.3.1/../../../../arm-none-eabi/lib/thumb/v7-m\libg.a(lib_a-wsetup.o)
 .ARM.attributes
                0x000005d1       0x2d c:/microsemi/softconsole_v5.1/arm-none-eabi-gcc/bin/../lib/gcc/arm-none-eabi/6.3.1/../../../../arm-none-eabi/lib/thumb/v7-m\libg.a(lib_a-__call_atexit.o)
 .ARM.attributes
                0x000005fe       0x2d c:/microsemi/softconsole_v5.1/arm-none-eabi-gcc/bin/../lib/gcc/arm-none-eabi/6.3.1/../../../../arm-none-eabi/lib/thumb/v7-m\libg.a(lib_a-atexit.o)
 .ARM.attributes
                0x0000062b       0x2d c:/microsemi/softconsole_v5.1/arm-none-eabi-gcc/bin/../lib/gcc/arm-none-eabi/6.3.1/../../../../arm-none-eabi/lib/thumb/v7-m\libg.a(lib_a-fflush.o)
 .ARM.attributes
                0x00000658       0x2d c:/microsemi/softconsole_v5.1/arm-none-eabi-gcc/bin/../lib/gcc/arm-none-eabi/6.3.1/../../../../arm-none-eabi/lib/thumb/v7-m\libg.a(lib_a-findfp.o)
 .ARM.attributes
                0x00000685       0x2d c:/microsemi/softconsole_v5.1/arm-none-eabi-gcc/bin/../lib/gcc/arm-none-eabi/6.3.1/../../../../arm-none-eabi/lib/thumb/v7-m\libg.a(lib_a-fini.o)
 .ARM.attributes
                0x000006b2       0x2d c:/microsemi/softconsole_v5.1/arm-none-eabi-gcc/bin/../lib/gcc/arm-none-eabi/6.3.1/../../../../arm-none-eabi/lib/thumb/v7-m\libg.a(lib_a-fputwc.o)
 .ARM.attributes
                0x000006df       0x2d c:/microsemi/softconsole_v5.1/arm-none-eabi-gcc/bin/../lib/gcc/arm-none-eabi/6.3.1/../../../../arm-none-eabi/lib/thumb/v7-m\libg.a(lib_a-freer.o)
 .ARM.attributes
                0x0000070c       0x2d c:/microsemi/softconsole_v5.1/arm-none-eabi-gcc/bin/../lib/gcc/arm-none-eabi/6.3.1/../../../../arm-none-eabi/lib/thumb/v7-m\libg.a(lib_a-fvwrite.o)
 .ARM.attributes
                0x00000739       0x2d c:/microsemi/softconsole_v5.1/arm-none-eabi-gcc/bin/../lib/gcc/arm-none-eabi/6.3.1/../../../../arm-none-eabi/lib/thumb/v7-m\libg.a(lib_a-fwalk.o)
 .ARM.attributes
                0x00000766       0x2d c:/microsemi/softconsole_v5.1/arm-none-eabi-gcc/bin/../lib/gcc/arm-none-eabi/6.3.1/../../../../arm-none-eabi/lib/thumb/v7-m\libg.a(lib_a-locale.o)
 .ARM.attributes
                0x00000793       0x2d c:/microsemi/softconsole_v5.1/arm-none-eabi-gcc/bin/../lib/gcc/arm-none-eabi/6.3.1/../../../../arm-none-eabi/lib/thumb/v7-m\libg.a(lib_a-lock.o)
 .ARM.attributes
                0x000007c0       0x2d c:/microsemi/softconsole_v5.1/arm-none-eabi-gcc/bin/../lib/gcc/arm-none-eabi/6.3.1/../../../../arm-none-eabi/lib/thumb/v7-m\libg.a(lib_a-makebuf.o)
 .ARM.attributes
                0x000007ed       0x2d c:/microsemi/softconsole_v5.1/arm-none-eabi-gcc/bin/../lib/gcc/arm-none-eabi/6.3.1/../../../../arm-none-eabi/lib/thumb/v7-m\libg.a(lib_a-mallocr.o)
 .ARM.attributes
                0x0000081a       0x2d c:/microsemi/softconsole_v5.1/arm-none-eabi-gcc/bin/../lib/gcc/arm-none-eabi/6.3.1/../../../../arm-none-eabi/lib/thumb/v7-m\libg.a(lib_a-mbtowc_r.o)
 .ARM.attributes
                0x00000847       0x2d c:/microsemi/softconsole_v5.1/arm-none-eabi-gcc/bin/../lib/gcc/arm-none-eabi/6.3.1/../../../../arm-none-eabi/lib/thumb/v7-m\libg.a(lib_a-memchr-stub.o)
 .ARM.attributes
                0x00000874       0x2d c:/microsemi/softconsole_v5.1/arm-none-eabi-gcc/bin/../lib/gcc/arm-none-eabi/6.3.1/../../../../arm-none-eabi/lib/thumb/v7-m\libg.a(lib_a-memmove.o)
 .ARM.attributes
                0x000008a1       0x2d c:/microsemi/softconsole_v5.1/arm-none-eabi-gcc/bin/../lib/gcc/arm-none-eabi/6.3.1/../../../../arm-none-eabi/lib/thumb/v7-m\libg.a(lib_a-mlock.o)
 .ARM.attributes
                0x000008ce       0x2d c:/microsemi/softconsole_v5.1/arm-none-eabi-gcc/bin/../lib/gcc/arm-none-eabi/6.3.1/../../../../arm-none-eabi/lib/thumb/v7-m\libg.a(lib_a-reallocr.o)
 .ARM.attributes
                0x000008fb       0x2d c:/microsemi/softconsole_v5.1/arm-none-eabi-gcc/bin/../lib/gcc/arm-none-eabi/6.3.1/../../../../arm-none-eabi/lib/thumb/v7-m\libg.a(lib_a-sbrkr.o)
 .ARM.attributes
                0x00000928       0x2d c:/microsemi/softconsole_v5.1/arm-none-eabi-gcc/bin/../lib/gcc/arm-none-eabi/6.3.1/../../../../arm-none-eabi/lib/thumb/v7-m\libg.a(lib_a-stdio.o)
 .ARM.attributes
                0x00000955       0x1b c:/microsemi/softconsole_v5.1/arm-none-eabi-gcc/bin/../lib/gcc/arm-none-eabi/6.3.1/../../../../arm-none-eabi/lib/thumb/v7-m\libg.a(lib_a-strcmp.o)
 .ARM.attributes
                0x00000970       0x2d c:/microsemi/softconsole_v5.1/arm-none-eabi-gcc/bin/../lib/gcc/arm-none-eabi/6.3.1/../../../../arm-none-eabi/lib/thumb/v7-m\libg.a(lib_a-strlen-stub.o)
 .ARM.attributes
                0x0000099d       0x2d c:/microsemi/softconsole_v5.1/arm-none-eabi-gcc/bin/../lib/gcc/arm-none-eabi/6.3.1/../../../../arm-none-eabi/lib/thumb/v7-m\libg.a(lib_a-wbuf.o)
 .ARM.attributes
                0x000009ca       0x2d c:/microsemi/softconsole_v5.1/arm-none-eabi-gcc/bin/../lib/gcc/arm-none-eabi/6.3.1/../../../../arm-none-eabi/lib/thumb/v7-m\libg.a(lib_a-wcrtomb.o)
 .ARM.attributes
                0x000009f7       0x2d c:/microsemi/softconsole_v5.1/arm-none-eabi-gcc/bin/../lib/gcc/arm-none-eabi/6.3.1/../../../../arm-none-eabi/lib/thumb/v7-m\libg.a(lib_a-wctomb_r.o)
 .ARM.attributes
                0x00000a24       0x2d c:/microsemi/softconsole_v5.1/arm-none-eabi-gcc/bin/../lib/gcc/arm-none-eabi/6.3.1/../../../../arm-none-eabi/lib/thumb/v7-m\libg.a(lib_a-writer.o)
 .ARM.attributes
                0x00000a51       0x2d c:/microsemi/softconsole_v5.1/arm-none-eabi-gcc/bin/../lib/gcc/arm-none-eabi/6.3.1/../../../../arm-none-eabi/lib/thumb/v7-m\libg.a(lib_a-__atexit.o)
 .ARM.attributes
                0x00000a7e       0x2d c:/microsemi/softconsole_v5.1/arm-none-eabi-gcc/bin/../lib/gcc/arm-none-eabi/6.3.1/../../../../arm-none-eabi/lib/thumb/v7-m\libg.a(lib_a-closer.o)
 .ARM.attributes
                0x00000aab       0x2d c:/microsemi/softconsole_v5.1/arm-none-eabi-gcc/bin/../lib/gcc/arm-none-eabi/6.3.1/../../../../arm-none-eabi/lib/thumb/v7-m\libg.a(lib_a-ctype_.o)
 .ARM.attributes
                0x00000ad8       0x2d c:/microsemi/softconsole_v5.1/arm-none-eabi-gcc/bin/../lib/gcc/arm-none-eabi/6.3.1/../../../../arm-none-eabi/lib/thumb/v7-m\libg.a(lib_a-fclose.o)
 .ARM.attributes
                0x00000b05       0x2d c:/microsemi/softconsole_v5.1/arm-none-eabi-gcc/bin/../lib/gcc/arm-none-eabi/6.3.1/../../../../arm-none-eabi/lib/thumb/v7-m\libg.a(lib_a-fstatr.o)
 .ARM.attributes
                0x00000b32       0x2d c:/microsemi/softconsole_v5.1/arm-none-eabi-gcc/bin/../lib/gcc/arm-none-eabi/6.3.1/../../../../arm-none-eabi/lib/thumb/v7-m\libg.a(lib_a-isattyr.o)
 .ARM.attributes
                0x00000b5f       0x2d c:/microsemi/softconsole_v5.1/arm-none-eabi-gcc/bin/../lib/gcc/arm-none-eabi/6.3.1/../../../../arm-none-eabi/lib/thumb/v7-m\libg.a(lib_a-lseekr.o)
 .ARM.attributes
                0x00000b8c       0x2d c:/microsemi/softconsole_v5.1/arm-none-eabi-gcc/bin/../lib/gcc/arm-none-eabi/6.3.1/../../../../arm-none-eabi/lib/thumb/v7-m\libg.a(lib_a-readr.o)
 .ARM.attributes
                0x00000bb9       0x2d c:/microsemi/softconsole_v5.1/arm-none-eabi-gcc/bin/../lib/gcc/arm-none-eabi/6.3.1/../../../../arm-none-eabi/lib/thumb/v7-m\libg.a(lib_a-reent.o)
 .ARM.attributes
                0x00000be6       0x1d c:/microsemi/softconsole_v5.1/arm-none-eabi-gcc/bin/../lib/gcc/arm-none-eabi/6.3.1/thumb/v7-m\libgcc.a(_aeabi_uldivmod.o)
 .ARM.attributes
                0x00000c03       0x2d c:/microsemi/softconsole_v5.1/arm-none-eabi-gcc/bin/../lib/gcc/arm-none-eabi/6.3.1/thumb/v7-m\libgcc.a(_udivmoddi4.o)
 .ARM.attributes
                0x00000c30       0x1d c:/microsemi/softconsole_v5.1/arm-none-eabi-gcc/bin/../lib/gcc/arm-none-eabi/6.3.1/thumb/v7-m\libgcc.a(_dvmd_tls.o)
 .ARM.attributes
                0x00000c4d       0x2d c:/microsemi/softconsole_v5.1/arm-none-eabi-gcc/bin/../lib/gcc/arm-none-eabi/6.3.1/../../../../arm-none-eabi/lib/thumb/v7-m\librdimon.a(rdimon-syscalls.o)
 .ARM.attributes
                0x00000c7a       0x2d c:/microsemi/softconsole_v5.1/arm-none-eabi-gcc/bin/../lib/gcc/arm-none-eabi/6.3.1/../../../../arm-none-eabi/lib/thumb/v7-m\librdimon.a(rdimon-_exit.o)
 .ARM.attributes
                0x00000ca7       0x2d c:/microsemi/softconsole_v5.1/arm-none-eabi-gcc/bin/../lib/gcc/arm-none-eabi/6.3.1/../../../../arm-none-eabi/lib/thumb/v7-m\librdimon.a(rdimon-_kill.o)
 .ARM.attributes
                0x00000cd4       0x2d c:/microsemi/softconsole_v5.1/arm-none-eabi-gcc/bin/../lib/gcc/arm-none-eabi/6.3.1/../../../../arm-none-eabi/lib/thumb/v7-m\libc.a(lib_a-errno.o)
 .ARM.attributes
                0x00000d01       0x2d c:/microsemi/softconsole_v5.1/arm-none-eabi-gcc/bin/../lib/gcc/arm-none-eabi/6.3.1/thumb/v7-m/crtend.o
 .ARM.attributes
                0x00000d2e       0x1d c:/microsemi/softconsole_v5.1/arm-none-eabi-gcc/bin/../lib/gcc/arm-none-eabi/6.3.1/thumb/v7-m/crtn.o

/DISCARD/
 *(.note.GNU-stack)
 *(.isr_vector)
OUTPUT(FCBBaseDesign.elf elf32-littlearm)

.debug_ranges   0x00000000      0x908
 .debug_ranges  0x00000000       0x10 ./src/demo.o
 .debug_ranges  0x00000010       0x38 ./hal/CortexM3/cortex_nvic.o
 .debug_ranges  0x00000048       0xd0 ./drivers/mss_sys_services/mss_comblk.o
 .debug_ranges  0x00000118      0x1b8 ./drivers/mss_sys_services/mss_sys_services.o
 .debug_ranges  0x000002d0       0xd0 ./drivers/mss_spi/mss_spi.o
 .debug_ranges  0x000003a0       0xc8 ./drivers/mss_rtc/mss_rtc.o
 .debug_ranges  0x00000468       0x70 ./drivers/mss_nvm/mss_nvm.o
 .debug_ranges  0x000004d8       0x70 ./drivers/mss_hpdma/mss_hpdma.o
 .debug_ranges  0x00000548       0x38 ./drivers/CoreUARTapb/core_uart_apb.o
 .debug_ranges  0x00000580       0x98 ./drivers/CoreSPI/core_spi.o
 .debug_ranges  0x00000618       0xa8 ./drivers/CorePWM/core_pwm.o
 .debug_ranges  0x000006c0      0x100 ./drivers/CoreI2C/core_i2c.o
 .debug_ranges  0x000007c0       0x18 ./drivers/CoreI2C/i2c_interrupt.o
 .debug_ranges  0x000007d8       0x58 ./drivers/CoreGPIO/core_gpio.o
 .debug_ranges  0x00000830       0x58 ./CMSIS/system_m2sxxx.o
 .debug_ranges  0x00000888       0x80 ./main.o

.debug_macro    0x00000000     0x5882
 .debug_macro   0x00000000       0x91 ./src/demo.o
 .debug_macro   0x00000091      0x898 ./src/demo.o
 .debug_macro   0x00000929       0x22 ./src/demo.o
 .debug_macro   0x0000094b       0x87 ./src/demo.o
 .debug_macro   0x000009d2       0x51 ./src/demo.o
 .debug_macro   0x00000a23       0xef ./src/demo.o
 .debug_macro   0x00000b12       0x6a ./src/demo.o
 .debug_macro   0x00000b7c      0x1df ./src/demo.o
 .debug_macro   0x00000d5b       0x12 ./src/demo.o
 .debug_macro   0x00000d6d       0x3c ./src/demo.o
 .debug_macro   0x00000da9       0xb7 ./hal/CortexM3/cortex_nvic.o
 .debug_macro   0x00000e60       0x58 ./hal/CortexM3/cortex_nvic.o
 .debug_macro   0x00000eb8       0x35 ./hal/CortexM3/cortex_nvic.o
 .debug_macro   0x00000eed       0x9c ./hal/CortexM3/cortex_nvic.o
 .debug_macro   0x00000f89       0x1c ./hal/CortexM3/cortex_nvic.o
 .debug_macro   0x00000fa5       0xc7 ./drivers_config/sys_config/sys_config.o
 .debug_macro   0x0000106c       0x26 ./drivers_config/sys_config/sys_config.o
 .debug_macro   0x00001092       0x34 ./drivers_config/sys_config/sys_config.o
 .debug_macro   0x000010c6       0x34 ./drivers_config/sys_config/sys_config.o
 .debug_macro   0x000010fa      0xca6 ./drivers_config/sys_config/sys_config.o
 .debug_macro   0x00001da0      0x265 ./drivers_config/sys_config/sys_config.o
 .debug_macro   0x00002005       0x3a ./drivers_config/sys_config/sys_config.o
 .debug_macro   0x0000203f       0x34 ./drivers_config/sys_config/sys_config.o
 .debug_macro   0x00002073      0x169 ./drivers/mss_sys_services/mss_comblk.o
 .debug_macro   0x000021dc      0x3eb ./drivers/mss_sys_services/mss_sys_services.o
 .debug_macro   0x000025c7      0x2f8 ./drivers/mss_sys_services/mss_sys_services.o
 .debug_macro   0x000028bf      0x174 ./drivers/mss_sys_services/mss_sys_services.o
 .debug_macro   0x00002a33       0x58 ./drivers/mss_sys_services/mss_sys_services.o
 .debug_macro   0x00002a8b       0x1f ./drivers/mss_sys_services/mss_sys_services.o
 .debug_macro   0x00002aaa       0x43 ./drivers/mss_sys_services/mss_sys_services.o
 .debug_macro   0x00002aed       0x20 ./drivers/mss_sys_services/mss_sys_services.o
 .debug_macro   0x00002b0d      0x187 ./drivers/mss_sys_services/mss_sys_services.o
 .debug_macro   0x00002c94      0x30d ./drivers/mss_sys_services/mss_sys_services.o
 .debug_macro   0x00002fa1       0x10 ./drivers/mss_sys_services/mss_sys_services.o
 .debug_macro   0x00002fb1       0x35 ./drivers/mss_sys_services/mss_sys_services.o
 .debug_macro   0x00002fe6      0x261 ./drivers/mss_spi/mss_spi.o
 .debug_macro   0x00003247      0x229 ./drivers/mss_rtc/mss_rtc.o
 .debug_macro   0x00003470       0x4a ./drivers/mss_rtc/mss_rtc.o
 .debug_macro   0x000034ba      0x2b0 ./drivers/mss_nvm/mss_nvm.o
 .debug_macro   0x0000376a       0x16 ./drivers/mss_nvm/mss_nvm.o
 .debug_macro   0x00003780      0x152 ./drivers/mss_hpdma/mss_hpdma.o
 .debug_macro   0x000038d2       0x52 ./drivers/mss_hpdma/mss_hpdma.o
 .debug_macro   0x00003924       0x8d ./drivers/mss_hpdma/mss_hpdma.o
 .debug_macro   0x000039b1       0x57 ./drivers/mss_hpdma/mss_hpdma.o
 .debug_macro   0x00003a08       0x10 ./drivers/mss_hpdma/mss_hpdma.o
 .debug_macro   0x00003a18      0x128 ./drivers/CoreUARTapb/core_uart_apb.o
 .debug_macro   0x00003b40       0x64 ./drivers/CoreUARTapb/core_uart_apb.o
 .debug_macro   0x00003ba4      0x106 ./drivers/CoreUARTapb/core_uart_apb.o
 .debug_macro   0x00003caa       0x46 ./drivers/CoreUARTapb/core_uart_apb.o
 .debug_macro   0x00003cf0      0x1bd ./drivers/CoreSPI/core_spi.o
 .debug_macro   0x00003ead      0x3ec ./drivers/CoreSPI/core_spi.o
 .debug_macro   0x00004299      0x10c ./drivers/CorePWM/core_pwm.o
 .debug_macro   0x000043a5       0x12 ./drivers/CorePWM/core_pwm.o
 .debug_macro   0x000043b7      0x191 ./drivers/CorePWM/core_pwm.o
 .debug_macro   0x00004548      0x276 ./drivers/CoreI2C/core_i2c.o
 .debug_macro   0x000047be      0x1c1 ./drivers/CoreI2C/core_i2c.o
 .debug_macro   0x0000497f       0xe9 ./drivers/CoreI2C/i2c_interrupt.o
 .debug_macro   0x00004a68      0x11c ./drivers/CoreGPIO/core_gpio.o
 .debug_macro   0x00004b84      0x11c ./drivers/CoreGPIO/core_gpio.o
 .debug_macro   0x00004ca0       0x64 ./drivers/CoreGPIO/core_gpio.o
 .debug_macro   0x00004d04      0x173 ./CMSIS/system_m2sxxx.o
 .debug_macro   0x00004e77       0x11 ./.metadata/.plugins/org.eclipse.cdt.make.core/specs.o
 .debug_macro   0x00004e88      0x2ef ./main.o
 .debug_macro   0x00005177       0x10 ./main.o
 .debug_macro   0x00005187       0x3a ./main.o
 .debug_macro   0x000051c1       0x19 ./main.o
 .debug_macro   0x000051da      0x122 ./main.o
 .debug_macro   0x000052fc       0x16 ./main.o
 .debug_macro   0x00005312       0x97 ./main.o
 .debug_macro   0x000053a9       0xfd ./main.o
 .debug_macro   0x000054a6       0x10 ./main.o
 .debug_macro   0x000054b6       0x10 ./main.o
 .debug_macro   0x000054c6       0x1c ./main.o
 .debug_macro   0x000054e2       0x52 ./main.o
 .debug_macro   0x00005534       0x40 ./main.o
 .debug_macro   0x00005574       0x10 ./main.o
 .debug_macro   0x00005584       0x40 ./main.o
 .debug_macro   0x000055c4       0xd7 ./main.o
 .debug_macro   0x0000569b       0x16 ./main.o
 .debug_macro   0x000056b1      0x18b ./main.o
 .debug_macro   0x0000583c       0x46 ./main.o

.comment        0x00000000       0x7f
 .comment       0x00000000       0x7f ./src/demo.o
                                 0x80 (size before relaxing)
 .comment       0x0000007f       0x80 ./hal/CortexM3/cortex_nvic.o
 .comment       0x0000007f       0x80 ./drivers_config/sys_config/sys_config.o
 .comment       0x0000007f       0x80 ./drivers/mss_sys_services/mss_comblk.o
 .comment       0x0000007f       0x80 ./drivers/mss_sys_services/mss_sys_services.o
 .comment       0x0000007f       0x80 ./drivers/mss_spi/mss_spi.o
 .comment       0x0000007f       0x80 ./drivers/mss_rtc/mss_rtc.o
 .comment       0x0000007f       0x80 ./drivers/mss_nvm/mss_nvm.o
 .comment       0x0000007f       0x80 ./drivers/mss_hpdma/mss_hpdma.o
 .comment       0x0000007f       0x80 ./drivers/CoreUARTapb/core_uart_apb.o
 .comment       0x0000007f       0x80 ./drivers/CoreSPI/core_spi.o
 .comment       0x0000007f       0x80 ./drivers/CorePWM/core_pwm.o
 .comment       0x0000007f       0x80 ./drivers/CoreI2C/core_i2c.o
 .comment       0x0000007f       0x80 ./drivers/CoreI2C/i2c_interrupt.o
 .comment       0x0000007f       0x80 ./drivers/CoreGPIO/core_gpio.o
 .comment       0x0000007f       0x80 ./CMSIS/system_m2sxxx.o
 .comment       0x0000007f       0x80 ./.metadata/.plugins/org.eclipse.cdt.make.core/specs.o
 .comment       0x0000007f       0x80 ./main.o
