Archive member included to satisfy reference by file (symbol)

c:/microsemi/softconsole_v5.1/arm-none-eabi-gcc/bin/../lib/gcc/arm-none-eabi/6.3.1/thumb/v7-m\libgcc.a(_arm_addsubdf3.o)
                              ./main.o (__aeabi_dadd)
c:/microsemi/softconsole_v5.1/arm-none-eabi-gcc/bin/../lib/gcc/arm-none-eabi/6.3.1/thumb/v7-m\libgcc.a(_arm_muldivdf3.o)
                              ./main.o (__aeabi_dmul)
c:/microsemi/softconsole_v5.1/arm-none-eabi-gcc/bin/../lib/gcc/arm-none-eabi/6.3.1/thumb/v7-m\libgcc.a(_arm_truncdfsf2.o)
                              ./main.o (__aeabi_d2f)
c:/microsemi/softconsole_v5.1/arm-none-eabi-gcc/bin/../lib/gcc/arm-none-eabi/6.3.1/thumb/v7-m\libgcc.a(_arm_addsubsf3.o)
                              ./main.o (__aeabi_fsub)
c:/microsemi/softconsole_v5.1/arm-none-eabi-gcc/bin/../lib/gcc/arm-none-eabi/6.3.1/thumb/v7-m\libgcc.a(_arm_cmpsf2.o)
                              ./main.o (__aeabi_fcmple)
c:/microsemi/softconsole_v5.1/arm-none-eabi-gcc/bin/../lib/gcc/arm-none-eabi/6.3.1/thumb/v7-m\libgcc.a(_arm_fixsfsi.o)
                              ./main.o (__aeabi_f2iz)
c:/microsemi/softconsole_v5.1/arm-none-eabi-gcc/bin/../lib/gcc/arm-none-eabi/6.3.1/../../../../arm-none-eabi/lib/thumb/v7-m\libg_nano.a(lib_a-exit.o)
                              c:/microsemi/softconsole_v5.1/arm-none-eabi-gcc/bin/../lib/gcc/arm-none-eabi/6.3.1/../../../../arm-none-eabi/lib/thumb/v7-m/rdimon-crt0.o (exit)
c:/microsemi/softconsole_v5.1/arm-none-eabi-gcc/bin/../lib/gcc/arm-none-eabi/6.3.1/../../../../arm-none-eabi/lib/thumb/v7-m\libg_nano.a(lib_a-impure.o)
                              c:/microsemi/softconsole_v5.1/arm-none-eabi-gcc/bin/../lib/gcc/arm-none-eabi/6.3.1/../../../../arm-none-eabi/lib/thumb/v7-m\libg_nano.a(lib_a-exit.o) (_global_impure_ptr)
c:/microsemi/softconsole_v5.1/arm-none-eabi-gcc/bin/../lib/gcc/arm-none-eabi/6.3.1/../../../../arm-none-eabi/lib/thumb/v7-m\libg_nano.a(lib_a-init.o)
                              c:/microsemi/softconsole_v5.1/arm-none-eabi-gcc/bin/../lib/gcc/arm-none-eabi/6.3.1/../../../../arm-none-eabi/lib/thumb/v7-m/rdimon-crt0.o (__libc_init_array)
c:/microsemi/softconsole_v5.1/arm-none-eabi-gcc/bin/../lib/gcc/arm-none-eabi/6.3.1/../../../../arm-none-eabi/lib/thumb/v7-m\libg_nano.a(lib_a-memcpy-stub.o)
                              ./drivers/mss_sys_services/mss_sys_services.o (memcpy)
c:/microsemi/softconsole_v5.1/arm-none-eabi-gcc/bin/../lib/gcc/arm-none-eabi/6.3.1/../../../../arm-none-eabi/lib/thumb/v7-m\libg_nano.a(lib_a-memset.o)
                              c:/microsemi/softconsole_v5.1/arm-none-eabi-gcc/bin/../lib/gcc/arm-none-eabi/6.3.1/../../../../arm-none-eabi/lib/thumb/v7-m/rdimon-crt0.o (memset)
c:/microsemi/softconsole_v5.1/arm-none-eabi-gcc/bin/../lib/gcc/arm-none-eabi/6.3.1/../../../../arm-none-eabi/lib/thumb/v7-m\libg_nano.a(lib_a-printf.o)
                              ./main.o (iprintf)
c:/microsemi/softconsole_v5.1/arm-none-eabi-gcc/bin/../lib/gcc/arm-none-eabi/6.3.1/../../../../arm-none-eabi/lib/thumb/v7-m\libg_nano.a(lib_a-findfp.o)
                              c:/microsemi/softconsole_v5.1/arm-none-eabi-gcc/bin/../lib/gcc/arm-none-eabi/6.3.1/../../../../arm-none-eabi/lib/thumb/v7-m\libg_nano.a(lib_a-printf.o) (__sinit)
c:/microsemi/softconsole_v5.1/arm-none-eabi-gcc/bin/../lib/gcc/arm-none-eabi/6.3.1/../../../../arm-none-eabi/lib/thumb/v7-m\libg_nano.a(lib_a-fwalk.o)
                              c:/microsemi/softconsole_v5.1/arm-none-eabi-gcc/bin/../lib/gcc/arm-none-eabi/6.3.1/../../../../arm-none-eabi/lib/thumb/v7-m\libg_nano.a(lib_a-findfp.o) (_fwalk)
c:/microsemi/softconsole_v5.1/arm-none-eabi-gcc/bin/../lib/gcc/arm-none-eabi/6.3.1/../../../../arm-none-eabi/lib/thumb/v7-m\libg_nano.a(lib_a-nano-mallocr.o)
                              c:/microsemi/softconsole_v5.1/arm-none-eabi-gcc/bin/../lib/gcc/arm-none-eabi/6.3.1/../../../../arm-none-eabi/lib/thumb/v7-m\libg_nano.a(lib_a-findfp.o) (_malloc_r)
c:/microsemi/softconsole_v5.1/arm-none-eabi-gcc/bin/../lib/gcc/arm-none-eabi/6.3.1/../../../../arm-none-eabi/lib/thumb/v7-m\libg_nano.a(lib_a-nano-vfprintf.o)
                              c:/microsemi/softconsole_v5.1/arm-none-eabi-gcc/bin/../lib/gcc/arm-none-eabi/6.3.1/../../../../arm-none-eabi/lib/thumb/v7-m\libg_nano.a(lib_a-printf.o) (_vfprintf_r)
c:/microsemi/softconsole_v5.1/arm-none-eabi-gcc/bin/../lib/gcc/arm-none-eabi/6.3.1/../../../../arm-none-eabi/lib/thumb/v7-m\libg_nano.a(lib_a-nano-vfprintf_i.o)
                              c:/microsemi/softconsole_v5.1/arm-none-eabi-gcc/bin/../lib/gcc/arm-none-eabi/6.3.1/../../../../arm-none-eabi/lib/thumb/v7-m\libg_nano.a(lib_a-nano-vfprintf.o) (_printf_i)
c:/microsemi/softconsole_v5.1/arm-none-eabi-gcc/bin/../lib/gcc/arm-none-eabi/6.3.1/../../../../arm-none-eabi/lib/thumb/v7-m\libg_nano.a(lib_a-sbrkr.o)
[...]
Memory Configuration

Name             Origin             Length             Attributes
ram              0x20000000         0x00010000         xrw
*default*        0x00000000         0xffffffff

Linker script and memory map

LOAD c:/microsemi/softconsole_v5.1/arm-none-eabi-gcc/bin/../lib/gcc/arm-none-eabi/6.3.1/thumb/v7-m/crti.o
LOAD c:/microsemi/softconsole_v5.1/arm-none-eabi-gcc/bin/../lib/gcc/arm-none-eabi/6.3.1/thumb/v7-m/crtbegin.o
LOAD c:/microsemi/softconsole_v5.1/arm-none-eabi-gcc/bin/../lib/gcc/arm-none-eabi/6.3.1/../../../../arm-none-eabi/lib/thumb/v7-m/rdimon-crt0.o
LOAD ./hal/CortexM3/GNU/hal.o
LOAD ./hal/CortexM3/GNU/hw_reg_access.o
LOAD ./hal/CortexM3/cortex_nvic.o
LOAD ./drivers_config/sys_config/sys_config.o
LOAD ./drivers/mss_sys_services/mss_comblk.o
LOAD ./drivers/mss_sys_services/mss_sys_services.o
LOAD ./drivers/mss_spi/mss_spi.o
LOAD ./drivers/mss_rtc/mss_rtc.o
LOAD ./drivers/mss_nvm/mss_nvm.o
LOAD ./drivers/mss_hpdma/mss_hpdma.o
LOAD ./drivers/CoreUARTapb/core_uart_apb.o
LOAD ./drivers/CorePWM/core_pwm.o
LOAD ./drivers/CoreGPIO/core_gpio.o
LOAD ./CMSIS/startup_gcc/startup_m2sxxx.o
LOAD ./CMSIS/system_m2sxxx.o
LOAD ./main.o
START GROUP
LOAD c:/microsemi/softconsole_v5.1/arm-none-eabi-gcc/bin/../lib/gcc/arm-none-eabi/6.3.1/thumb/v7-m\libgcc.a
LOAD c:/microsemi/softconsole_v5.1/arm-none-eabi-gcc/bin/../lib/gcc/arm-none-eabi/6.3.1/../../../../arm-none-eabi/lib/thumb/v7-m\libg_nano.a
LOAD c:/microsemi/softconsole_v5.1/arm-none-eabi-gcc/bin/../lib/gcc/arm-none-eabi/6.3.1/../../../../arm-none-eabi/lib/thumb/v7-m\libc_nano.a
END GROUP
START GROUP
LOAD c:/microsemi/softconsole_v5.1/arm-none-eabi-gcc/bin/../lib/gcc/arm-none-eabi/6.3.1/thumb/v7-m\libgcc.a
LOAD c:/microsemi/softconsole_v5.1/arm-none-eabi-gcc/bin/../lib/gcc/arm-none-eabi/6.3.1/../../../../arm-none-eabi/lib/thumb/v7-m\libc_nano.a
LOAD c:/microsemi/softconsole_v5.1/arm-none-eabi-gcc/bin/../lib/gcc/arm-none-eabi/6.3.1/../../../../arm-none-eabi/lib/thumb/v7-m\librdimon_nano.a
END GROUP
START GROUP
LOAD c:/microsemi/softconsole_v5.1/arm-none-eabi-gcc/bin/../lib/gcc/arm-none-eabi/6.3.1/thumb/v7-m\libgcc.a
LOAD c:/microsemi/softconsole_v5.1/arm-none-eabi-gcc/bin/../lib/gcc/arm-none-eabi/6.3.1/../../../../arm-none-eabi/lib/thumb/v7-m\libc_nano.a
LOAD c:/microsemi/softconsole_v5.1/arm-none-eabi-gcc/bin/../lib/gcc/arm-none-eabi/6.3.1/../../../../arm-none-eabi/lib/thumb/v7-m\librdimon_nano.a
END GROUP
LOAD c:/microsemi/softconsole_v5.1/arm-none-eabi-gcc/bin/../lib/gcc/arm-none-eabi/6.3.1/thumb/v7-m/crtend.o
LOAD c:/microsemi/softconsole_v5.1/arm-none-eabi-gcc/bin/../lib/gcc/arm-none-eabi/6.3.1/thumb/v7-m/crtn.o
START GROUP
LOAD c:/microsemi/softconsole_v5.1/arm-none-eabi-gcc/bin/../lib/gcc/arm-none-eabi/6.3.1/../../../../arm-none-eabi/lib/thumb/v7-m\libc.a
LOAD c:/microsemi/softconsole_v5.1/arm-none-eabi-gcc/bin/../lib/gcc/arm-none-eabi/6.3.1/thumb/v7-m\libgcc.a
LOAD c:/microsemi/softconsole_v5.1/arm-none-eabi-gcc/bin/../lib/gcc/arm-none-eabi/6.3.1/../../../../arm-none-eabi/lib/thumb/v7-m\libm.a
END GROUP
                0x00000000                __DYNAMIC = 0x0
                0x20000000                RAM_START_ADDRESS = 0x20000000
                0x00010000                RAM_SIZE = 0x10000
                0x00001000                MAIN_STACK_SIZE = 0x1000
                0x00001000                MIN_SIZE_HEAP = 0x1000
                0x20010000                PROVIDE (__main_stack_start, (RAM_START_ADDRESS + RAM_SIZE))
                [!provide]                PROVIDE (_estack, __main_stack_start)
                0x00000000                PROVIDE (__mirrored_nvm, 0x0)
                0x00000000                PROVIDE (__smartfusion2_memory_remap, 0x0)

.vector_table   0x20000000      0x190
                0x20000000                __vector_table_load = LOADADDR (.vector_table)
                0x20000000                __vector_table_start = .
                0x20000000                __vector_table_vma_base_address = .
 *(.isr_vector)
 .isr_vector    0x20000000      0x190 ./CMSIS/startup_gcc/startup_m2sxxx.o
                0x20000000                g_pfnVectors
                0x20000190                . = ALIGN (0x10)
                0x20000190                _evector_table = .

.boot_code      0x20000190      0x320
 *(.boot_code)
 .boot_code     0x20000190      0x31c ./CMSIS/startup_gcc/startup_m2sxxx.o
                0x20000190                Reset_Handler
                0x2000037e                NMI_Handler
                0x20000380                HardFault_Handler
                0x20000382                MemManage_Handler
                0x20000384                BusFault_Handler
                0x20000386                UsageFault_Handler
                0x20000388                SVC_Handler
                0x2000038a                DebugMon_Handler
                0x2000038c                PendSV_Handler
                0x2000038e                SysTick_Handler
                0x20000390                WdogWakeup_IRQHandler
                0x20000392                RTC_Wakeup_IRQHandler
                0x20000398                I2C0_IRQHandler
                0x2000039a                I2C0_SMBAlert_IRQHandler
                0x2000039c                I2C0_SMBus_IRQHandler
                0x2000039e                I2C1_IRQHandler
                0x200003a0                I2C1_SMBAlert_IRQHandler
                0x200003a2                I2C1_SMBus_IRQHandler
                0x200003a4                UART0_IRQHandler
                0x200003a6                UART1_IRQHandler
                0x200003a8                EthernetMAC_IRQHandler
                0x200003aa                DMA_IRQHandler
                0x200003ae                Timer2_IRQHandler
                0x200003b0                CAN_IRQHandler
                0x200003b2                ENVM0_IRQHandler
                0x200003b4                ENVM1_IRQHandler
                0x200003b8                USB_IRQHandler
                0x200003ba                USB_DMA_IRQHandler
                0x200003bc                PLL_Lock_IRQHandler
                0x200003be                PLL_LockLost_IRQHandler
                0x200003c0                CommSwitchError_IRQHandler
                0x200003c2                CacheError_IRQHandler
                0x200003c4                DDR_IRQHandler
                0x200003ca                ECC_Error_IRQHandler
                0x200003cc                MDDR_IOCalib_IRQHandler
                0x200003ce                FAB_PLL_Lock_IRQHandler
                0x200003d0                FAB_PLL_LockLost_IRQHandler
                0x200003d2                FIC64_IRQHandler
                0x200003d4                FabricIrq0_IRQHandler
                0x200003d8                FabricIrq2_IRQHandler
                0x200003da                FabricIrq3_IRQHandler
                0x200003dc                FabricIrq4_IRQHandler
                0x200003de                FabricIrq5_IRQHandler
                0x200003e0                FabricIrq6_IRQHandler
                0x200003e2                FabricIrq7_IRQHandler
                0x200003e4                FabricIrq8_IRQHandler
                0x200003e6                FabricIrq9_IRQHandler
                0x200003e8                FabricIrq10_IRQHandler
                0x200003ea                FabricIrq11_IRQHandler
                0x200003ec                FabricIrq12_IRQHandler
                0x200003ee                FabricIrq13_IRQHandler
                0x200003f0                FabricIrq14_IRQHandler
                0x200003f2                FabricIrq15_IRQHandler
                0x200003f4                GPIO0_IRQHandler
                0x200003f6                GPIO1_IRQHandler
                0x200003f8                GPIO2_IRQHandler
                0x200003fa                GPIO3_IRQHandler
                0x200003fc                GPIO4_IRQHandler
                0x200003fe                GPIO5_IRQHandler
                0x20000400                GPIO6_IRQHandler
                0x20000402                GPIO7_IRQHandler
                0x20000404                GPIO8_IRQHandler
                0x20000406                GPIO9_IRQHandler
                0x20000408                GPIO10_IRQHandler
                0x2000040a                GPIO11_IRQHandler
                0x2000040c                GPIO12_IRQHandler
                0x2000040e                GPIO13_IRQHandler
                0x20000410                GPIO14_IRQHandler
                0x20000412                GPIO15_IRQHandler
                0x20000414                GPIO16_IRQHandler
                0x20000416                GPIO17_IRQHandler
                0x20000418                GPIO18_IRQHandler
                0x2000041a                GPIO19_IRQHandler
                0x2000041c                GPIO20_IRQHandler
                0x2000041e                GPIO21_IRQHandler
                0x20000420                GPIO22_IRQHandler
                0x20000422                GPIO23_IRQHandler
                0x20000424                GPIO24_IRQHandler
                0x20000426                GPIO25_IRQHandler
                0x20000428                GPIO26_IRQHandler
                0x2000042a                GPIO27_IRQHandler
                0x2000042c                GPIO28_IRQHandler
                0x2000042e                GPIO29_IRQHandler
                0x20000430                GPIO30_IRQHandler
                0x20000432                GPIO31_IRQHandler
                0x20000434                mscc_post_hw_cfg_init
                0x200004b0                . = ALIGN (0x10)
 *fill*         0x200004ac        0x4 

.text           0x200004b0     0x5d40
 CREATE_OBJECT_SYMBOLS
                0x200004b0                __text_load = LOADADDR (.text)
                0x200004b0                __text_start = .
 *(.text .text.* .gnu.linkonce.t.*)
 .text          0x200004b0       0x6c c:/microsemi/softconsole_v5.1/arm-none-eabi-gcc/bin/../lib/gcc/arm-none-eabi/6.3.1/thumb/v7-m/crtbegin.o
 .text          0x2000051c       0x90 ./hal/CortexM3/GNU/hw_reg_access.o
                0x2000051c                HW_set_32bit_reg
                0x20000520                HW_get_32bit_reg
                0x20000524                HW_set_32bit_reg_field
                0x20000540                HW_get_32bit_reg_field
                0x2000054c                HW_set_16bit_reg
                0x20000550                HW_get_16bit_reg
                0x20000554                HW_set_16bit_reg_field
                0x20000570                HW_get_16bit_reg_field
                0x2000057c                HW_set_8bit_reg
                0x20000580                HW_get_8bit_reg
                0x20000584                HW_set_8bit_reg_field
                0x200005a0                HW_get_8bit_reg_field
 .text.ComBlk_IRQHandler
                0x200005ac       0x48 ./drivers/mss_sys_services/mss_comblk.o
                0x200005ac                ComBlk_IRQHandler
 .text.handle_tx_okay_irq
                0x200005f4      0x1ac ./drivers/mss_sys_services/mss_comblk.o
 .text.handle_rx_okay_irq
                0x200007a0      0x210 ./drivers/mss_sys_services/mss_comblk.o
 .text.complete_request
                0x200009b0       0x40 ./drivers/mss_sys_services/mss_comblk.o
 .text.abort_current_cmd
                0x200009f0       0x4c ./drivers/mss_sys_services/mss_comblk.o
 .text.fill_tx_fifo
                0x20000a3c       0x60 ./drivers/mss_sys_services/mss_comblk.o
 .text.process_sys_ctrl_command
                0x20000a9c       0x28 ./drivers/mss_sys_services/mss_comblk.o
 .text.NVIC_ClearPendingIRQ
                0x20000ac4       0x34 ./drivers/mss_spi/mss_spi.o
 .text.recover_from_rx_overflow
                0x20000af8      0x128 ./drivers/mss_spi/mss_spi.o
 .text.fill_slave_tx_fifo
                0x20000c20       0xd6 ./drivers/mss_spi/mss_spi.o
 .text.read_slave_rx_fifo
                0x20000cf6       0xa6 ./drivers/mss_spi/mss_spi.o
 .text.mss_spi_isr
                0x20000d9c      0x280 ./drivers/mss_spi/mss_spi.o
 .text.SPI0_IRQHandler
                0x2000101c       0x24 ./drivers/mss_spi/mss_spi.o
                0x2000101c                SPI0_IRQHandler
 .text.SPI1_IRQHandler
                0x20001040       0x24 ./drivers/mss_spi/mss_spi.o
                0x20001040                SPI1_IRQHandler
 .text.start_transfer
                0x20001064      0x150 ./drivers/mss_hpdma/mss_hpdma.o
 .text.HPDMA_Complete_IRQHandler
                0x200011b4       0xf8 ./drivers/mss_hpdma/mss_hpdma.o
                0x200011b4                HPDMA_Complete_IRQHandler
 .text.HPDMA_Error_IRQHandler
                0x200012ac      0x100 ./drivers/mss_hpdma/mss_hpdma.o
                0x200012ac                HPDMA_Error_IRQHandler
 .text.UART_init
                0x200013ac      0x112 ./drivers/CoreUARTapb/core_uart_apb.o
                0x200013ac                UART_init
 .text.UART_send
                0x200014be       0x7e ./drivers/CoreUARTapb/core_uart_apb.o
                0x200014be                UART_send
 .text.UART_get_rx
                0x2000153c       0xc0 ./drivers/CoreUARTapb/core_uart_apb.o
                0x2000153c                UART_get_rx
 .text.UART_get_rx_status
                0x200015fc       0x3a ./drivers/CoreUARTapb/core_uart_apb.o
                0x200015fc                UART_get_rx_status
 .text.PWM_init
                0x20001636      0x13a ./drivers/CorePWM/core_pwm.o
                0x20001636                PWM_init
 .text.PWM_enable
                0x20001770       0x94 ./drivers/CorePWM/core_pwm.o
                0x20001770                PWM_enable
 .text.PWM_disable
                0x20001804       0x9c ./drivers/CorePWM/core_pwm.o
                0x20001804                PWM_disable
 .text.PWM_set_duty_cycle
                0x200018a0       0xc4 ./drivers/CorePWM/core_pwm.o
                0x200018a0                PWM_set_duty_cycle
 .text.GPIO_init
                0x20001964       0xd2 ./drivers/CoreGPIO/core_gpio.o
                0x20001964                GPIO_init
 .text.GPIO_config
                0x20001a36       0x4e ./drivers/CoreGPIO/core_gpio.o
                0x20001a36                GPIO_config
 .text.GPIO_set_outputs
                0x20001a84       0xc8 ./drivers/CoreGPIO/core_gpio.o
                0x20001a84                GPIO_set_outputs
 .text.GPIO_get_inputs
                0x20001b4c       0xcc ./drivers/CoreGPIO/core_gpio.o
                0x20001b4c                GPIO_get_inputs
 .text.GPIO_get_outputs
                0x20001c18       0xcc ./drivers/CoreGPIO/core_gpio.o
                0x20001c18                GPIO_get_outputs
 .text.GPIO_enable_irq
                0x20001ce4       0x4e ./drivers/CoreGPIO/core_gpio.o
                0x20001ce4                GPIO_enable_irq
 .text.GPIO_disable_irq
                0x20001d32       0x4e ./drivers/CoreGPIO/core_gpio.o
                0x20001d32                GPIO_disable_irq
 .text.GPIO_clear_irq
                0x20001d80       0xb4 ./drivers/CoreGPIO/core_gpio.o
                0x20001d80                GPIO_clear_irq
 .text.SystemInit
                0x20001e34       0x20 ./CMSIS/system_m2sxxx.o
                0x20001e34                SystemInit
 .text.SystemCoreClockUpdate
                0x20001e54       0xfc ./CMSIS/system_m2sxxx.o
                0x20001e54                SystemCoreClockUpdate
 .text.get_rcosc_25_50mhz_frequency
                0x20001f50       0x3c ./CMSIS/system_m2sxxx.o
 .text.set_clock_frequency_globals
                0x20001f8c       0x5c ./CMSIS/system_m2sxxx.o
 .text.get_silicon_revision
                0x20001fe8       0x48 ./CMSIS/system_m2sxxx.o
 .text.silicon_workarounds
                0x20002030       0x22 ./CMSIS/system_m2sxxx.o
 *fill*         0x20002052        0x2 
 .text.m2s050_rev_a_workarounds
                0x20002054       0x30 ./CMSIS/system_m2sxxx.o
 .text.NVIC_EnableIRQ
                0x20002084       0x30 ./main.o
 .text.NVIC_DisableIRQ
                0x200020b4       0x34 ./main.o
 .text.NVIC_ClearPendingIRQ
                0x200020e8       0x34 ./main.o
 .text.MSS_TIM1_init
                0x2000211c       0x5c ./main.o
 .text.MSS_TIM1_start
                0x20002178       0x18 ./main.o
 .text.MSS_TIM1_load_immediate
                0x20002190       0x1a ./main.o
 *fill*         0x200021aa        0x2 
 .text.MSS_TIM1_enable_irq
                0x200021ac       0x1c ./main.o
 .text.MSS_TIM1_clear_irq
                0x200021c8       0x18 ./main.o
 .text.main     0x200021e0      0x380 ./main.o
                0x200021e0                main
 .text.Timer1_IRQHandler
                0x20002560       0x4c ./main.o
                0x20002560                Timer1_IRQHandler
 .text.FabricIrq1_IRQHandler
                0x200025ac      0x190 ./main.o
                0x200025ac                FabricIrq1_IRQHandler
 .text.delay    0x2000273c       0x2e ./main.o
                0x2000273c                delay
 *fill*         0x2000276a        0x6 
 .text.set_deg_abs
                0x20002770      0x360 ./main.o
                0x20002770                set_deg_abs
 .text.returntohold
                0x20002ad0       0x68 ./main.o
                0x20002ad0                returntohold
 .text.grabtube
                0x20002b38       0x64 ./main.o
                0x20002b38                grabtube
 .text.calmotions
                0x20002b9c      0x110 ./main.o
                0x20002b9c                calmotions
 .text.set_deg_inc
                0x20002cac       0x8a ./main.o
                0x20002cac                set_deg_inc
 *fill*         0x20002d36        0x2 
 .text.motiononeHoldtoA
                0x20002d38       0xd0 ./main.o
                0x20002d38                motiononeHoldtoA
 .text.motiononeAtoB
                0x20002e08       0xa0 ./main.o
                0x20002e08                motiononeAtoB
 .text.motiononebheighttransition
                0x20002ea8       0x94 ./main.o
                0x20002ea8                motiononebheighttransition
 .text.motiononeBtoHold
                0x20002f3c       0x9c ./main.o
                0x20002f3c                motiononeBtoHold
 .text.motiontwoHoldtoB
                0x20002fd8       0xe8 ./main.o
                0x20002fd8                motiontwoHoldtoB
 .text.motiontwoBtoA
                0x200030c0       0xc0 ./main.o
                0x200030c0                motiontwoBtoA
 .text.motionotwoaheighttransition
                0x20003180       0x70 ./main.o
                0x20003180                motionotwoaheighttransition
 .text.motiontwoAtoHold
                0x200031f0       0xbc ./main.o
                0x200031f0                motiontwoAtoHold
 .text.motionthreeHoldtoC
                0x200032ac       0xe4 ./main.o
                0x200032ac                motionthreeHoldtoC
 .text.motionthreeCtoD
                0x20003390       0x80 ./main.o
                0x20003390                motionthreeCtoD
 .text.motionthreeDtoHold
                0x20003410       0xcc ./main.o
                0x20003410                motionthreeDtoHold
 .text.motionfourHoldtoD
                0x200034dc       0xd0 ./main.o
                0x200034dc                motionfourHoldtoD
 .text.motionfourDtoC
                0x200035ac       0x84 ./main.o
                0x200035ac                motionfourDtoC
 .text.motionfourCheighttransition
                0x20003630       0x58 ./main.o
                0x20003630                motionfourCheighttransition
 .text.motionfourCtoHold
                0x20003688       0x9c ./main.o
                0x20003688                motionfourCtoHold
 .text.motionfiveAtoagitate
                0x20003724       0xb0 ./main.o
                0x20003724                motionfiveAtoagitate
 .text.putdownA
                0x200037d4       0xf8 ./main.o
                0x200037d4                putdownA
 .text.motionsevenCtoagitate
                0x200038cc      0x128 ./main.o
                0x200038cc                motionsevenCtoagitate
 .text.putdownC
                0x200039f4       0xd0 ./main.o
                0x200039f4                putdownC
 .text.motionsevenCtoHold
                0x20003ac4       0x84 ./main.o
                0x20003ac4                motionsevenCtoHold
 .text.Demo     0x20003b48      0x210 ./main.o
                0x20003b48                Demo
 .text.AtoB     0x20003d58       0x66 ./main.o
                0x20003d58                AtoB
 .text.BtoA     0x20003dbe       0x5e ./main.o
                0x20003dbe                BtoA
 .text.CtoD     0x20003e1c       0x4c ./main.o
                0x20003e1c                CtoD
 .text.DtoC     0x20003e68       0x58 ./main.o
                0x20003e68                DtoC
 .text.AgitateA
                0x20003ec0       0x4a ./main.o
                0x20003ec0                AgitateA
 .text.AgitateC
                0x20003f0a       0x42 ./main.o
                0x20003f0a                AgitateC
 .text          0x20003f4c      0x370 c:/microsemi/softconsole_v5.1/arm-none-eabi-gcc/bin/../lib/gcc/arm-none-eabi/6.3.1/thumb/v7-m\libgcc.a(_arm_addsubdf3.o)
                0x20003f4c                __aeabi_drsub
                0x20003f54                __aeabi_dsub
                0x20003f54                __subdf3
                0x20003f58                __aeabi_dadd
                0x20003f58                __adddf3
                0x200041d0                __floatunsidf
                0x200041d0                __aeabi_ui2d
                0x200041f0                __floatsidf
                0x200041f0                __aeabi_i2d
                0x20004214                __aeabi_f2d
                0x20004214                __extendsfdf2
                0x20004250                __floatundidf
                0x20004250                __aeabi_ul2d
                0x20004260                __floatdidf
                0x20004260                __aeabi_l2d
 .text          0x200042bc      0x424 c:/microsemi/softconsole_v5.1/arm-none-eabi-gcc/bin/../lib/gcc/arm-none-eabi/6.3.1/thumb/v7-m\libgcc.a(_arm_muldivdf3.o)
                0x200042bc                __aeabi_dmul
                0x200042bc                __muldf3
                0x20004510                __divdf3
                0x20004510                __aeabi_ddiv
 .text          0x200046e0       0xa0 c:/microsemi/softconsole_v5.1/arm-none-eabi-gcc/bin/../lib/gcc/arm-none-eabi/6.3.1/thumb/v7-m\libgcc.a(_arm_truncdfsf2.o)
                0x200046e0                __truncdfsf2
                0x200046e0                __aeabi_d2f
 .text          0x20004780      0x21c c:/microsemi/softconsole_v5.1/arm-none-eabi-gcc/bin/../lib/gcc/arm-none-eabi/6.3.1/thumb/v7-m\libgcc.a(_arm_addsubsf3.o)
                0x20004780                __aeabi_frsub
                0x20004788                __subsf3
                0x20004788                __aeabi_fsub
                0x2000478c                __aeabi_fadd
                0x2000478c                __addsf3
                0x200048ec                __aeabi_ui2f
                0x200048ec                __floatunsisf
                0x200048f4                __aeabi_i2f
                0x200048f4                __floatsisf
                0x20004910                __aeabi_ul2f
                0x20004910                __floatundisf
                0x20004920                __aeabi_l2f
                0x20004920                __floatdisf
 .text          0x2000499c       0xec c:/microsemi/softconsole_v5.1/arm-none-eabi-gcc/bin/../lib/gcc/arm-none-eabi/6.3.1/thumb/v7-m\libgcc.a(_arm_cmpsf2.o)
                0x2000499c                __gesf2
                0x2000499c                __gtsf2
                0x200049a4                __lesf2
                0x200049a4                __ltsf2
                0x200049ac                __nesf2
                0x200049ac                __eqsf2
                0x200049ac                __cmpsf2
                0x20004a0c                __aeabi_cfrcmple
                0x20004a14                __aeabi_cfcmpeq
                0x20004a14                __aeabi_cfcmple
                0x20004a24                __aeabi_fcmpeq
                0x20004a38                __aeabi_fcmplt
                0x20004a4c                __aeabi_fcmple
                0x20004a60                __aeabi_fcmpge
                0x20004a74                __aeabi_fcmpgt
 .text          0x20004a88       0x4c c:/microsemi/softconsole_v5.1/arm-none-eabi-gcc/bin/../lib/gcc/arm-none-eabi/6.3.1/thumb/v7-m\libgcc.a(_arm_fixsfsi.o)
                0x20004a88                __aeabi_f2iz
                0x20004a88                __fixsfsi
 .text.__libc_init_array
                0x20004ad4       0x48 c:/microsemi/softconsole_v5.1/arm-none-eabi-gcc/bin/../lib/gcc/arm-none-eabi/6.3.1/../../../../arm-none-eabi/lib/thumb/v7-m\libg_nano.a(lib_a-init.o)
                0x20004ad4                __libc_init_array
 .text.memset   0x20004b1c       0x10 c:/microsemi/softconsole_v5.1/arm-none-eabi-gcc/bin/../lib/gcc/arm-none-eabi/6.3.1/../../../../arm-none-eabi/lib/thumb/v7-m\libg_nano.a(lib_a-memset.o)
                0x20004b1c                memset
 .text.printf   0x20004b2c       0x30 c:/microsemi/softconsole_v5.1/arm-none-eabi-gcc/bin/../lib/gcc/arm-none-eabi/6.3.1/../../../../arm-none-eabi/lib/thumb/v7-m\libg_nano.a(lib_a-printf.o)
                0x20004b2c                iprintf
                0x20004b2c                printf
 .text._cleanup_r
                0x20004b5c        0xc c:/microsemi/softconsole_v5.1/arm-none-eabi-gcc/bin/../lib/gcc/arm-none-eabi/6.3.1/../../../../arm-none-eabi/lib/thumb/v7-m\libg_nano.a(lib_a-findfp.o)
                0x20004b5c                _cleanup_r
 .text.std.isra.0
                0x20004b68       0x48 c:/microsemi/softconsole_v5.1/arm-none-eabi-gcc/bin/../lib/gcc/arm-none-eabi/6.3.1/../../../../arm-none-eabi/lib/thumb/v7-m\libg_nano.a(lib_a-findfp.o)
 .text.__sfmoreglue
                0x20004bb0       0x2c c:/microsemi/softconsole_v5.1/arm-none-eabi-gcc/bin/../lib/gcc/arm-none-eabi/6.3.1/../../../../arm-none-eabi/lib/thumb/v7-m\libg_nano.a(lib_a-findfp.o)
                0x20004bb0                __sfmoreglue
 .text.__sinit  0x20004bdc       0x60 c:/microsemi/softconsole_v5.1/arm-none-eabi-gcc/bin/../lib/gcc/arm-none-eabi/6.3.1/../../../../arm-none-eabi/lib/thumb/v7-m\libg_nano.a(lib_a-findfp.o)
                0x20004bdc                __sinit
 .text.__sfp    0x20004c3c       0x78 c:/microsemi/softconsole_v5.1/arm-none-eabi-gcc/bin/../lib/gcc/arm-none-eabi/6.3.1/../../../../arm-none-eabi/lib/thumb/v7-m\libg_nano.a(lib_a-findfp.o)
                0x20004c3c                __sfp
 .text._fwalk_reent
                0x20004cb4       0x3c c:/microsemi/softconsole_v5.1/arm-none-eabi-gcc/bin/../lib/gcc/arm-none-eabi/6.3.1/../../../../arm-none-eabi/lib/thumb/v7-m\libg_nano.a(lib_a-fwalk.o)
                0x20004cb4                _fwalk_reent
 .text._malloc_r
                0x20004cf0       0xbc c:/microsemi/softconsole_v5.1/arm-none-eabi-gcc/bin/../lib/gcc/arm-none-eabi/6.3.1/../../../../arm-none-eabi/lib/thumb/v7-m\libg_nano.a(lib_a-nano-mallocr.o)
                0x20004cf0                _malloc_r
 .text.__sfputc_r
                0x20004dac       0x2c c:/microsemi/softconsole_v5.1/arm-none-eabi-gcc/bin/../lib/gcc/arm-none-eabi/6.3.1/../../../../arm-none-eabi/lib/thumb/v7-m\libg_nano.a(lib_a-nano-vfprintf.o)
 .text.__sfputs_r
                0x20004dd8       0x24 c:/microsemi/softconsole_v5.1/arm-none-eabi-gcc/bin/../lib/gcc/arm-none-eabi/6.3.1/../../../../arm-none-eabi/lib/thumb/v7-m\libg_nano.a(lib_a-nano-vfprintf.o)
                0x20004dd8                __sfputs_r
 .text._vfprintf_r
                0x20004dfc      0x22c c:/microsemi/softconsole_v5.1/arm-none-eabi-gcc/bin/../lib/gcc/arm-none-eabi/6.3.1/../../../../arm-none-eabi/lib/thumb/v7-m\libg_nano.a(lib_a-nano-vfprintf.o)
                0x20004dfc                _vfprintf_r
                0x20004dfc                _vfiprintf_r
 .text._printf_common
                0x20005028       0xee c:/microsemi/softconsole_v5.1/arm-none-eabi-gcc/bin/../lib/gcc/arm-none-eabi/6.3.1/../../../../arm-none-eabi/lib/thumb/v7-m\libg_nano.a(lib_a-nano-vfprintf_i.o)
                0x20005028                _printf_common
 *fill*         0x20005116        0x2 
 .text._printf_i
                0x20005118      0x240 c:/microsemi/softconsole_v5.1/arm-none-eabi-gcc/bin/../lib/gcc/arm-none-eabi/6.3.1/../../../../arm-none-eabi/lib/thumb/v7-m\libg_nano.a(lib_a-nano-vfprintf_i.o)
                0x20005118                _printf_i
 .text._sbrk_r  0x20005358       0x20 c:/microsemi/softconsole_v5.1/arm-none-eabi-gcc/bin/../lib/gcc/arm-none-eabi/6.3.1/../../../../arm-none-eabi/lib/thumb/v7-m\libg_nano.a(lib_a-sbrkr.o)
                0x20005358                _sbrk_r
 .text.__sread  0x20005378       0x22 c:/microsemi/softconsole_v5.1/arm-none-eabi-gcc/bin/../lib/gcc/arm-none-eabi/6.3.1/../../../../arm-none-eabi/lib/thumb/v7-m\libg_nano.a(lib_a-stdio.o)
                0x20005378                __sread
 .text.__swrite
                0x2000539a       0x38 c:/microsemi/softconsole_v5.1/arm-none-eabi-gcc/bin/../lib/gcc/arm-none-eabi/6.3.1/../../../../arm-none-eabi/lib/thumb/v7-m\libg_nano.a(lib_a-stdio.o)
                0x2000539a                __swrite
 .text.__sseek  0x200053d2       0x24 c:/microsemi/softconsole_v5.1/arm-none-eabi-gcc/bin/../lib/gcc/arm-none-eabi/6.3.1/../../../../arm-none-eabi/lib/thumb/v7-m\libg_nano.a(lib_a-stdio.o)
                0x200053d2                __sseek
 .text.__sclose
                0x200053f6        0x8 c:/microsemi/softconsole_v5.1/arm-none-eabi-gcc/bin/../lib/gcc/arm-none-eabi/6.3.1/../../../../arm-none-eabi/lib/thumb/v7-m\libg_nano.a(lib_a-stdio.o)
                0x200053f6                __sclose
 *fill*         0x200053fe        0x2 
 .text.__swbuf_r
                0x20005400       0xa4 c:/microsemi/softconsole_v5.1/arm-none-eabi-gcc/bin/../lib/gcc/arm-none-eabi/6.3.1/../../../../arm-none-eabi/lib/thumb/v7-m\libg_nano.a(lib_a-wbuf.o)
                0x20005400                __swbuf_r
 .text._write_r
                0x200054a4       0x24 c:/microsemi/softconsole_v5.1/arm-none-eabi-gcc/bin/../lib/gcc/arm-none-eabi/6.3.1/../../../../arm-none-eabi/lib/thumb/v7-m\libg_nano.a(lib_a-writer.o)
                0x200054a4                _write_r
 .text.__swsetup_r
                0x200054c8       0xdc c:/microsemi/softconsole_v5.1/arm-none-eabi-gcc/bin/../lib/gcc/arm-none-eabi/6.3.1/../../../../arm-none-eabi/lib/thumb/v7-m\libg_nano.a(lib_a-wsetup.o)
                0x200054c8                __swsetup_r
 .text._close_r
                0x200055a4       0x20 c:/microsemi/softconsole_v5.1/arm-none-eabi-gcc/bin/../lib/gcc/arm-none-eabi/6.3.1/../../../../arm-none-eabi/lib/thumb/v7-m\libg_nano.a(lib_a-closer.o)
                0x200055a4                _close_r
 .text.__sflush_r
                0x200055c4      0x110 c:/microsemi/softconsole_v5.1/arm-none-eabi-gcc/bin/../lib/gcc/arm-none-eabi/6.3.1/../../../../arm-none-eabi/lib/thumb/v7-m\libg_nano.a(lib_a-fflush.o)
                0x200055c4                __sflush_r
 .text._fflush_r
                0x200056d4       0x54 c:/microsemi/softconsole_v5.1/arm-none-eabi-gcc/bin/../lib/gcc/arm-none-eabi/6.3.1/../../../../arm-none-eabi/lib/thumb/v7-m\libg_nano.a(lib_a-fflush.o)
                0x200056d4                _fflush_r
 .text._lseek_r
                0x20005728       0x24 c:/microsemi/softconsole_v5.1/arm-none-eabi-gcc/bin/../lib/gcc/arm-none-eabi/6.3.1/../../../../arm-none-eabi/lib/thumb/v7-m\libg_nano.a(lib_a-lseekr.o)
                0x20005728                _lseek_r
 .text.__swhatbuf_r
                0x2000574c       0x48 c:/microsemi/softconsole_v5.1/arm-none-eabi-gcc/bin/../lib/gcc/arm-none-eabi/6.3.1/../../../../arm-none-eabi/lib/thumb/v7-m\libg_nano.a(lib_a-makebuf.o)
                0x2000574c                __swhatbuf_r
 .text.__smakebuf_r
                0x20005794       0x80 c:/microsemi/softconsole_v5.1/arm-none-eabi-gcc/bin/../lib/gcc/arm-none-eabi/6.3.1/../../../../arm-none-eabi/lib/thumb/v7-m\libg_nano.a(lib_a-makebuf.o)
                0x20005794                __smakebuf_r
 .text.memchr   0x20005814       0x1c c:/microsemi/softconsole_v5.1/arm-none-eabi-gcc/bin/../lib/gcc/arm-none-eabi/6.3.1/../../../../arm-none-eabi/lib/thumb/v7-m\libg_nano.a(lib_a-memchr-stub.o)
                0x20005814                memchr
 .text.__malloc_lock
                0x20005830        0x2 c:/microsemi/softconsole_v5.1/arm-none-eabi-gcc/bin/../lib/gcc/arm-none-eabi/6.3.1/../../../../arm-none-eabi/lib/thumb/v7-m\libg_nano.a(lib_a-mlock.o)
                0x20005830                __malloc_lock
 .text.__malloc_unlock
                0x20005832        0x2 c:/microsemi/softconsole_v5.1/arm-none-eabi-gcc/bin/../lib/gcc/arm-none-eabi/6.3.1/../../../../arm-none-eabi/lib/thumb/v7-m\libg_nano.a(lib_a-mlock.o)
                0x20005832                __malloc_unlock
 .text._free_r  0x20005834       0x98 c:/microsemi/softconsole_v5.1/arm-none-eabi-gcc/bin/../lib/gcc/arm-none-eabi/6.3.1/../../../../arm-none-eabi/lib/thumb/v7-m\libg_nano.a(lib_a-nano-freer.o)
                0x20005834                _free_r
 .text._read_r  0x200058cc       0x24 c:/microsemi/softconsole_v5.1/arm-none-eabi-gcc/bin/../lib/gcc/arm-none-eabi/6.3.1/../../../../arm-none-eabi/lib/thumb/v7-m\libg_nano.a(lib_a-readr.o)
                0x200058cc                _read_r
 .text._fstat_r
                0x200058f0       0x24 c:/microsemi/softconsole_v5.1/arm-none-eabi-gcc/bin/../lib/gcc/arm-none-eabi/6.3.1/../../../../arm-none-eabi/lib/thumb/v7-m\libg_nano.a(lib_a-fstatr.o)
                0x200058f0                _fstat_r
 .text._isatty_r
                0x20005914       0x20 c:/microsemi/softconsole_v5.1/arm-none-eabi-gcc/bin/../lib/gcc/arm-none-eabi/6.3.1/../../../../arm-none-eabi/lib/thumb/v7-m\libg_nano.a(lib_a-isattyr.o)
                0x20005914                _isatty_r
 .text.findslot
                0x20005934       0x34 c:/microsemi/softconsole_v5.1/arm-none-eabi-gcc/bin/../lib/gcc/arm-none-eabi/6.3.1/../../../../arm-none-eabi/lib/thumb/v7-m\librdimon_nano.a(rdimon-syscalls.o)
 .text.checkerror
                0x20005968       0x20 c:/microsemi/softconsole_v5.1/arm-none-eabi-gcc/bin/../lib/gcc/arm-none-eabi/6.3.1/../../../../arm-none-eabi/lib/thumb/v7-m\librdimon_nano.a(rdimon-syscalls.o)
 .text.error    0x20005988       0x1c c:/microsemi/softconsole_v5.1/arm-none-eabi-gcc/bin/../lib/gcc/arm-none-eabi/6.3.1/../../../../arm-none-eabi/lib/thumb/v7-m\librdimon_nano.a(rdimon-syscalls.o)
 .text.initialise_monitor_handles
                0x200059a4       0xa4 c:/microsemi/softconsole_v5.1/arm-none-eabi-gcc/bin/../lib/gcc/arm-none-eabi/6.3.1/../../../../arm-none-eabi/lib/thumb/v7-m\librdimon_nano.a(rdimon-syscalls.o)
                0x200059a4                initialise_monitor_handles
 .text._swiread
                0x20005a48       0x20 c:/microsemi/softconsole_v5.1/arm-none-eabi-gcc/bin/../lib/gcc/arm-none-eabi/6.3.1/../../../../arm-none-eabi/lib/thumb/v7-m\librdimon_nano.a(rdimon-syscalls.o)
                0x20005a48                _swiread
 .text._read    0x20005a68       0x34 c:/microsemi/softconsole_v5.1/arm-none-eabi-gcc/bin/../lib/gcc/arm-none-eabi/6.3.1/../../../../arm-none-eabi/lib/thumb/v7-m\librdimon_nano.a(rdimon-syscalls.o)
                0x20005a68                _read
 .text._swilseek
                0x20005a9c       0x7a c:/microsemi/softconsole_v5.1/arm-none-eabi-gcc/bin/../lib/gcc/arm-none-eabi/6.3.1/../../../../arm-none-eabi/lib/thumb/v7-m\librdimon_nano.a(rdimon-syscalls.o)
                0x20005a9c                _swilseek
 .text._lseek   0x20005b16        0x4 c:/microsemi/softconsole_v5.1/arm-none-eabi-gcc/bin/../lib/gcc/arm-none-eabi/6.3.1/../../../../arm-none-eabi/lib/thumb/v7-m\librdimon_nano.a(rdimon-syscalls.o)
                0x20005b16                _lseek
 .text._swiwrite
                0x20005b1a       0x20 c:/microsemi/softconsole_v5.1/arm-none-eabi-gcc/bin/../lib/gcc/arm-none-eabi/6.3.1/../../../../arm-none-eabi/lib/thumb/v7-m\librdimon_nano.a(rdimon-syscalls.o)
                0x20005b1a                _swiwrite
 .text._write   0x20005b3a       0x40 c:/microsemi/softconsole_v5.1/arm-none-eabi-gcc/bin/../lib/gcc/arm-none-eabi/6.3.1/../../../../arm-none-eabi/lib/thumb/v7-m\librdimon_nano.a(rdimon-syscalls.o)
                0x20005b3a                _write
 .text._swiclose
                0x20005b7a       0x1c c:/microsemi/softconsole_v5.1/arm-none-eabi-gcc/bin/../lib/gcc/arm-none-eabi/6.3.1/../../../../arm-none-eabi/lib/thumb/v7-m\librdimon_nano.a(rdimon-syscalls.o)
                0x20005b7a                _swiclose
 *fill*         0x20005b96        0x2 
 .text._close   0x20005b98       0x48 c:/microsemi/softconsole_v5.1/arm-none-eabi-gcc/bin/../lib/gcc/arm-none-eabi/6.3.1/../../../../arm-none-eabi/lib/thumb/v7-m\librdimon_nano.a(rdimon-syscalls.o)
                0x20005b98                _close
 .text._sbrk    0x20005be0       0x48 c:/microsemi/softconsole_v5.1/arm-none-eabi-gcc/bin/../lib/gcc/arm-none-eabi/6.3.1/../../../../arm-none-eabi/lib/thumb/v7-m\librdimon_nano.a(rdimon-syscalls.o)
                0x20005be0                _sbrk
 .text._swistat
                0x20005c28       0x42 c:/microsemi/softconsole_v5.1/arm-none-eabi-gcc/bin/../lib/gcc/arm-none-eabi/6.3.1/../../../../arm-none-eabi/lib/thumb/v7-m\librdimon_nano.a(rdimon-syscalls.o)
                0x20005c28                _swistat
 .text._fstat   0x20005c6a       0x1c c:/microsemi/softconsole_v5.1/arm-none-eabi-gcc/bin/../lib/gcc/arm-none-eabi/6.3.1/../../../../arm-none-eabi/lib/thumb/v7-m\librdimon_nano.a(rdimon-syscalls.o)
                0x20005c6a                _fstat
 .text._isatty  0x20005c86       0x38 c:/microsemi/softconsole_v5.1/arm-none-eabi-gcc/bin/../lib/gcc/arm-none-eabi/6.3.1/../../../../arm-none-eabi/lib/thumb/v7-m\librdimon_nano.a(rdimon-syscalls.o)
                0x20005c86                _isatty
 *fill*         0x20005cbe        0x2 
 .text.__errno  0x20005cc0        0xc c:/microsemi/softconsole_v5.1/arm-none-eabi-gcc/bin/../lib/gcc/arm-none-eabi/6.3.1/../../../../arm-none-eabi/lib/thumb/v7-m\libc_nano.a(lib_a-errno.o)
                0x20005cc0                __errno
 *(.plt)
 *(.gnu.warning)
 *(.glue_7t)
 .glue_7t       0x20005ccc        0x0 linker stubs
 *(.glue_7)
 .glue_7        0x20005ccc        0x0 linker stubs
 *(.vfp11_veneer)
 .vfp11_veneer  0x20005ccc        0x0 linker stubs
                0x20005ccc                . = ALIGN (0x4)
 *crtbegin.o(.ctors)
 *(EXCLUDE_FILE(*crtend.o) .ctors)
 *(SORT(.ctors.*))
 *crtend.o(.ctors)
 *crtbegin.o(.dtors)
 *(EXCLUDE_FILE(*crtend.o) .dtors)
 *(SORT(.dtors.*))
 *crtend.o(.dtors)
 *(.rodata .rodata.* .gnu.linkonce.r.*)
 .rodata.g_pwm_id_mask_lut
                0x20005ccc       0x11 ./drivers/CorePWM/core_pwm.o
 *fill*         0x20005cdd        0x3 
 .rodata.g_pwm_posedge_offset_lut
                0x20005ce0       0x44 ./drivers/CorePWM/core_pwm.o
 .rodata.g_pwm_negedge_offset_lut
                0x20005d24       0x44 ./drivers/CorePWM/core_pwm.o
 .rodata        0x20005d68        0x8 ./CMSIS/system_m2sxxx.o
 .rodata        0x20005d70      0x3c3 ./main.o
 *fill*         0x20006133        0x1 
 .rodata._global_impure_ptr
                0x20006134        0x4 c:/microsemi/softconsole_v5.1/arm-none-eabi-gcc/bin/../lib/gcc/arm-none-eabi/6.3.1/../../../../arm-none-eabi/lib/thumb/v7-m\libg_nano.a(lib_a-impure.o)
                0x20006134                _global_impure_ptr
 .rodata.__sf_fake_stderr
                0x20006138       0x20 c:/microsemi/softconsole_v5.1/arm-none-eabi-gcc/bin/../lib/gcc/arm-none-eabi/6.3.1/../../../../arm-none-eabi/lib/thumb/v7-m\libg_nano.a(lib_a-findfp.o)
                0x20006138                __sf_fake_stderr
 .rodata.__sf_fake_stdin
                0x20006158       0x20 c:/microsemi/softconsole_v5.1/arm-none-eabi-gcc/bin/../lib/gcc/arm-none-eabi/6.3.1/../../../../arm-none-eabi/lib/thumb/v7-m\libg_nano.a(lib_a-findfp.o)
                0x20006158                __sf_fake_stdin
 .rodata.__sf_fake_stdout
                0x20006178       0x20 c:/microsemi/softconsole_v5.1/arm-none-eabi-gcc/bin/../lib/gcc/arm-none-eabi/6.3.1/../../../../arm-none-eabi/lib/thumb/v7-m\libg_nano.a(lib_a-findfp.o)
                0x20006178                __sf_fake_stdout
 .rodata._vfprintf_r.str1.1
                0x20006198       0x11 c:/microsemi/softconsole_v5.1/arm-none-eabi-gcc/bin/../lib/gcc/arm-none-eabi/6.3.1/../../../../arm-none-eabi/lib/thumb/v7-m\libg_nano.a(lib_a-nano-vfprintf.o)
 .rodata._printf_i.str1.1
                0x200061a9       0x22 c:/microsemi/softconsole_v5.1/arm-none-eabi-gcc/bin/../lib/gcc/arm-none-eabi/6.3.1/../../../../arm-none-eabi/lib/thumb/v7-m\libg_nano.a(lib_a-nano-vfprintf_i.o)
 .rodata.initialise_monitor_handles.str1.1
                0x200061cb        0x4 c:/microsemi/softconsole_v5.1/arm-none-eabi-gcc/bin/../lib/gcc/arm-none-eabi/6.3.1/../../../../arm-none-eabi/lib/thumb/v7-m\librdimon_nano.a(rdimon-syscalls.o)
 *(.ARM.extab* .gnu.linkonce.armextab.*)
 *(.gcc_except_table)
 *(.eh_frame_hdr)
 *(.eh_frame)
 *fill*         0x200061cf        0x1 
 .eh_frame      0x200061d0        0x0 c:/microsemi/softconsole_v5.1/arm-none-eabi-gcc/bin/../lib/gcc/arm-none-eabi/6.3.1/thumb/v7-m/crtbegin.o
 *(.vector_table)
 *(.init)
 .init          0x200061d0        0x4 c:/microsemi/softconsole_v5.1/arm-none-eabi-gcc/bin/../lib/gcc/arm-none-eabi/6.3.1/thumb/v7-m/crti.o
                0x200061d0                _init
 .init          0x200061d4        0x8 c:/microsemi/softconsole_v5.1/arm-none-eabi-gcc/bin/../lib/gcc/arm-none-eabi/6.3.1/thumb/v7-m/crtn.o
 *(.fini)
 .fini          0x200061dc        0x4 c:/microsemi/softconsole_v5.1/arm-none-eabi-gcc/bin/../lib/gcc/arm-none-eabi/6.3.1/thumb/v7-m/crti.o
                0x200061dc                _fini
 .fini          0x200061e0        0x8 c:/microsemi/softconsole_v5.1/arm-none-eabi-gcc/bin/../lib/gcc/arm-none-eabi/6.3.1/thumb/v7-m/crtn.o
                0x200061e8                PROVIDE (__preinit_array_start, .)
 *(.preinit_array)
                0x200061e8                PROVIDE (__preinit_array_end, .)
                0x200061e8                PROVIDE (__init_array_start, .)
 *(SORT(.init_array.*))
 *(.init_array)
 .init_array    0x200061e8        0x4 c:/microsemi/softconsole_v5.1/arm-none-eabi-gcc/bin/../lib/gcc/arm-none-eabi/6.3.1/thumb/v7-m/crtbegin.o
                0x200061ec                PROVIDE (__init_array_end, .)
                [!provide]                PROVIDE (__fini_array_start, .)
 *(.fini_array)
 .fini_array    0x200061ec        0x4 c:/microsemi/softconsole_v5.1/arm-none-eabi-gcc/bin/../lib/gcc/arm-none-eabi/6.3.1/thumb/v7-m/crtbegin.o
 *(SORT(.fini_array.*))
                [!provide]                PROVIDE (__fini_array_end, .)
                0x200061f0                . = ALIGN (0x10)
                0x200061f0                __exidx_start = .

.v4_bx          0x200061f0        0x0
 .v4_bx         0x200061f0        0x0 linker stubs

.iplt           0x200061f0        0x0
 .iplt          0x200061f0        0x0 c:/microsemi/softconsole_v5.1/arm-none-eabi-gcc/bin/../lib/gcc/arm-none-eabi/6.3.1/thumb/v7-m/crtbegin.o

.rel.dyn        0x200061f0        0x0
 .rel.iplt      0x200061f0        0x0 c:/microsemi/softconsole_v5.1/arm-none-eabi-gcc/bin/../lib/gcc/arm-none-eabi/6.3.1/thumb/v7-m/crtbegin.o

.ARM.exidx
 *(.ARM.exidx* .gnu.linkonce.armexidx.*)
                0x200061f0                __exidx_end = .
                0x200061f0                _etext = .
                [!provide]                PROVIDE (__text_end, .)

.data           0x200061f0       0x90
                0x200061f0                __data_load = LOADADDR (.data)
                0x200061f0                _sidata = LOADADDR (.data)
                0x200061f0                __data_start = .
                0x200061f0                _sdata = .
 *(.jcr)
 .jcr           0x200061f0        0x0 c:/microsemi/softconsole_v5.1/arm-none-eabi-gcc/bin/../lib/gcc/arm-none-eabi/6.3.1/thumb/v7-m/crtbegin.o
 .jcr           0x200061f0        0x4 c:/microsemi/softconsole_v5.1/arm-none-eabi-gcc/bin/../lib/gcc/arm-none-eabi/6.3.1/thumb/v7-m/crtend.o
 *(.got.plt)
 *(.got)
 *(.shdata)
 *(.data .data.* .gnu.linkonce.d.*)
 .data.SystemCoreClock
                0x200061f4        0x4 ./CMSIS/system_m2sxxx.o
                0x200061f4                SystemCoreClock
 .data.g_FrequencyPCLK0
                0x200061f8        0x4 ./CMSIS/system_m2sxxx.o
                0x200061f8                g_FrequencyPCLK0
 .data.g_FrequencyPCLK1
                0x200061fc        0x4 ./CMSIS/system_m2sxxx.o
                0x200061fc                g_FrequencyPCLK1
 .data.g_FrequencyPCLK2
                0x20006200        0x4 ./CMSIS/system_m2sxxx.o
                0x20006200                g_FrequencyPCLK2
 .data.g_FrequencyFIC0
                0x20006204        0x4 ./CMSIS/system_m2sxxx.o
                0x20006204                g_FrequencyFIC0
 .data.g_FrequencyFIC1
                0x20006208        0x4 ./CMSIS/system_m2sxxx.o
                0x20006208                g_FrequencyFIC1
 .data.g_FrequencyFIC64
                0x2000620c        0x4 ./CMSIS/system_m2sxxx.o
                0x2000620c                g_FrequencyFIC64
 .data.g_message
                0x20006210        0x2 ./main.o
                0x20006210                g_message
 *fill*         0x20006212        0x2 
 .data.g_gpio_pattern
                0x20006214        0x4 ./main.o
                0x20006214                g_gpio_pattern
 .data._impure_ptr
                0x20006218        0x4 c:/microsemi/softconsole_v5.1/arm-none-eabi-gcc/bin/../lib/gcc/arm-none-eabi/6.3.1/../../../../arm-none-eabi/lib/thumb/v7-m\libg_nano.a(lib_a-impure.o)
                0x20006218                _impure_ptr
 .data.impure_data
                0x2000621c       0x60 c:/microsemi/softconsole_v5.1/arm-none-eabi-gcc/bin/../lib/gcc/arm-none-eabi/6.3.1/../../../../arm-none-eabi/lib/thumb/v7-m\libg_nano.a(lib_a-impure.o)
 .data.__heap_limit
                0x2000627c        0x4 c:/microsemi/softconsole_v5.1/arm-none-eabi-gcc/bin/../lib/gcc/arm-none-eabi/6.3.1/../../../../arm-none-eabi/lib/thumb/v7-m\librdimon_nano.a(rdimon-syscalls.o)
                0x2000627c                __heap_limit
                0x20006280                . = ALIGN (0x10)
                0x20006280                _edata = .

.igot.plt       0x20006280        0x0
 .igot.plt      0x20006280        0x0 c:/microsemi/softconsole_v5.1/arm-none-eabi-gcc/bin/../lib/gcc/arm-none-eabi/6.3.1/thumb/v7-m/crtbegin.o

.bss            0x20006280      0x240
                0x20006280                __bss_start__ = .
                0x20006280                _sbss = .
 *(.shbss)
 *(.bss .bss.* .gnu.linkonce.b.*)
 .bss           0x20006280       0x1c c:/microsemi/softconsole_v5.1/arm-none-eabi-gcc/bin/../lib/gcc/arm-none-eabi/6.3.1/thumb/v7-m/crtbegin.o
 .bss.g_comblk_cmd_opcode
                0x2000629c        0x1 ./drivers/mss_sys_services/mss_comblk.o
 *fill*         0x2000629d        0x3 
 .bss.g_comblk_p_cmd
                0x200062a0        0x4 ./drivers/mss_sys_services/mss_comblk.o
 .bss.g_comblk_cmd_size
                0x200062a4        0x2 ./drivers/mss_sys_services/mss_comblk.o
 *fill*         0x200062a6        0x2 
 .bss.g_comblk_p_data
                0x200062a8        0x4 ./drivers/mss_sys_services/mss_comblk.o
 .bss.g_comblk_data_size
                0x200062ac        0x4 ./drivers/mss_sys_services/mss_comblk.o
 .bss.g_comblk_p_response
                0x200062b0        0x4 ./drivers/mss_sys_services/mss_comblk.o
 .bss.g_comblk_response_size
                0x200062b4        0x2 ./drivers/mss_sys_services/mss_comblk.o
 .bss.g_comblk_response_idx
                0x200062b6        0x2 ./drivers/mss_sys_services/mss_comblk.o
 .bss.g_comblk_completion_handler
                0x200062b8        0x4 ./drivers/mss_sys_services/mss_comblk.o
 .bss.g_comblk_page_handler
                0x200062bc        0x4 ./drivers/mss_sys_services/mss_comblk.o
 .bss.g_request_in_progress
                0x200062c0        0x1 ./drivers/mss_sys_services/mss_comblk.o
 .bss.g_comblk_state
                0x200062c1        0x1 ./drivers/mss_sys_services/mss_comblk.o
 *fill*         0x200062c2        0x2 
 .bss.g_async_event_handler
                0x200062c4        0x4 ./drivers/mss_sys_services/mss_comblk.o
 .bss.g_transfer
                0x200062c8       0x18 ./drivers/mss_hpdma/mss_hpdma.o
 .bss.g_hpdma_end_desc
                0x200062e0        0x4 ./drivers/mss_hpdma/mss_hpdma.o
 .bss.g_hpdma_current_desc
                0x200062e4        0x4 ./drivers/mss_hpdma/mss_hpdma.o
 .bss.__malloc_free_list
                0x200062e8        0x4 c:/microsemi/softconsole_v5.1/arm-none-eabi-gcc/bin/../lib/gcc/arm-none-eabi/6.3.1/../../../../arm-none-eabi/lib/thumb/v7-m\libg_nano.a(lib_a-nano-mallocr.o)
                0x200062e8                __malloc_free_list
 .bss.__malloc_sbrk_start
                0x200062ec        0x4 c:/microsemi/softconsole_v5.1/arm-none-eabi-gcc/bin/../lib/gcc/arm-none-eabi/6.3.1/../../../../arm-none-eabi/lib/thumb/v7-m\libg_nano.a(lib_a-nano-mallocr.o)
                0x200062ec                __malloc_sbrk_start
 .bss.heap_end.6161
                0x200062f0        0x4 c:/microsemi/softconsole_v5.1/arm-none-eabi-gcc/bin/../lib/gcc/arm-none-eabi/6.3.1/../../../../arm-none-eabi/lib/thumb/v7-m\librdimon_nano.a(rdimon-syscalls.o)
 .bss.monitor_stderr
                0x200062f4        0x4 c:/microsemi/softconsole_v5.1/arm-none-eabi-gcc/bin/../lib/gcc/arm-none-eabi/6.3.1/../../../../arm-none-eabi/lib/thumb/v7-m\librdimon_nano.a(rdimon-syscalls.o)
 .bss.monitor_stdin
                0x200062f8        0x4 c:/microsemi/softconsole_v5.1/arm-none-eabi-gcc/bin/../lib/gcc/arm-none-eabi/6.3.1/../../../../arm-none-eabi/lib/thumb/v7-m\librdimon_nano.a(rdimon-syscalls.o)
 .bss.monitor_stdout
                0x200062fc        0x4 c:/microsemi/softconsole_v5.1/arm-none-eabi-gcc/bin/../lib/gcc/arm-none-eabi/6.3.1/../../../../arm-none-eabi/lib/thumb/v7-m\librdimon_nano.a(rdimon-syscalls.o)
 .bss.openfiles
                0x20006300       0xa0 c:/microsemi/softconsole_v5.1/arm-none-eabi-gcc/bin/../lib/gcc/arm-none-eabi/6.3.1/../../../../arm-none-eabi/lib/thumb/v7-m\librdimon_nano.a(rdimon-syscalls.o)
 *(COMMON)
 COMMON         0x200063a0      0x108 ./drivers/mss_spi/mss_spi.o
                0x200063a0                g_mss_spi1
                0x20006424                g_mss_spi0
 COMMON         0x200064a8       0x14 ./main.o
                0x200064a8                g_gpio
                0x200064b0                g_uart
                0x200064b8                the_pwm
 COMMON         0x200064bc        0x4 c:/microsemi/softconsole_v5.1/arm-none-eabi-gcc/bin/../lib/gcc/arm-none-eabi/6.3.1/../../../../arm-none-eabi/lib/thumb/v7-m\libg_nano.a(lib_a-reent.o)
                0x200064bc                errno
                0x200064c0                . = ALIGN (0x10)
                0x200064c0                __bss_end__ = .
                0x200064c0                _end = .
                0x200064c0                __end = _end
                0x200064c0                _ebss = .
                0x200064c0                PROVIDE (end, .)

.heap           0x200064c0     0x8b40
                0x200064c0                __heap_start__ = .
                0x200074c0                . = (. + MIN_SIZE_HEAP)
 *fill*         0x200064c0     0x1000 
                0x2000f000                . = (. + (((ABSOLUTE (RAM_START_ADDRESS) + RAM_SIZE) - MAIN_STACK_SIZE) - .))
 *fill*         0x200074c0     0x7b40 
                0x2000f000                _eheap = .

.stack          0x2000f000     0x1000
                0x2000f000                __stack_start__ = .
                0x20010000                . = (. + MAIN_STACK_SIZE)
 *fill*         0x2000f000     0x1000 
                0x20010000                _estack = .

.stab
 *(.stab)

.stabstr
 *(.stabstr)

.debug
 *(.debug)

.line
 *(.line)

.debug_srcinfo
 *(.debug_srcinfo)

.debug_sfnames
 *(.debug_sfnames)

.debug_aranges  0x00000000      0x8f0
 *(.debug_aranges)
 .debug_aranges
                0x00000000       0x20 ./hal/CortexM3/GNU/hal.o
 .debug_aranges
                0x00000020       0x20 ./hal/CortexM3/GNU/hw_reg_access.o
 .debug_aranges
                0x00000040       0x48 ./hal/CortexM3/cortex_nvic.o
 .debug_aranges
                0x00000088       0x18 ./drivers_config/sys_config/sys_config.o
 .debug_aranges
                0x000000a0       0x90 ./drivers/mss_sys_services/mss_comblk.o
 .debug_aranges
                0x00000130      0x1c8 ./drivers/mss_sys_services/mss_sys_services.o
 .debug_aranges
                0x000002f8       0xe0 ./drivers/mss_spi/mss_spi.o
 .debug_aranges
                0x000003d8       0xc0 ./drivers/mss_rtc/mss_rtc.o
 .debug_aranges
                0x00000498       0x80 ./drivers/mss_nvm/mss_nvm.o
 .debug_aranges
                0x00000518       0x80 ./drivers/mss_hpdma/mss_hpdma.o
 .debug_aranges
                0x00000598       0x48 ./drivers/CoreUARTapb/core_uart_apb.o
 .debug_aranges
                0x000005e0       0xb8 ./drivers/CorePWM/core_pwm.o
 .debug_aranges
                0x00000698       0x68 ./drivers/CoreGPIO/core_gpio.o
 .debug_aranges
                0x00000700       0x20 ./CMSIS/startup_gcc/startup_m2sxxx.o
 .debug_aranges
                0x00000720       0x50 ./CMSIS/system_m2sxxx.o
 .debug_aranges
                0x00000770      0x180 ./main.o

.debug_pubnames
 *(.debug_pubnames)

.debug_info     0x00000000     0xcb9a
 *(.debug_info .gnu.linkonce.wi.*)
 .debug_info    0x00000000       0x8d ./hal/CortexM3/GNU/hal.o
 .debug_info    0x0000008d       0x97 ./hal/CortexM3/GNU/hw_reg_access.o
 .debug_info    0x00000124      0x18f ./hal/CortexM3/cortex_nvic.o
 .debug_info    0x000002b3       0x96 ./drivers_config/sys_config/sys_config.o
 .debug_info    0x00000349      0xadb ./drivers/mss_sys_services/mss_comblk.o
 .debug_info    0x00000e24     0x262d ./drivers/mss_sys_services/mss_sys_services.o
 .debug_info    0x00003451     0x1da8 ./drivers/mss_spi/mss_spi.o
 .debug_info    0x000051f9     0x195f ./drivers/mss_rtc/mss_rtc.o
 .debug_info    0x00006b58     0x11c4 ./drivers/mss_nvm/mss_nvm.o
 .debug_info    0x00007d1c     0x1145 ./drivers/mss_hpdma/mss_hpdma.o
 .debug_info    0x00008e61      0x374 ./drivers/CoreUARTapb/core_uart_apb.o
 .debug_info    0x000091d5      0xafc ./drivers/CorePWM/core_pwm.o
 .debug_info    0x00009cd1      0x579 ./drivers/CoreGPIO/core_gpio.o
 .debug_info    0x0000a24a       0x99 ./CMSIS/startup_gcc/startup_m2sxxx.o
 .debug_info    0x0000a2e3      0xab9 ./CMSIS/system_m2sxxx.o
 .debug_info    0x0000ad9c     0x1dfe ./main.o

.debug_abbrev   0x00000000     0x19cd
 *(.debug_abbrev)
 .debug_abbrev  0x00000000       0x14 ./hal/CortexM3/GNU/hal.o
 .debug_abbrev  0x00000014       0x14 ./hal/CortexM3/GNU/hw_reg_access.o
 .debug_abbrev  0x00000028       0x8b ./hal/CortexM3/cortex_nvic.o
 .debug_abbrev  0x000000b3       0x4e ./drivers_config/sys_config/sys_config.o
 .debug_abbrev  0x00000101      0x1fc ./drivers/mss_sys_services/mss_comblk.o
 .debug_abbrev  0x000002fd      0x31d ./drivers/mss_sys_services/mss_sys_services.o
 .debug_abbrev  0x0000061a      0x311 ./drivers/mss_spi/mss_spi.o
 .debug_abbrev  0x0000092b      0x341 ./drivers/mss_rtc/mss_rtc.o
 .debug_abbrev  0x00000c6c      0x1cb ./drivers/mss_nvm/mss_nvm.o
 .debug_abbrev  0x00000e37      0x269 ./drivers/mss_hpdma/mss_hpdma.o
 .debug_abbrev  0x000010a0      0x127 ./drivers/CoreUARTapb/core_uart_apb.o
 .debug_abbrev  0x000011c7      0x186 ./drivers/CorePWM/core_pwm.o
 .debug_abbrev  0x0000134d      0x142 ./drivers/CoreGPIO/core_gpio.o
 .debug_abbrev  0x0000148f       0x14 ./CMSIS/startup_gcc/startup_m2sxxx.o
 .debug_abbrev  0x000014a3      0x190 ./CMSIS/system_m2sxxx.o
 .debug_abbrev  0x00001633      0x39a ./main.o

.debug_line     0x00000000     0x5381
 *(.debug_line)
 .debug_line    0x00000000       0x4d ./hal/CortexM3/GNU/hal.o
 .debug_line    0x0000004d       0x8b ./hal/CortexM3/GNU/hw_reg_access.o
 .debug_line    0x000000d8      0x2c5 ./hal/CortexM3/cortex_nvic.o
 .debug_line    0x0000039d      0x2ce ./drivers_config/sys_config/sys_config.o
 .debug_line    0x0000066b      0x587 ./drivers/mss_sys_services/mss_comblk.o
 .debug_line    0x00000bf2      0xdee ./drivers/mss_sys_services/mss_sys_services.o
 .debug_line    0x000019e0      0x7fc ./drivers/mss_spi/mss_spi.o
 .debug_line    0x000021dc      0x6ab ./drivers/mss_rtc/mss_rtc.o
 .debug_line    0x00002887      0x6c5 ./drivers/mss_nvm/mss_nvm.o
 .debug_line    0x00002f4c      0x490 ./drivers/mss_hpdma/mss_hpdma.o
 .debug_line    0x000033dc      0x454 ./drivers/CoreUARTapb/core_uart_apb.o
 .debug_line    0x00003830      0x6ed ./drivers/CorePWM/core_pwm.o
 .debug_line    0x00003f1d      0x491 ./drivers/CoreGPIO/core_gpio.o
 .debug_line    0x000043ae      0x18e ./CMSIS/startup_gcc/startup_m2sxxx.o
 .debug_line    0x0000453c      0x37d ./CMSIS/system_m2sxxx.o
 .debug_line    0x000048b9      0xac8 ./main.o

.debug_frame    0x00000000     0x30e0
 *(.debug_frame)
 .debug_frame   0x00000000       0xf8 ./hal/CortexM3/cortex_nvic.o
 .debug_frame   0x000000f8      0x240 ./drivers/mss_sys_services/mss_comblk.o
 .debug_frame   0x00000338      0x7dc ./drivers/mss_sys_services/mss_sys_services.o
 .debug_frame   0x00000b14      0x3c0 ./drivers/mss_spi/mss_spi.o
 .debug_frame   0x00000ed4      0x32c ./drivers/mss_rtc/mss_rtc.o
 .debug_frame   0x00001200      0x208 ./drivers/mss_nvm/mss_nvm.o
 .debug_frame   0x00001408      0x210 ./drivers/mss_hpdma/mss_hpdma.o
 .debug_frame   0x00001618       0xf0 ./drivers/CoreUARTapb/core_uart_apb.o
 .debug_frame   0x00001708      0x2e0 ./drivers/CorePWM/core_pwm.o
 .debug_frame   0x000019e8      0x178 ./drivers/CoreGPIO/core_gpio.o
 .debug_frame   0x00001b60      0x10c ./CMSIS/system_m2sxxx.o
 .debug_frame   0x00001c6c      0x628 ./main.o
 .debug_frame   0x00002294       0xac c:/microsemi/softconsole_v5.1/arm-none-eabi-gcc/bin/../lib/gcc/arm-none-eabi/6.3.1/thumb/v7-m\libgcc.a(_arm_addsubdf3.o)
 .debug_frame   0x00002340       0x50 c:/microsemi/softconsole_v5.1/arm-none-eabi-gcc/bin/../lib/gcc/arm-none-eabi/6.3.1/thumb/v7-m\libgcc.a(_arm_muldivdf3.o)
 .debug_frame   0x00002390       0x24 c:/microsemi/softconsole_v5.1/arm-none-eabi-gcc/bin/../lib/gcc/arm-none-eabi/6.3.1/thumb/v7-m\libgcc.a(_arm_truncdfsf2.o)
 .debug_frame   0x000023b4       0x4c c:/microsemi/softconsole_v5.1/arm-none-eabi-gcc/bin/../lib/gcc/arm-none-eabi/6.3.1/thumb/v7-m\libgcc.a(_arm_addsubsf3.o)
 .debug_frame   0x00002400       0xc8 c:/microsemi/softconsole_v5.1/arm-none-eabi-gcc/bin/../lib/gcc/arm-none-eabi/6.3.1/thumb/v7-m\libgcc.a(_arm_cmpsf2.o)
 .debug_frame   0x000024c8       0x24 c:/microsemi/softconsole_v5.1/arm-none-eabi-gcc/bin/../lib/gcc/arm-none-eabi/6.3.1/thumb/v7-m\libgcc.a(_arm_fixsfsi.o)
 .debug_frame   0x000024ec       0x28 c:/microsemi/softconsole_v5.1/arm-none-eabi-gcc/bin/../lib/gcc/arm-none-eabi/6.3.1/../../../../arm-none-eabi/lib/thumb/v7-m\libg_nano.a(lib_a-exit.o)
 .debug_frame   0x00002514       0x2c c:/microsemi/softconsole_v5.1/arm-none-eabi-gcc/bin/../lib/gcc/arm-none-eabi/6.3.1/../../../../arm-none-eabi/lib/thumb/v7-m\libg_nano.a(lib_a-init.o)
 .debug_frame   0x00002540       0x28 c:/microsemi/softconsole_v5.1/arm-none-eabi-gcc/bin/../lib/gcc/arm-none-eabi/6.3.1/../../../../arm-none-eabi/lib/thumb/v7-m\libg_nano.a(lib_a-memcpy-stub.o)
 .debug_frame   0x00002568       0x20 c:/microsemi/softconsole_v5.1/arm-none-eabi-gcc/bin/../lib/gcc/arm-none-eabi/6.3.1/../../../../arm-none-eabi/lib/thumb/v7-m\libg_nano.a(lib_a-memset.o)
 .debug_frame   0x00002588       0x74 c:/microsemi/softconsole_v5.1/arm-none-eabi-gcc/bin/../lib/gcc/arm-none-eabi/6.3.1/../../../../arm-none-eabi/lib/thumb/v7-m\libg_nano.a(lib_a-printf.o)
 .debug_frame   0x000025fc      0x11c c:/microsemi/softconsole_v5.1/arm-none-eabi-gcc/bin/../lib/gcc/arm-none-eabi/6.3.1/../../../../arm-none-eabi/lib/thumb/v7-m\libg_nano.a(lib_a-findfp.o)
 .debug_frame   0x00002718       0x54 c:/microsemi/softconsole_v5.1/arm-none-eabi-gcc/bin/../lib/gcc/arm-none-eabi/6.3.1/../../../../arm-none-eabi/lib/thumb/v7-m\libg_nano.a(lib_a-fwalk.o)
 .debug_frame   0x0000276c       0x2c c:/microsemi/softconsole_v5.1/arm-none-eabi-gcc/bin/../lib/gcc/arm-none-eabi/6.3.1/../../../../arm-none-eabi/lib/thumb/v7-m\libg_nano.a(lib_a-nano-mallocr.o)
 .debug_frame   0x00002798       0xac c:/microsemi/softconsole_v5.1/arm-none-eabi-gcc/bin/../lib/gcc/arm-none-eabi/6.3.1/../../../../arm-none-eabi/lib/thumb/v7-m\libg_nano.a(lib_a-nano-vfprintf.o)
 .debug_frame   0x00002844       0x60 c:/microsemi/softconsole_v5.1/arm-none-eabi-gcc/bin/../lib/gcc/arm-none-eabi/6.3.1/../../../../arm-none-eabi/lib/thumb/v7-m\libg_nano.a(lib_a-nano-vfprintf_i.o)
 .debug_frame   0x000028a4       0x2c c:/microsemi/softconsole_v5.1/arm-none-eabi-gcc/bin/../lib/gcc/arm-none-eabi/6.3.1/../../../../arm-none-eabi/lib/thumb/v7-m\libg_nano.a(lib_a-sbrkr.o)
 .debug_frame   0x000028d0       0x88 c:/microsemi/softconsole_v5.1/arm-none-eabi-gcc/bin/../lib/gcc/arm-none-eabi/6.3.1/../../../../arm-none-eabi/lib/thumb/v7-m\libg_nano.a(lib_a-stdio.o)
 .debug_frame   0x00002958       0x40 c:/microsemi/softconsole_v5.1/arm-none-eabi-gcc/bin/../lib/gcc/arm-none-eabi/6.3.1/../../../../arm-none-eabi/lib/thumb/v7-m\libg_nano.a(lib_a-wbuf.o)
 .debug_frame   0x00002998       0x2c c:/microsemi/softconsole_v5.1/arm-none-eabi-gcc/bin/../lib/gcc/arm-none-eabi/6.3.1/../../../../arm-none-eabi/lib/thumb/v7-m\libg_nano.a(lib_a-writer.o)
 .debug_frame   0x000029c4       0x2c c:/microsemi/softconsole_v5.1/arm-none-eabi-gcc/bin/../lib/gcc/arm-none-eabi/6.3.1/../../../../arm-none-eabi/lib/thumb/v7-m\libg_nano.a(lib_a-wsetup.o)
 .debug_frame   0x000029f0       0x2c c:/microsemi/softconsole_v5.1/arm-none-eabi-gcc/bin/../lib/gcc/arm-none-eabi/6.3.1/../../../../arm-none-eabi/lib/thumb/v7-m\libg_nano.a(lib_a-closer.o)
 .debug_frame   0x00002a1c       0x68 c:/microsemi/softconsole_v5.1/arm-none-eabi-gcc/bin/../lib/gcc/arm-none-eabi/6.3.1/../../../../arm-none-eabi/lib/thumb/v7-m\libg_nano.a(lib_a-fflush.o)
 .debug_frame   0x00002a84       0x3c c:/microsemi/softconsole_v5.1/arm-none-eabi-gcc/bin/../lib/gcc/arm-none-eabi/6.3.1/../../../../arm-none-eabi/lib/thumb/v7-m\libg_nano.a(lib_a-fvwrite.o)
 .debug_frame   0x00002ac0       0x2c c:/microsemi/softconsole_v5.1/arm-none-eabi-gcc/bin/../lib/gcc/arm-none-eabi/6.3.1/../../../../arm-none-eabi/lib/thumb/v7-m\libg_nano.a(lib_a-lseekr.o)
 .debug_frame   0x00002aec       0x58 c:/microsemi/softconsole_v5.1/arm-none-eabi-gcc/bin/../lib/gcc/arm-none-eabi/6.3.1/../../../../arm-none-eabi/lib/thumb/v7-m\libg_nano.a(lib_a-makebuf.o)
 .debug_frame   0x00002b44       0x28 c:/microsemi/softconsole_v5.1/arm-none-eabi-gcc/bin/../lib/gcc/arm-none-eabi/6.3.1/../../../../arm-none-eabi/lib/thumb/v7-m\libg_nano.a(lib_a-memchr-stub.o)
 .debug_frame   0x00002b6c       0x28 c:/microsemi/softconsole_v5.1/arm-none-eabi-gcc/bin/../lib/gcc/arm-none-eabi/6.3.1/../../../../arm-none-eabi/lib/thumb/v7-m\libg_nano.a(lib_a-memmove.o)
 .debug_frame   0x00002b94       0x30 c:/microsemi/softconsole_v5.1/arm-none-eabi-gcc/bin/../lib/gcc/arm-none-eabi/6.3.1/../../../../arm-none-eabi/lib/thumb/v7-m\libg_nano.a(lib_a-mlock.o)
 .debug_frame   0x00002bc4       0x38 c:/microsemi/softconsole_v5.1/arm-none-eabi-gcc/bin/../lib/gcc/arm-none-eabi/6.3.1/../../../../arm-none-eabi/lib/thumb/v7-m\libg_nano.a(lib_a-nano-freer.o)
 .debug_frame   0x00002bfc       0x3c c:/microsemi/softconsole_v5.1/arm-none-eabi-gcc/bin/../lib/gcc/arm-none-eabi/6.3.1/../../../../arm-none-eabi/lib/thumb/v7-m\libg_nano.a(lib_a-nano-reallocr.o)
 .debug_frame   0x00002c38       0x2c c:/microsemi/softconsole_v5.1/arm-none-eabi-gcc/bin/../lib/gcc/arm-none-eabi/6.3.1/../../../../arm-none-eabi/lib/thumb/v7-m\libg_nano.a(lib_a-readr.o)
 .debug_frame   0x00002c64       0x5c c:/microsemi/softconsole_v5.1/arm-none-eabi-gcc/bin/../lib/gcc/arm-none-eabi/6.3.1/../../../../arm-none-eabi/lib/thumb/v7-m\libg_nano.a(lib_a-reent.o)
 .debug_frame   0x00002cc0       0x2c c:/microsemi/softconsole_v5.1/arm-none-eabi-gcc/bin/../lib/gcc/arm-none-eabi/6.3.1/../../../../arm-none-eabi/lib/thumb/v7-m\libg_nano.a(lib_a-fstatr.o)
 .debug_frame   0x00002cec       0x2c c:/microsemi/softconsole_v5.1/arm-none-eabi-gcc/bin/../lib/gcc/arm-none-eabi/6.3.1/../../../../arm-none-eabi/lib/thumb/v7-m\libg_nano.a(lib_a-isattyr.o)
 .debug_frame   0x00002d18       0x20 c:/microsemi/softconsole_v5.1/arm-none-eabi-gcc/bin/../lib/gcc/arm-none-eabi/6.3.1/../../../../arm-none-eabi/lib/thumb/v7-m\libg_nano.a(lib_a-nano-msizer.o)
 .debug_frame   0x00002d38      0x33c c:/microsemi/softconsole_v5.1/arm-none-eabi-gcc/bin/../lib/gcc/arm-none-eabi/6.3.1/../../../../arm-none-eabi/lib/thumb/v7-m\librdimon_nano.a(rdimon-syscalls.o)
 .debug_frame   0x00003074       0x20 c:/microsemi/softconsole_v5.1/arm-none-eabi-gcc/bin/../lib/gcc/arm-none-eabi/6.3.1/../../../../arm-none-eabi/lib/thumb/v7-m\librdimon_nano.a(rdimon-_exit.o)
 .debug_frame   0x00003094       0x2c c:/microsemi/softconsole_v5.1/arm-none-eabi-gcc/bin/../lib/gcc/arm-none-eabi/6.3.1/../../../../arm-none-eabi/lib/thumb/v7-m\librdimon_nano.a(rdimon-_kill.o)
 .debug_frame   0x000030c0       0x20 c:/microsemi/softconsole_v5.1/arm-none-eabi-gcc/bin/../lib/gcc/arm-none-eabi/6.3.1/../../../../arm-none-eabi/lib/thumb/v7-m\libc_nano.a(lib_a-errno.o)

.debug_str      0x00000000    0x15fc9
 *(.debug_str)
 .debug_str     0x00000000     0x387a ./hal/CortexM3/cortex_nvic.o
                               0x3a0c (size before relaxing)
 .debug_str     0x0000387a     0x58a9 ./drivers_config/sys_config/sys_config.o
                               0x8ca1 (size before relaxing)
 .debug_str     0x00009123      0xa28 ./drivers/mss_sys_services/mss_comblk.o
                               0x9a6a (size before relaxing)
 .debug_str     0x00009b4b     0x556d ./drivers/mss_sys_services/mss_sys_services.o
                               0xe762 (size before relaxing)
 .debug_str     0x0000f0b8      0xae6 ./drivers/mss_spi/mss_spi.o
                               0xd2cd (size before relaxing)
 .debug_str     0x0000fb9e      0x828 ./drivers/mss_rtc/mss_rtc.o
                               0xcf0c (size before relaxing)
 .debug_str     0x000103c6      0xd4a ./drivers/mss_nvm/mss_nvm.o
                               0xa431 (size before relaxing)
 .debug_str     0x00011110      0x754 ./drivers/mss_hpdma/mss_hpdma.o
                               0xa384 (size before relaxing)
 .debug_str     0x00011864      0xf46 ./drivers/CoreUARTapb/core_uart_apb.o
                               0x48db (size before relaxing)
 .debug_str     0x000127aa      0xe48 ./drivers/CorePWM/core_pwm.o
                               0x4f4c (size before relaxing)
 .debug_str     0x000135f2      0x996 ./drivers/CoreGPIO/core_gpio.o
                               0x4a90 (size before relaxing)
 .debug_str     0x00013f88      0x4ee ./CMSIS/system_m2sxxx.o
                               0x9950 (size before relaxing)
 .debug_str     0x00014476     0x1b53 ./main.o
                               0xf0c3 (size before relaxing)

.debug_loc
 *(.debug_loc)

.debug_macinfo
 *(.debug_macinfo)

.debug_weaknames
 *(.debug_weaknames)

.debug_funcnames
 *(.debug_funcnames)

.debug_typenames
 *(.debug_typenames)

.debug_varnames
 *(.debug_varnames)

.note.gnu.arm.ident
 *(.note.gnu.arm.ident)

.ARM.attributes
                0x00000000       0x29
 *(.ARM.attributes)
 .ARM.attributes
                0x00000000       0x1d c:/microsemi/softconsole_v5.1/arm-none-eabi-gcc/bin/../lib/gcc/arm-none-eabi/6.3.1/thumb/v7-m/crti.o
 .ARM.attributes
                0x0000001d       0x2d c:/microsemi/softconsole_v5.1/arm-none-eabi-gcc/bin/../lib/gcc/arm-none-eabi/6.3.1/thumb/v7-m/crtbegin.o
 .ARM.attributes
                0x0000004a       0x1b c:/microsemi/softconsole_v5.1/arm-none-eabi-gcc/bin/../lib/gcc/arm-none-eabi/6.3.1/../../../../arm-none-eabi/lib/thumb/v7-m/rdimon-crt0.o
 .ARM.attributes
                0x00000065       0x21 ./hal/CortexM3/GNU/hal.o
 .ARM.attributes
                0x00000086       0x21 ./hal/CortexM3/GNU/hw_reg_access.o
 .ARM.attributes
                0x000000a7       0x33 ./hal/CortexM3/cortex_nvic.o
 .ARM.attributes
                0x000000da       0x33 ./drivers_config/sys_config/sys_config.o
 .ARM.attributes
                0x0000010d       0x33 ./drivers/mss_sys_services/mss_comblk.o
 .ARM.attributes
                0x00000140       0x33 ./drivers/mss_sys_services/mss_sys_services.o
 .ARM.attributes
                0x00000173       0x33 ./drivers/mss_spi/mss_spi.o
 .ARM.attributes
                0x000001a6       0x33 ./drivers/mss_rtc/mss_rtc.o
 .ARM.attributes
                0x000001d9       0x33 ./drivers/mss_nvm/mss_nvm.o
 .ARM.attributes
                0x0000020c       0x33 ./drivers/mss_hpdma/mss_hpdma.o
 .ARM.attributes
                0x0000023f       0x33 ./drivers/CoreUARTapb/core_uart_apb.o
 .ARM.attributes
                0x00000272       0x33 ./drivers/CorePWM/core_pwm.o
 .ARM.attributes
                0x000002a5       0x33 ./drivers/CoreGPIO/core_gpio.o
 .ARM.attributes
                0x000002d8       0x21 ./CMSIS/startup_gcc/startup_m2sxxx.o
 .ARM.attributes
                0x000002f9       0x33 ./CMSIS/system_m2sxxx.o
 .ARM.attributes
                0x0000032c       0x33 ./main.o
 .ARM.attributes
                0x0000035f       0x1d c:/microsemi/softconsole_v5.1/arm-none-eabi-gcc/bin/../lib/gcc/arm-none-eabi/6.3.1/thumb/v7-m\libgcc.a(_arm_addsubdf3.o)
 .ARM.attributes
                0x0000037c       0x1d c:/microsemi/softconsole_v5.1/arm-none-eabi-gcc/bin/../lib/gcc/arm-none-eabi/6.3.1/thumb/v7-m\libgcc.a(_arm_muldivdf3.o)
 .ARM.attributes
                0x00000399       0x1d c:/microsemi/softconsole_v5.1/arm-none-eabi-gcc/bin/../lib/gcc/arm-none-eabi/6.3.1/thumb/v7-m\libgcc.a(_arm_truncdfsf2.o)
 .ARM.attributes
                0x000003b6       0x1d c:/microsemi/softconsole_v5.1/arm-none-eabi-gcc/bin/../lib/gcc/arm-none-eabi/6.3.1/thumb/v7-m\libgcc.a(_arm_addsubsf3.o)
 .ARM.attributes
                0x000003d3       0x1d c:/microsemi/softconsole_v5.1/arm-none-eabi-gcc/bin/../lib/gcc/arm-none-eabi/6.3.1/thumb/v7-m\libgcc.a(_arm_cmpsf2.o)
 .ARM.attributes
                0x000003f0       0x1d c:/microsemi/softconsole_v5.1/arm-none-eabi-gcc/bin/../lib/gcc/arm-none-eabi/6.3.1/thumb/v7-m\libgcc.a(_arm_fixsfsi.o)
 .ARM.attributes
                0x0000040d       0x2d c:/microsemi/softconsole_v5.1/arm-none-eabi-gcc/bin/../lib/gcc/arm-none-eabi/6.3.1/../../../../arm-none-eabi/lib/thumb/v7-m\libg_nano.a(lib_a-exit.o)
 .ARM.attributes
                0x0000043a       0x2d c:/microsemi/softconsole_v5.1/arm-none-eabi-gcc/bin/../lib/gcc/arm-none-eabi/6.3.1/../../../../arm-none-eabi/lib/thumb/v7-m\libg_nano.a(lib_a-impure.o)
 .ARM.attributes
                0x00000467       0x2d c:/microsemi/softconsole_v5.1/arm-none-eabi-gcc/bin/../lib/gcc/arm-none-eabi/6.3.1/../../../../arm-none-eabi/lib/thumb/v7-m\libg_nano.a(lib_a-init.o)
 .ARM.attributes
                0x00000494       0x2d c:/microsemi/softconsole_v5.1/arm-none-eabi-gcc/bin/../lib/gcc/arm-none-eabi/6.3.1/../../../../arm-none-eabi/lib/thumb/v7-m\libg_nano.a(lib_a-memcpy-stub.o)
 .ARM.attributes
                0x000004c1       0x2d c:/microsemi/softconsole_v5.1/arm-none-eabi-gcc/bin/../lib/gcc/arm-none-eabi/6.3.1/../../../../arm-none-eabi/lib/thumb/v7-m\libg_nano.a(lib_a-memset.o)
 .ARM.attributes
                0x000004ee       0x2d c:/microsemi/softconsole_v5.1/arm-none-eabi-gcc/bin/../lib/gcc/arm-none-eabi/6.3.1/../../../../arm-none-eabi/lib/thumb/v7-m\libg_nano.a(lib_a-printf.o)
 .ARM.attributes
                0x0000051b       0x2d c:/microsemi/softconsole_v5.1/arm-none-eabi-gcc/bin/../lib/gcc/arm-none-eabi/6.3.1/../../../../arm-none-eabi/lib/thumb/v7-m\libg_nano.a(lib_a-findfp.o)
 .ARM.attributes
                0x00000548       0x2d c:/microsemi/softconsole_v5.1/arm-none-eabi-gcc/bin/../lib/gcc/arm-none-eabi/6.3.1/../../../../arm-none-eabi/lib/thumb/v7-m\libg_nano.a(lib_a-fwalk.o)
 .ARM.attributes
                0x00000575       0x2d c:/microsemi/softconsole_v5.1/arm-none-eabi-gcc/bin/../lib/gcc/arm-none-eabi/6.3.1/../../../../arm-none-eabi/lib/thumb/v7-m\libg_nano.a(lib_a-nano-mallocr.o)
 .ARM.attributes
                0x000005a2       0x2d c:/microsemi/softconsole_v5.1/arm-none-eabi-gcc/bin/../lib/gcc/arm-none-eabi/6.3.1/../../../../arm-none-eabi/lib/thumb/v7-m\libg_nano.a(lib_a-nano-vfprintf.o)
 .ARM.attributes
                0x000005cf       0x2d c:/microsemi/softconsole_v5.1/arm-none-eabi-gcc/bin/../lib/gcc/arm-none-eabi/6.3.1/../../../../arm-none-eabi/lib/thumb/v7-m\libg_nano.a(lib_a-nano-vfprintf_i.o)
 .ARM.attributes
                0x000005fc       0x2d c:/microsemi/softconsole_v5.1/arm-none-eabi-gcc/bin/../lib/gcc/arm-none-eabi/6.3.1/../../../../arm-none-eabi/lib/thumb/v7-m\libg_nano.a(lib_a-sbrkr.o)
 .ARM.attributes
                0x00000629       0x2d c:/microsemi/softconsole_v5.1/arm-none-eabi-gcc/bin/../lib/gcc/arm-none-eabi/6.3.1/../../../../arm-none-eabi/lib/thumb/v7-m\libg_nano.a(lib_a-stdio.o)
 .ARM.attributes
                0x00000656       0x2d c:/microsemi/softconsole_v5.1/arm-none-eabi-gcc/bin/../lib/gcc/arm-none-eabi/6.3.1/../../../../arm-none-eabi/lib/thumb/v7-m\libg_nano.a(lib_a-wbuf.o)
 .ARM.attributes
                0x00000683       0x2d c:/microsemi/softconsole_v5.1/arm-none-eabi-gcc/bin/../lib/gcc/arm-none-eabi/6.3.1/../../../../arm-none-eabi/lib/thumb/v7-m\libg_nano.a(lib_a-writer.o)
 .ARM.attributes
                0x000006b0       0x2d c:/microsemi/softconsole_v5.1/arm-none-eabi-gcc/bin/../lib/gcc/arm-none-eabi/6.3.1/../../../../arm-none-eabi/lib/thumb/v7-m\libg_nano.a(lib_a-wsetup.o)
 .ARM.attributes
                0x000006dd       0x2d c:/microsemi/softconsole_v5.1/arm-none-eabi-gcc/bin/../lib/gcc/arm-none-eabi/6.3.1/../../../../arm-none-eabi/lib/thumb/v7-m\libg_nano.a(lib_a-closer.o)
 .ARM.attributes
                0x0000070a       0x2d c:/microsemi/softconsole_v5.1/arm-none-eabi-gcc/bin/../lib/gcc/arm-none-eabi/6.3.1/../../../../arm-none-eabi/lib/thumb/v7-m\libg_nano.a(lib_a-fflush.o)
 .ARM.attributes
                0x00000737       0x2d c:/microsemi/softconsole_v5.1/arm-none-eabi-gcc/bin/../lib/gcc/arm-none-eabi/6.3.1/../../../../arm-none-eabi/lib/thumb/v7-m\libg_nano.a(lib_a-fvwrite.o)
 .ARM.attributes
                0x00000764       0x2d c:/microsemi/softconsole_v5.1/arm-none-eabi-gcc/bin/../lib/gcc/arm-none-eabi/6.3.1/../../../../arm-none-eabi/lib/thumb/v7-m\libg_nano.a(lib_a-lseekr.o)
 .ARM.attributes
                0x00000791       0x2d c:/microsemi/softconsole_v5.1/arm-none-eabi-gcc/bin/../lib/gcc/arm-none-eabi/6.3.1/../../../../arm-none-eabi/lib/thumb/v7-m\libg_nano.a(lib_a-makebuf.o)
 .ARM.attributes
                0x000007be       0x2d c:/microsemi/softconsole_v5.1/arm-none-eabi-gcc/bin/../lib/gcc/arm-none-eabi/6.3.1/../../../../arm-none-eabi/lib/thumb/v7-m\libg_nano.a(lib_a-memchr-stub.o)
 .ARM.attributes
                0x000007eb       0x2d c:/microsemi/softconsole_v5.1/arm-none-eabi-gcc/bin/../lib/gcc/arm-none-eabi/6.3.1/../../../../arm-none-eabi/lib/thumb/v7-m\libg_nano.a(lib_a-memmove.o)
 .ARM.attributes
                0x00000818       0x2d c:/microsemi/softconsole_v5.1/arm-none-eabi-gcc/bin/../lib/gcc/arm-none-eabi/6.3.1/../../../../arm-none-eabi/lib/thumb/v7-m\libg_nano.a(lib_a-mlock.o)
 .ARM.attributes
                0x00000845       0x2d c:/microsemi/softconsole_v5.1/arm-none-eabi-gcc/bin/../lib/gcc/arm-none-eabi/6.3.1/../../../../arm-none-eabi/lib/thumb/v7-m\libg_nano.a(lib_a-nano-freer.o)
 .ARM.attributes
                0x00000872       0x2d c:/microsemi/softconsole_v5.1/arm-none-eabi-gcc/bin/../lib/gcc/arm-none-eabi/6.3.1/../../../../arm-none-eabi/lib/thumb/v7-m\libg_nano.a(lib_a-nano-reallocr.o)
 .ARM.attributes
                0x0000089f       0x2d c:/microsemi/softconsole_v5.1/arm-none-eabi-gcc/bin/../lib/gcc/arm-none-eabi/6.3.1/../../../../arm-none-eabi/lib/thumb/v7-m\libg_nano.a(lib_a-readr.o)
 .ARM.attributes
                0x000008cc       0x2d c:/microsemi/softconsole_v5.1/arm-none-eabi-gcc/bin/../lib/gcc/arm-none-eabi/6.3.1/../../../../arm-none-eabi/lib/thumb/v7-m\libg_nano.a(lib_a-reent.o)
 .ARM.attributes
                0x000008f9       0x2d c:/microsemi/softconsole_v5.1/arm-none-eabi-gcc/bin/../lib/gcc/arm-none-eabi/6.3.1/../../../../arm-none-eabi/lib/thumb/v7-m\libg_nano.a(lib_a-fstatr.o)
 .ARM.attributes
                0x00000926       0x2d c:/microsemi/softconsole_v5.1/arm-none-eabi-gcc/bin/../lib/gcc/arm-none-eabi/6.3.1/../../../../arm-none-eabi/lib/thumb/v7-m\libg_nano.a(lib_a-isattyr.o)
 .ARM.attributes
                0x00000953       0x2d c:/microsemi/softconsole_v5.1/arm-none-eabi-gcc/bin/../lib/gcc/arm-none-eabi/6.3.1/../../../../arm-none-eabi/lib/thumb/v7-m\libg_nano.a(lib_a-nano-msizer.o)
 .ARM.attributes
                0x00000980       0x2d c:/microsemi/softconsole_v5.1/arm-none-eabi-gcc/bin/../lib/gcc/arm-none-eabi/6.3.1/../../../../arm-none-eabi/lib/thumb/v7-m\librdimon_nano.a(rdimon-syscalls.o)
 .ARM.attributes
                0x000009ad       0x2d c:/microsemi/softconsole_v5.1/arm-none-eabi-gcc/bin/../lib/gcc/arm-none-eabi/6.3.1/../../../../arm-none-eabi/lib/thumb/v7-m\librdimon_nano.a(rdimon-_exit.o)
 .ARM.attributes
                0x000009da       0x2d c:/microsemi/softconsole_v5.1/arm-none-eabi-gcc/bin/../lib/gcc/arm-none-eabi/6.3.1/../../../../arm-none-eabi/lib/thumb/v7-m\librdimon_nano.a(rdimon-_kill.o)
 .ARM.attributes
                0x00000a07       0x2d c:/microsemi/softconsole_v5.1/arm-none-eabi-gcc/bin/../lib/gcc/arm-none-eabi/6.3.1/../../../../arm-none-eabi/lib/thumb/v7-m\libc_nano.a(lib_a-errno.o)
 .ARM.attributes
                0x00000a34       0x17 c:/microsemi/softconsole_v5.1/arm-none-eabi-gcc/bin/../lib/gcc/arm-none-eabi/6.3.1/../../../../arm-none-eabi/lib/thumb/v7-m\libc_nano.a(lib_a-strlen.o)
 .ARM.attributes
                0x00000a4b       0x2d c:/microsemi/softconsole_v5.1/arm-none-eabi-gcc/bin/../lib/gcc/arm-none-eabi/6.3.1/thumb/v7-m/crtend.o
 .ARM.attributes
                0x00000a78       0x1d c:/microsemi/softconsole_v5.1/arm-none-eabi-gcc/bin/../lib/gcc/arm-none-eabi/6.3.1/thumb/v7-m/crtn.o

/DISCARD/
 *(.note.GNU-stack)
 *(.isr_vector)
OUTPUT(FCBBaseDesign.elf elf32-littlearm)

.debug_ranges   0x00000000      0x838
 .debug_ranges  0x00000000       0x38 ./hal/CortexM3/cortex_nvic.o
 .debug_ranges  0x00000038       0xd0 ./drivers/mss_sys_services/mss_comblk.o
 .debug_ranges  0x00000108      0x1b8 ./drivers/mss_sys_services/mss_sys_services.o
 .debug_ranges  0x000002c0       0xd0 ./drivers/mss_spi/mss_spi.o
 .debug_ranges  0x00000390       0xc8 ./drivers/mss_rtc/mss_rtc.o
 .debug_ranges  0x00000458       0x70 ./drivers/mss_nvm/mss_nvm.o
 .debug_ranges  0x000004c8       0x70 ./drivers/mss_hpdma/mss_hpdma.o
 .debug_ranges  0x00000538       0x38 ./drivers/CoreUARTapb/core_uart_apb.o
 .debug_ranges  0x00000570       0xa8 ./drivers/CorePWM/core_pwm.o
 .debug_ranges  0x00000618       0x58 ./drivers/CoreGPIO/core_gpio.o
 .debug_ranges  0x00000670       0x58 ./CMSIS/system_m2sxxx.o
 .debug_ranges  0x000006c8      0x170 ./main.o

.debug_macro    0x00000000     0x4d3c
 .debug_macro   0x00000000       0xb7 ./hal/CortexM3/cortex_nvic.o
 .debug_macro   0x000000b7      0x898 ./hal/CortexM3/cortex_nvic.o
 .debug_macro   0x0000094f       0x22 ./hal/CortexM3/cortex_nvic.o
 .debug_macro   0x00000971       0x87 ./hal/CortexM3/cortex_nvic.o
 .debug_macro   0x000009f8       0x51 ./hal/CortexM3/cortex_nvic.o
 .debug_macro   0x00000a49       0xef ./hal/CortexM3/cortex_nvic.o
 .debug_macro   0x00000b38       0x6a ./hal/CortexM3/cortex_nvic.o
 .debug_macro   0x00000ba2      0x1df ./hal/CortexM3/cortex_nvic.o
 .debug_macro   0x00000d81       0x58 ./hal/CortexM3/cortex_nvic.o
 .debug_macro   0x00000dd9       0x35 ./hal/CortexM3/cortex_nvic.o
 .debug_macro   0x00000e0e       0x9c ./hal/CortexM3/cortex_nvic.o
 .debug_macro   0x00000eaa       0x1c ./hal/CortexM3/cortex_nvic.o
 .debug_macro   0x00000ec6       0xc7 ./drivers_config/sys_config/sys_config.o
 .debug_macro   0x00000f8d       0x26 ./drivers_config/sys_config/sys_config.o
 .debug_macro   0x00000fb3       0x34 ./drivers_config/sys_config/sys_config.o
 .debug_macro   0x00000fe7       0x34 ./drivers_config/sys_config/sys_config.o
 .debug_macro   0x0000101b      0xca6 ./drivers_config/sys_config/sys_config.o
 .debug_macro   0x00001cc1      0x265 ./drivers_config/sys_config/sys_config.o
 .debug_macro   0x00001f26       0x3a ./drivers_config/sys_config/sys_config.o
 .debug_macro   0x00001f60       0x34 ./drivers_config/sys_config/sys_config.o
 .debug_macro   0x00001f94      0x169 ./drivers/mss_sys_services/mss_comblk.o
 .debug_macro   0x000020fd      0x3eb ./drivers/mss_sys_services/mss_sys_services.o
 .debug_macro   0x000024e8      0x2f8 ./drivers/mss_sys_services/mss_sys_services.o
 .debug_macro   0x000027e0      0x174 ./drivers/mss_sys_services/mss_sys_services.o
 .debug_macro   0x00002954       0x58 ./drivers/mss_sys_services/mss_sys_services.o
 .debug_macro   0x000029ac       0x1f ./drivers/mss_sys_services/mss_sys_services.o
 .debug_macro   0x000029cb       0x43 ./drivers/mss_sys_services/mss_sys_services.o
 .debug_macro   0x00002a0e       0x20 ./drivers/mss_sys_services/mss_sys_services.o
 .debug_macro   0x00002a2e      0x187 ./drivers/mss_sys_services/mss_sys_services.o
 .debug_macro   0x00002bb5      0x30d ./drivers/mss_sys_services/mss_sys_services.o
 .debug_macro   0x00002ec2       0x10 ./drivers/mss_sys_services/mss_sys_services.o
 .debug_macro   0x00002ed2       0x35 ./drivers/mss_sys_services/mss_sys_services.o
 .debug_macro   0x00002f07      0x261 ./drivers/mss_spi/mss_spi.o
 .debug_macro   0x00003168      0x229 ./drivers/mss_rtc/mss_rtc.o
 .debug_macro   0x00003391       0x4a ./drivers/mss_rtc/mss_rtc.o
 .debug_macro   0x000033db      0x2b0 ./drivers/mss_nvm/mss_nvm.o
 .debug_macro   0x0000368b       0x16 ./drivers/mss_nvm/mss_nvm.o
 .debug_macro   0x000036a1      0x152 ./drivers/mss_hpdma/mss_hpdma.o
 .debug_macro   0x000037f3       0x52 ./drivers/mss_hpdma/mss_hpdma.o
 .debug_macro   0x00003845       0x8d ./drivers/mss_hpdma/mss_hpdma.o
 .debug_macro   0x000038d2       0x57 ./drivers/mss_hpdma/mss_hpdma.o
 .debug_macro   0x00003929       0x10 ./drivers/mss_hpdma/mss_hpdma.o
 .debug_macro   0x00003939      0x128 ./drivers/CoreUARTapb/core_uart_apb.o
 .debug_macro   0x00003a61       0x64 ./drivers/CoreUARTapb/core_uart_apb.o
 .debug_macro   0x00003ac5      0x106 ./drivers/CoreUARTapb/core_uart_apb.o
 .debug_macro   0x00003bcb       0x46 ./drivers/CoreUARTapb/core_uart_apb.o
 .debug_macro   0x00003c11      0x10c ./drivers/CorePWM/core_pwm.o
 .debug_macro   0x00003d1d       0x12 ./drivers/CorePWM/core_pwm.o
 .debug_macro   0x00003d2f      0x191 ./drivers/CorePWM/core_pwm.o
 .debug_macro   0x00003ec0      0x11c ./drivers/CoreGPIO/core_gpio.o
 .debug_macro   0x00003fdc      0x11c ./drivers/CoreGPIO/core_gpio.o
 .debug_macro   0x000040f8       0x64 ./drivers/CoreGPIO/core_gpio.o
 .debug_macro   0x0000415c      0x173 ./CMSIS/system_m2sxxx.o
 .debug_macro   0x000042cf      0x3af ./main.o
 .debug_macro   0x0000467e       0x22 ./main.o
 .debug_macro   0x000046a0       0x3a ./main.o
 .debug_macro   0x000046da      0x122 ./main.o
 .debug_macro   0x000047fc       0x16 ./main.o
 .debug_macro   0x00004812       0x97 ./main.o
 .debug_macro   0x000048a9       0xfd ./main.o
 .debug_macro   0x000049a6       0x10 ./main.o
 .debug_macro   0x000049b6       0x10 ./main.o
 .debug_macro   0x000049c6       0x1c ./main.o
 .debug_macro   0x000049e2       0x52 ./main.o
 .debug_macro   0x00004a34       0x40 ./main.o
 .debug_macro   0x00004a74       0x10 ./main.o
 .debug_macro   0x00004a84       0x40 ./main.o
 .debug_macro   0x00004ac4       0xd7 ./main.o
 .debug_macro   0x00004b9b       0x16 ./main.o
 .debug_macro   0x00004bb1      0x18b ./main.o

.comment        0x00000000       0x7f
 .comment       0x00000000       0x7f ./hal/CortexM3/cortex_nvic.o
                                 0x80 (size before relaxing)
 .comment       0x0000007f       0x80 ./drivers_config/sys_config/sys_config.o
 .comment       0x0000007f       0x80 ./drivers/mss_sys_services/mss_comblk.o
 .comment       0x0000007f       0x80 ./drivers/mss_sys_services/mss_sys_services.o
 .comment       0x0000007f       0x80 ./drivers/mss_spi/mss_spi.o
 .comment       0x0000007f       0x80 ./drivers/mss_rtc/mss_rtc.o
 .comment       0x0000007f       0x80 ./drivers/mss_nvm/mss_nvm.o
 .comment       0x0000007f       0x80 ./drivers/mss_hpdma/mss_hpdma.o
 .comment       0x0000007f       0x80 ./drivers/CoreUARTapb/core_uart_apb.o
 .comment       0x0000007f       0x80 ./drivers/CorePWM/core_pwm.o
 .comment       0x0000007f       0x80 ./drivers/CoreGPIO/core_gpio.o
 .comment       0x0000007f       0x80 ./CMSIS/system_m2sxxx.o
 .comment       0x0000007f       0x80 ./main.o
